Component: ARM Compiler 5.06 update 5 (build 528) Tool: armlink [4d35e2]

==============================================================================

Section Cross References

    startup_stm32f401xe.o(STACK) refers (Special) to heapauxi.o(.text) for __use_two_region_memory
    startup_stm32f401xe.o(HEAP) refers (Special) to heapauxi.o(.text) for __use_two_region_memory
    startup_stm32f401xe.o(RESET) refers (Special) to heapauxi.o(.text) for __use_two_region_memory
    startup_stm32f401xe.o(RESET) refers to startup_stm32f401xe.o(STACK) for __initial_sp
    startup_stm32f401xe.o(RESET) refers to startup_stm32f401xe.o(.text) for Reset_Handler
    startup_stm32f401xe.o(RESET) refers to stm32f4xx_it.o(i.NMI_Handler) for NMI_Handler
    startup_stm32f401xe.o(RESET) refers to stm32f4xx_it.o(i.HardFault_Handler) for HardFault_Handler
    startup_stm32f401xe.o(RESET) refers to stm32f4xx_it.o(i.MemManage_Handler) for MemManage_Handler
    startup_stm32f401xe.o(RESET) refers to stm32f4xx_it.o(i.BusFault_Handler) for BusFault_Handler
    startup_stm32f401xe.o(RESET) refers to stm32f4xx_it.o(i.UsageFault_Handler) for UsageFault_Handler
    startup_stm32f401xe.o(RESET) refers to stm32f4xx_it.o(i.SVC_Handler) for SVC_Handler
    startup_stm32f401xe.o(RESET) refers to stm32f4xx_it.o(i.DebugMon_Handler) for DebugMon_Handler
    startup_stm32f401xe.o(RESET) refers to os_cpu_a.o(.text) for PendSV_Handler
    startup_stm32f401xe.o(RESET) refers to os_cpu_c.o(i.SysTick_Handler) for SysTick_Handler
    startup_stm32f401xe.o(RESET) refers to ic.o(i.TIM4_IRQHandler) for TIM4_IRQHandler
    startup_stm32f401xe.o(RESET) refers to serial.o(i.USART1_IRQHandler) for USART1_IRQHandler
    startup_stm32f401xe.o(.text) refers (Special) to heapauxi.o(.text) for __use_two_region_memory
    startup_stm32f401xe.o(.text) refers to system_stm32f4xx.o(i.SystemInit) for SystemInit
    startup_stm32f401xe.o(.text) refers to __main.o(!!!main) for __main
    startup_stm32f401xe.o(.text) refers to startup_stm32f401xe.o(HEAP) for Heap_Mem
    startup_stm32f401xe.o(.text) refers to startup_stm32f401xe.o(STACK) for Stack_Mem
    system_stm32f4xx.o(i.SystemCoreClockUpdate) refers to system_stm32f4xx.o(.data) for SystemCoreClock
    system_stm32f4xx.o(i.SystemInit) refers to system_stm32f4xx.o(i.SetSysClock) for SetSysClock
    stm32f4xx_adc.o(i.ADC_DeInit) refers to stm32f4xx_rcc.o(i.RCC_APB2PeriphResetCmd) for RCC_APB2PeriphResetCmd
    stm32f4xx_can.o(i.CAN_DeInit) refers to stm32f4xx_rcc.o(i.RCC_APB1PeriphResetCmd) for RCC_APB1PeriphResetCmd
    stm32f4xx_can.o(i.CAN_GetITStatus) refers to stm32f4xx_can.o(i.CheckITStatus) for CheckITStatus
    stm32f4xx_cryp.o(i.CRYP_DeInit) refers to stm32f4xx_rcc.o(i.RCC_AHB2PeriphResetCmd) for RCC_AHB2PeriphResetCmd
    stm32f4xx_cryp_aes.o(i.CRYP_AES_CBC) refers to stm32f4xx_cryp.o(i.CRYP_KeyStructInit) for CRYP_KeyStructInit
    stm32f4xx_cryp_aes.o(i.CRYP_AES_CBC) refers to stm32f4xx_cryp.o(i.CRYP_FIFOFlush) for CRYP_FIFOFlush
    stm32f4xx_cryp_aes.o(i.CRYP_AES_CBC) refers to stm32f4xx_cryp.o(i.CRYP_Init) for CRYP_Init
    stm32f4xx_cryp_aes.o(i.CRYP_AES_CBC) refers to stm32f4xx_cryp.o(i.CRYP_KeyInit) for CRYP_KeyInit
    stm32f4xx_cryp_aes.o(i.CRYP_AES_CBC) refers to stm32f4xx_cryp.o(i.CRYP_Cmd) for CRYP_Cmd
    stm32f4xx_cryp_aes.o(i.CRYP_AES_CBC) refers to stm32f4xx_cryp.o(i.CRYP_GetFlagStatus) for CRYP_GetFlagStatus
    stm32f4xx_cryp_aes.o(i.CRYP_AES_CBC) refers to stm32f4xx_cryp.o(i.CRYP_IVInit) for CRYP_IVInit
    stm32f4xx_cryp_aes.o(i.CRYP_AES_CBC) refers to stm32f4xx_cryp.o(i.CRYP_GetCmdStatus) for CRYP_GetCmdStatus
    stm32f4xx_cryp_aes.o(i.CRYP_AES_CBC) refers to stm32f4xx_cryp.o(i.CRYP_DataIn) for CRYP_DataIn
    stm32f4xx_cryp_aes.o(i.CRYP_AES_CBC) refers to stm32f4xx_cryp.o(i.CRYP_DataOut) for CRYP_DataOut
    stm32f4xx_cryp_aes.o(i.CRYP_AES_CCM) refers to stm32f4xx_cryp.o(i.CRYP_KeyStructInit) for CRYP_KeyStructInit
    stm32f4xx_cryp_aes.o(i.CRYP_AES_CCM) refers to stm32f4xx_cryp.o(i.CRYP_FIFOFlush) for CRYP_FIFOFlush
    stm32f4xx_cryp_aes.o(i.CRYP_AES_CCM) refers to stm32f4xx_cryp.o(i.CRYP_KeyInit) for CRYP_KeyInit
    stm32f4xx_cryp_aes.o(i.CRYP_AES_CCM) refers to stm32f4xx_cryp.o(i.CRYP_IVInit) for CRYP_IVInit
    stm32f4xx_cryp_aes.o(i.CRYP_AES_CCM) refers to stm32f4xx_cryp.o(i.CRYP_Init) for CRYP_Init
    stm32f4xx_cryp_aes.o(i.CRYP_AES_CCM) refers to stm32f4xx_cryp.o(i.CRYP_PhaseConfig) for CRYP_PhaseConfig
    stm32f4xx_cryp_aes.o(i.CRYP_AES_CCM) refers to stm32f4xx_cryp.o(i.CRYP_DataIn) for CRYP_DataIn
    stm32f4xx_cryp_aes.o(i.CRYP_AES_CCM) refers to stm32f4xx_cryp.o(i.CRYP_Cmd) for CRYP_Cmd
    stm32f4xx_cryp_aes.o(i.CRYP_AES_CCM) refers to stm32f4xx_cryp.o(i.CRYP_GetCmdStatus) for CRYP_GetCmdStatus
    stm32f4xx_cryp_aes.o(i.CRYP_AES_CCM) refers to stm32f4xx_cryp.o(i.CRYP_GetFlagStatus) for CRYP_GetFlagStatus
    stm32f4xx_cryp_aes.o(i.CRYP_AES_CCM) refers to stm32f4xx_cryp.o(i.CRYP_DataOut) for CRYP_DataOut
[...]
    maptable                                 0x08004aa8   Data          17  __printf_flags_ss_wp.o(.constdata)
    .data                                    0x20000000   Section       16  stm32f4xx_rcc.o(.data)
    APBAHBPrescTable                         0x20000000   Data          16  stm32f4xx_rcc.o(.data)
    .data                                    0x20000010   Section        4  delay.o(.data)
    fac_us                                   0x20000010   Data           1  delay.o(.data)
    fac_ms                                   0x20000012   Data           2  delay.o(.data)
    .data                                    0x20000014   Section       21  segger_sysview.o(.data)
    _DownBuffer                              0x2000001c   Data           8  segger_sysview.o(.data)
    _pFirstModule                            0x20000024   Data           4  segger_sysview.o(.data)
    _NumModules                              0x20000028   Data           1  segger_sysview.o(.data)
    .data                                    0x2000002c   Section        8  segger_sysview_ucosii.o(.data)
    _NumTasks                                0x2000002c   Data           4  segger_sysview_ucosii.o(.data)
    _NumResources                            0x20000030   Data           4  segger_sysview_ucosii.o(.data)
    .data                                    0x20000034   Section       76  os_core.o(.data)
    .data                                    0x20000080   Section        4  os_cpu_c.o(.data)
    .data                                    0x20000084   Section       12  ic.o(.data)
    .data                                    0x20000090   Section        8  serial.o(.data)
    .data                                    0x20000098   Section        6  main.o(.data)
    .bss                                     0x200000a0   Section     4280  segger_rtt.o(.bss)
    _acUpBuffer                              0x20000148   Data        4096  segger_rtt.o(.bss)
    _acDownBuffer                            0x20001148   Data          16  segger_rtt.o(.bss)
    .bss                                     0x20001158   Section     4363  segger_sysview.o(.bss)
    _UpBuffer                                0x20001158   Data        4096  segger_sysview.o(.bss)
    _SYSVIEW_Globals                         0x20002158   Data          40  segger_sysview.o(.bss)
    _aPacket                                 0x20002180   Data         227  segger_sysview.o(.bss)
    .bss                                     0x20002264   Section     3712  segger_sysview_ucosii.o(.bss)
    _aTasks                                  0x20002264   Data         640  segger_sysview_ucosii.o(.bss)
    _aResources                              0x200024e4   Data        3072  segger_sysview_ucosii.o(.bss)
    .bss                                     0x200030e4   Section     3872  os_core.o(.bss)
    .bss                                     0x20004004   Section      512  os_cpu_c.o(.bss)
    .bss                                     0x20004204   Section       16  ic.o(.bss)
    .bss                                     0x20004214   Section     2364  main.o(.bss)
    .bss                                     0x20004b50   Section       96  libspace.o(.bss)
    HEAP                                     0x20004bb0   Section      512  startup_stm32f401xe.o(HEAP)
    Heap_Mem                                 0x20004bb0   Data         512  startup_stm32f401xe.o(HEAP)
    STACK                                    0x20004db0   Section     1024  startup_stm32f401xe.o(STACK)
    Stack_Mem                                0x20004db0   Data        1024  startup_stm32f401xe.o(STACK)
    __initial_sp                             0x200051b0   Data           0  startup_stm32f401xe.o(STACK)

    Global Symbols

    Symbol Name                              Value     Ov Type        Size  Object(Section)

    BuildAttributes$$THM_ISAv4$E$P$D$K$B$S$7EM$VFPi3$EXTD16$VFPS$VFMA$PE$A:L22UL41UL21$X:L11$S22US41US21$IEEE1$IW$USESV6$~STKCKD$USESV7$~SHL$OTIME$ROPI$IEEEJ$EBA8$UX$STANDARDLIB$REQ8$PRES8$EABIv2 0x00000000   Number         0  anon$$obj.o ABSOLUTE
    __ARM_use_no_argv                        0x00000000   Number         0  main.o ABSOLUTE
    _printf_flags                            0x00000000   Number         0  printf_stubs.o ABSOLUTE
    _printf_return_value                     0x00000000   Number         0  printf_stubs.o ABSOLUTE
    _printf_sizespec                         0x00000000   Number         0  printf_stubs.o ABSOLUTE
    _printf_widthprec                        0x00000000   Number         0  printf_stubs.o ABSOLUTE
    __ARM_exceptions_init                     - Undefined Weak Reference
    __alloca_initialize                       - Undefined Weak Reference
    __arm_preinit_                            - Undefined Weak Reference
    __cpp_initialize__aeabi_                  - Undefined Weak Reference
    __cxa_finalize                            - Undefined Weak Reference
    __sigvec_lookup                           - Undefined Weak Reference
    _atexit_init                              - Undefined Weak Reference
    _call_atexit_fns                          - Undefined Weak Reference
    _clock_init                               - Undefined Weak Reference
    _fp_trap_init                             - Undefined Weak Reference
    _fp_trap_shutdown                         - Undefined Weak Reference
    _get_lc_collate                           - Undefined Weak Reference
    _get_lc_monetary                          - Undefined Weak Reference
    _get_lc_time                              - Undefined Weak Reference
    _getenv_init                              - Undefined Weak Reference
    _handle_redirection                       - Undefined Weak Reference
    _init_alloc                               - Undefined Weak Reference
    _init_user_alloc                          - Undefined Weak Reference
    _initio                                   - Undefined Weak Reference
    _mutex_acquire                            - Undefined Weak Reference
    _mutex_release                            - Undefined Weak Reference
    _printf_mbtowc                            - Undefined Weak Reference
    _printf_wc                                - Undefined Weak Reference
    _rand_init                                - Undefined Weak Reference
    _signal_finish                            - Undefined Weak Reference
    _signal_init                              - Undefined Weak Reference
    _terminate_alloc                          - Undefined Weak Reference
    _terminate_user_alloc                     - Undefined Weak Reference
    _terminateio                              - Undefined Weak Reference
    __Vectors_Size                           0x00000194   Number         0  startup_stm32f401xe.o ABSOLUTE
    __Vectors                                0x08000000   Data           4  startup_stm32f401xe.o(RESET)
    __Vectors_End                            0x08000194   Data           0  startup_stm32f401xe.o(RESET)
    __main                                   0x08000195   Thumb Code     8  __main.o(!!!main)
    __scatterload                            0x0800019d   Thumb Code     0  __scatter.o(!!!scatter)
    __scatterload_rt2                        0x0800019d   Thumb Code    44  __scatter.o(!!!scatter)
    __scatterload_rt2_thumb_only             0x0800019d   Thumb Code     0  __scatter.o(!!!scatter)
    __scatterload_null                       0x080001ab   Thumb Code     0  __scatter.o(!!!scatter)
    __scatterload_copy                       0x080001d1   Thumb Code    26  __scatter_copy.o(!!handler_copy)
    __scatterload_zeroinit                   0x080001ed   Thumb Code    28  __scatter_zi.o(!!handler_zi)
    _printf_d                                0x08000209   Thumb Code     0  _printf_d.o(.ARM.Collect$$_printf_percent$$00000009)
    _printf_percent                          0x08000209   Thumb Code     0  _printf_percent.o(.ARM.Collect$$_printf_percent$$00000000)
    _printf_percent_end                      0x0800020f   Thumb Code     0  _printf_percent_end.o(.ARM.Collect$$_printf_percent$$00000017)
    __rt_lib_init                            0x08000213   Thumb Code     0  libinit.o(.ARM.Collect$$libinit$$00000000)
    __rt_lib_init_fp_1                       0x08000215   Thumb Code     0  libinit2.o(.ARM.Collect$$libinit$$00000001)
    __rt_lib_init_alloca_1                   0x08000219   Thumb Code     0  libinit2.o(.ARM.Collect$$libinit$$0000002E)
    __rt_lib_init_argv_1                     0x08000219   Thumb Code     0  libinit2.o(.ARM.Collect$$libinit$$0000002C)
    __rt_lib_init_atexit_1                   0x08000219   Thumb Code     0  libinit2.o(.ARM.Collect$$libinit$$0000001B)
    __rt_lib_init_clock_1                    0x08000219   Thumb Code     0  libinit2.o(.ARM.Collect$$libinit$$00000021)
    __rt_lib_init_cpp_1                      0x08000219   Thumb Code     0  libinit2.o(.ARM.Collect$$libinit$$00000032)
    __rt_lib_init_exceptions_1               0x08000219   Thumb Code     0  libinit2.o(.ARM.Collect$$libinit$$00000030)
    __rt_lib_init_fp_trap_1                  0x08000219   Thumb Code     0  libinit2.o(.ARM.Collect$$libinit$$0000001F)
    __rt_lib_init_getenv_1                   0x08000219   Thumb Code     0  libinit2.o(.ARM.Collect$$libinit$$00000023)
    __rt_lib_init_heap_1                     0x08000219   Thumb Code     0  libinit2.o(.ARM.Collect$$libinit$$0000000A)
    __rt_lib_init_lc_collate_1               0x08000219   Thumb Code     0  libinit2.o(.ARM.Collect$$libinit$$00000011)
    __rt_lib_init_lc_ctype_1                 0x08000219   Thumb Code     0  libinit2.o(.ARM.Collect$$libinit$$00000013)
    __rt_lib_init_lc_monetary_1              0x08000219   Thumb Code     0  libinit2.o(.ARM.Collect$$libinit$$00000015)
    __rt_lib_init_lc_numeric_1               0x08000219   Thumb Code     0  libinit2.o(.ARM.Collect$$libinit$$00000017)
    __rt_lib_init_lc_time_1                  0x08000219   Thumb Code     0  libinit2.o(.ARM.Collect$$libinit$$00000019)
    __rt_lib_init_preinit_1                  0x08000219   Thumb Code     0  libinit2.o(.ARM.Collect$$libinit$$00000004)
    __rt_lib_init_rand_1                     0x08000219   Thumb Code     0  libinit2.o(.ARM.Collect$$libinit$$0000000E)
    __rt_lib_init_return                     0x08000219   Thumb Code     0  libinit2.o(.ARM.Collect$$libinit$$00000033)
    __rt_lib_init_signal_1                   0x08000219   Thumb Code     0  libinit2.o(.ARM.Collect$$libinit$$0000001D)
    __rt_lib_init_stdio_1                    0x08000219   Thumb Code     0  libinit2.o(.ARM.Collect$$libinit$$00000025)
    __rt_lib_init_user_alloc_1               0x08000219   Thumb Code     0  libinit2.o(.ARM.Collect$$libinit$$0000000C)
    __rt_lib_shutdown                        0x0800021b   Thumb Code     0  libshutdown.o(.ARM.Collect$$libshutdown$$00000000)
    __rt_lib_shutdown_cpp_1                  0x0800021d   Thumb Code     0  libshutdown2.o(.ARM.Collect$$libshutdown$$00000002)
    __rt_lib_shutdown_fp_trap_1              0x0800021d   Thumb Code     0  libshutdown2.o(.ARM.Collect$$libshutdown$$00000007)
    __rt_lib_shutdown_heap_1                 0x0800021d   Thumb Code     0  libshutdown2.o(.ARM.Collect$$libshutdown$$0000000F)
    __rt_lib_shutdown_return                 0x0800021d   Thumb Code     0  libshutdown2.o(.ARM.Collect$$libshutdown$$00000010)
    __rt_lib_shutdown_signal_1               0x0800021d   Thumb Code     0  libshutdown2.o(.ARM.Collect$$libshutdown$$0000000A)
    __rt_lib_shutdown_stdio_1                0x0800021d   Thumb Code     0  libshutdown2.o(.ARM.Collect$$libshutdown$$00000004)
    __rt_lib_shutdown_user_alloc_1           0x0800021d   Thumb Code     0  libshutdown2.o(.ARM.Collect$$libshutdown$$0000000C)
    __rt_entry                               0x0800021f   Thumb Code     0  __rtentry.o(.ARM.Collect$$rtentry$$00000000)
    __rt_entry_presh_1                       0x0800021f   Thumb Code     0  __rtentry2.o(.ARM.Collect$$rtentry$$00000002)
    __rt_entry_sh                            0x0800021f   Thumb Code     0  __rtentry4.o(.ARM.Collect$$rtentry$$00000004)
    __rt_entry_li                            0x08000225   Thumb Code     0  __rtentry2.o(.ARM.Collect$$rtentry$$0000000A)
    __rt_entry_postsh_1                      0x08000225   Thumb Code     0  __rtentry2.o(.ARM.Collect$$rtentry$$00000009)
    __rt_entry_main                          0x08000229   Thumb Code     0  __rtentry2.o(.ARM.Collect$$rtentry$$0000000D)
    __rt_entry_postli_1                      0x08000229   Thumb Code     0  __rtentry2.o(.ARM.Collect$$rtentry$$0000000C)
    __rt_exit                                0x08000231   Thumb Code     0  rtexit.o(.ARM.Collect$$rtexit$$00000000)
    __rt_exit_ls                             0x08000233   Thumb Code     0  rtexit2.o(.ARM.Collect$$rtexit$$00000003)
    __rt_exit_prels_1                        0x08000233   Thumb Code     0  rtexit2.o(.ARM.Collect$$rtexit$$00000002)
    __rt_exit_exit                           0x08000237   Thumb Code     0  rtexit2.o(.ARM.Collect$$rtexit$$00000004)
    Reset_Handler                            0x0800023d   Thumb Code     8  startup_stm32f401xe.o(.text)
    ADC_IRQHandler                           0x08000257   Thumb Code     0  startup_stm32f401xe.o(.text)
    DMA1_Stream0_IRQHandler                  0x08000257   Thumb Code     0  startup_stm32f401xe.o(.text)
    DMA1_Stream1_IRQHandler                  0x08000257   Thumb Code     0  startup_stm32f401xe.o(.text)
    DMA1_Stream2_IRQHandler                  0x08000257   Thumb Code     0  startup_stm32f401xe.o(.text)
    DMA1_Stream3_IRQHandler                  0x08000257   Thumb Code     0  startup_stm32f401xe.o(.text)
    DMA1_Stream4_IRQHandler                  0x08000257   Thumb Code     0  startup_stm32f401xe.o(.text)
    DMA1_Stream5_IRQHandler                  0x08000257   Thumb Code     0  startup_stm32f401xe.o(.text)
    DMA1_Stream6_IRQHandler                  0x08000257   Thumb Code     0  startup_stm32f401xe.o(.text)
    DMA1_Stream7_IRQHandler                  0x08000257   Thumb Code     0  startup_stm32f401xe.o(.text)
    DMA2_Stream0_IRQHandler                  0x08000257   Thumb Code     0  startup_stm32f401xe.o(.text)
    DMA2_Stream1_IRQHandler                  0x08000257   Thumb Code     0  startup_stm32f401xe.o(.text)
    DMA2_Stream2_IRQHandler                  0x08000257   Thumb Code     0  startup_stm32f401xe.o(.text)
    DMA2_Stream3_IRQHandler                  0x08000257   Thumb Code     0  startup_stm32f401xe.o(.text)
    DMA2_Stream4_IRQHandler                  0x08000257   Thumb Code     0  startup_stm32f401xe.o(.text)
    DMA2_Stream5_IRQHandler                  0x08000257   Thumb Code     0  startup_stm32f401xe.o(.text)
    DMA2_Stream6_IRQHandler                  0x08000257   Thumb Code     0  startup_stm32f401xe.o(.text)
    DMA2_Stream7_IRQHandler                  0x08000257   Thumb Code     0  startup_stm32f401xe.o(.text)
    EXTI0_IRQHandler                         0x08000257   Thumb Code     0  startup_stm32f401xe.o(.text)
    EXTI15_10_IRQHandler                     0x08000257   Thumb Code     0  startup_stm32f401xe.o(.text)
    EXTI1_IRQHandler                         0x08000257   Thumb Code     0  startup_stm32f401xe.o(.text)
    EXTI2_IRQHandler                         0x08000257   Thumb Code     0  startup_stm32f401xe.o(.text)
    EXTI3_IRQHandler                         0x08000257   Thumb Code     0  startup_stm32f401xe.o(.text)
    EXTI4_IRQHandler                         0x08000257   Thumb Code     0  startup_stm32f401xe.o(.text)
    EXTI9_5_IRQHandler                       0x08000257   Thumb Code     0  startup_stm32f401xe.o(.text)
    FLASH_IRQHandler                         0x08000257   Thumb Code     0  startup_stm32f401xe.o(.text)
    FPU_IRQHandler                           0x08000257   Thumb Code     0  startup_stm32f401xe.o(.text)
    I2C1_ER_IRQHandler                       0x08000257   Thumb Code     0  startup_stm32f401xe.o(.text)
    I2C1_EV_IRQHandler                       0x08000257   Thumb Code     0  startup_stm32f401xe.o(.text)
    I2C2_ER_IRQHandler                       0x08000257   Thumb Code     0  startup_stm32f401xe.o(.text)
    I2C2_EV_IRQHandler                       0x08000257   Thumb Code     0  startup_stm32f401xe.o(.text)
    I2C3_ER_IRQHandler                       0x08000257   Thumb Code     0  startup_stm32f401xe.o(.text)
    I2C3_EV_IRQHandler                       0x08000257   Thumb Code     0  startup_stm32f401xe.o(.text)
    OTG_FS_IRQHandler                        0x08000257   Thumb Code     0  startup_stm32f401xe.o(.text)
    OTG_FS_WKUP_IRQHandler                   0x08000257   Thumb Code     0  startup_stm32f401xe.o(.text)
    PVD_IRQHandler                           0x08000257   Thumb Code     0  startup_stm32f401xe.o(.text)
    RCC_IRQHandler                           0x08000257   Thumb Code     0  startup_stm32f401xe.o(.text)
    RTC_Alarm_IRQHandler                     0x08000257   Thumb Code     0  startup_stm32f401xe.o(.text)
    RTC_WKUP_IRQHandler                      0x08000257   Thumb Code     0  startup_stm32f401xe.o(.text)
    SDIO_IRQHandler                          0x08000257   Thumb Code     0  startup_stm32f401xe.o(.text)
    SPI1_IRQHandler                          0x08000257   Thumb Code     0  startup_stm32f401xe.o(.text)
    SPI2_IRQHandler                          0x08000257   Thumb Code     0  startup_stm32f401xe.o(.text)
    SPI3_IRQHandler                          0x08000257   Thumb Code     0  startup_stm32f401xe.o(.text)
    SPI4_IRQHandler                          0x08000257   Thumb Code     0  startup_stm32f401xe.o(.text)
    TAMP_STAMP_IRQHandler                    0x08000257   Thumb Code     0  startup_stm32f401xe.o(.text)
    TIM1_BRK_TIM9_IRQHandler                 0x08000257   Thumb Code     0  startup_stm32f401xe.o(.text)
    TIM1_CC_IRQHandler                       0x08000257   Thumb Code     0  startup_stm32f401xe.o(.text)
    TIM1_TRG_COM_TIM11_IRQHandler            0x08000257   Thumb Code     0  startup_stm32f401xe.o(.text)
    TIM1_UP_TIM10_IRQHandler                 0x08000257   Thumb Code     0  startup_stm32f401xe.o(.text)
    TIM2_IRQHandler                          0x08000257   Thumb Code     0  startup_stm32f401xe.o(.text)
    TIM3_IRQHandler                          0x08000257   Thumb Code     0  startup_stm32f401xe.o(.text)
    TIM5_IRQHandler                          0x08000257   Thumb Code     0  startup_stm32f401xe.o(.text)
    USART2_IRQHandler                        0x08000257   Thumb Code     0  startup_stm32f401xe.o(.text)
    USART6_IRQHandler                        0x08000257   Thumb Code     0  startup_stm32f401xe.o(.text)
    WWDG_IRQHandler                          0x08000257   Thumb Code     0  startup_stm32f401xe.o(.text)
    __user_initial_stackheap                 0x08000259   Thumb Code     0  startup_stm32f401xe.o(.text)
    OS_CPU_SR_Save                           0x0800027d   Thumb Code     0  os_cpu_a.o(.text)
    OS_CPU_SR_Restore                        0x08000285   Thumb Code     0  os_cpu_a.o(.text)
    OSStartHighRdy                           0x0800028b   Thumb Code     0  os_cpu_a.o(.text)
    OSCtxSw                                  0x080002af   Thumb Code     0  os_cpu_a.o(.text)
    OSIntCtxSw                               0x080002bd   Thumb Code     0  os_cpu_a.o(.text)
    PendSV_Handler                           0x080002cd   Thumb Code     0  os_cpu_a.o(.text)
    __use_no_semihosting                     0x08000345   Thumb Code     2  use_no_semi_2.o(.text)
    __2printf                                0x08000349   Thumb Code    20  __2printf.o(.text)
    _printf_int_dec                          0x08000361   Thumb Code   104  _printf_dec.o(.text)
    __printf                                 0x080003d9   Thumb Code   388  __printf_flags_ss_wp.o(.text)
    __aeabi_memcpy                           0x08000561   Thumb Code     0  rt_memcpy_v6.o(.text)
    __rt_memcpy                              0x08000561   Thumb Code   138  rt_memcpy_v6.o(.text)
    _memcpy_lastbytes                        0x080005c7   Thumb Code     0  rt_memcpy_v6.o(.text)
    __aeabi_memclr4                          0x080005eb   Thumb Code     0  rt_memclr_w.o(.text)
    __aeabi_memclr8                          0x080005eb   Thumb Code     0  rt_memclr_w.o(.text)
    __rt_memclr_w                            0x080005eb   Thumb Code    78  rt_memclr_w.o(.text)
    _memset_w                                0x080005ef   Thumb Code     0  rt_memclr_w.o(.text)
    __use_two_region_memory                  0x08000639   Thumb Code     2  heapauxi.o(.text)
    __rt_heap_escrow$2region                 0x0800063b   Thumb Code     2  heapauxi.o(.text)
    __rt_heap_expand$2region                 0x0800063d   Thumb Code     2  heapauxi.o(.text)
    __I$use$semihosting                      0x0800063f   Thumb Code     0  use_no_semi.o(.text)
    __use_no_semihosting_swi                 0x0800063f   Thumb Code     2  use_no_semi.o(.text)
    _printf_int_common                       0x08000641   Thumb Code   178  _printf_intcommon.o(.text)
    _printf_char_common                      0x080006ff   Thumb Code    32  _printf_char_common.o(.text)
    _printf_char_file                        0x08000725   Thumb Code    32  _printf_char_file.o(.text)
    __aeabi_memcpy4                          0x08000749   Thumb Code     0  rt_memcpy_w.o(.text)
    __aeabi_memcpy8                          0x08000749   Thumb Code     0  rt_memcpy_w.o(.text)
    __rt_memcpy_w                            0x08000749   Thumb Code   100  rt_memcpy_w.o(.text)
    _memcpy_lastbytes_aligned                0x08000791   Thumb Code     0  rt_memcpy_w.o(.text)
    ferror                                   0x080007ad   Thumb Code     8  ferror.o(.text)
    __user_setup_stackheap                   0x080007b5   Thumb Code    74  sys_stackheap_outer.o(.text)
    exit                                     0x080007ff   Thumb Code    18  exit.o(.text)
    __user_libspace                          0x08000811   Thumb Code     8  libspace.o(.text)
    __user_perproc_libspace                  0x08000811   Thumb Code     0  libspace.o(.text)
    __user_perthread_libspace                0x08000811   Thumb Code     0  libspace.o(.text)
    BusFault_Handler                         0x08000819   Thumb Code     4  stm32f4xx_it.o(i.BusFault_Handler)
    DebugMon_Handler                         0x0800081d   Thumb Code     2  stm32f4xx_it.o(i.DebugMon_Handler)
    Delay_Init                               0x08000821   Thumb Code    76  delay.o(i.Delay_Init)
    Delay_ms                                 0x08000875   Thumb Code    68  delay.o(i.Delay_ms)
    Delay_us                                 0x080008c5   Thumb Code    84  delay.o(i.Delay_us)
    GPIO_Init                                0x0800091d   Thumb Code   144  stm32f4xx_gpio.o(i.GPIO_Init)
    GPIO_PinAFConfig                         0x080009ad   Thumb Code    70  stm32f4xx_gpio.o(i.GPIO_PinAFConfig)
    GPIO_ReadInputDataBit                    0x080009f3   Thumb Code    18  stm32f4xx_gpio.o(i.GPIO_ReadInputDataBit)
    GPIO_ResetBits                           0x08000a05   Thumb Code     4  stm32f4xx_gpio.o(i.GPIO_ResetBits)
    GPIO_SetBits                             0x08000a09   Thumb Code     4  stm32f4xx_gpio.o(i.GPIO_SetBits)
    GPIO_WriteBit                            0x08000a0d   Thumb Code    10  stm32f4xx_gpio.o(i.GPIO_WriteBit)
    HMC5883L_GetData                         0x08000a19   Thumb Code    82  hmc5883l.o(i.HMC5883L_GetData)
    HMC5883L_Init                            0x08000a71   Thumb Code    28  hmc5883l.o(i.HMC5883L_Init)
    HMC5883L_ReadReg                         0x08000a8d   Thumb Code    62  hmc5883l.o(i.HMC5883L_ReadReg)
    HMC5883L_WriteReg                        0x08000acb   Thumb Code    46  hmc5883l.o(i.HMC5883L_WriteReg)
    HardFault_Handler                        0x08000af9   Thumb Code     4  stm32f4xx_it.o(i.HardFault_Handler)
    IC_Init                                  0x08000afd   Thumb Code   358  ic.o(i.IC_Init)
    IIC_Init                                 0x08000c6d   Thumb Code    54  iic.o(i.IIC_Init)
    IIC_R_SDA                                0x08000ca9   Thumb Code    22  iic.o(i.IIC_R_SDA)
    IIC_ReceiveACK                           0x08000cc5   Thumb Code    30  iic.o(i.IIC_ReceiveACK)
    IIC_ReceiveByte                          0x08000ce3   Thumb Code    50  iic.o(i.IIC_ReceiveByte)
    IIC_SendACK                              0x08000d15   Thumb Code    24  iic.o(i.IIC_SendACK)
    IIC_SendByte                             0x08000d2d   Thumb Code    40  iic.o(i.IIC_SendByte)
    IIC_Start                                0x08000d55   Thumb Code    28  iic.o(i.IIC_Start)
    IIC_Stop                                 0x08000d71   Thumb Code    22  iic.o(i.IIC_Stop)
    IIC_W_SCL                                0x08000d89   Thumb Code    22  iic.o(i.IIC_W_SCL)
    IIC_W_SDA                                0x08000da5   Thumb Code    22  iic.o(i.IIC_W_SDA)
    LED_Init                                 0x08000dc1   Thumb Code    48  led.o(i.LED_Init)
    LED_OFF                                  0x08000df5   Thumb Code    12  led.o(i.LED_OFF)
    LED_ON                                   0x08000e05   Thumb Code    12  led.o(i.LED_ON)
    MPU6050_GetData                          0x08000e15   Thumb Code   232  mpu6050.o(i.MPU6050_GetData)
    MPU6050_Init                             0x08000f09   Thumb Code    60  mpu6050.o(i.MPU6050_Init)
    MPU6050_ReadReg                          0x08000f45   Thumb Code    62  mpu6050.o(i.MPU6050_ReadReg)
    MPU6050_WriteReg                         0x08000f83   Thumb Code    46  mpu6050.o(i.MPU6050_WriteReg)
    MemManage_Handler                        0x08000fb1   Thumb Code     4  stm32f4xx_it.o(i.MemManage_Handler)
    Motor_Start                              0x08000fb5   Thumb Code   122  pwm.o(i.Motor_Start)
    NMI_Handler                              0x08001035   Thumb Code     2  stm32f4xx_it.o(i.NMI_Handler)
    NVIC_Init                                0x08001039   Thumb Code   106  misc.o(i.NVIC_Init)
    OSDebugInit                              0x080010b1   Thumb Code    96  os_dbg.o(i.OSDebugInit)
    OSInit                                   0x080011c9   Thumb Code    48  os_core.o(i.OSInit)
    OSInitHookBegin                          0x080011f9   Thumb Code    34  os_cpu_c.o(i.OSInitHookBegin)
    OSInitHookEnd                            0x08001229   Thumb Code     2  os_cpu_c.o(i.OSInitHookEnd)
    OSIntEnter                               0x0800122d   Thumb Code    34  os_core.o(i.OSIntEnter)
    OSIntExit                                0x08001259   Thumb Code   134  os_core.o(i.OSIntExit)
    OSSchedLock                              0x08001301   Thumb Code    50  os_core.o(i.OSSchedLock)
    OSSchedUnlock                            0x08001341   Thumb Code    82  os_core.o(i.OSSchedUnlock)
    OSStart                                  0x080013a1   Thumb Code    48  os_core.o(i.OSStart)
    OSTCBInitHook                            0x080013e9   Thumb Code     2  os_cpu_c.o(i.OSTCBInitHook)
    OSTaskCreate                             0x080013ed   Thumb Code   148  os_task.o(i.OSTaskCreate)
    OSTaskCreateExt                          0x0800148d   Thumb Code   170  os_task.o(i.OSTaskCreateExt)
    OSTaskCreateHook                         0x08001545   Thumb Code     2  os_cpu_c.o(i.OSTaskCreateHook)
    OSTaskDel                                0x08001549   Thumb Code   306  os_task.o(i.OSTaskDel)
    OSTaskDelHook                            0x080016a9   Thumb Code     2  os_cpu_c.o(i.OSTaskDelHook)
    OSTaskIdleHook                           0x080016ab   Thumb Code     2  os_cpu_c.o(i.OSTaskIdleHook)
    OSTaskNameSet                            0x080016ad   Thumb Code    98  os_task.o(i.OSTaskNameSet)
    OSTaskReturnHook                         0x0800171d   Thumb Code     2  os_cpu_c.o(i.OSTaskReturnHook)
    OSTaskStatHook                           0x0800171f   Thumb Code     2  os_cpu_c.o(i.OSTaskStatHook)
    OSTaskStkChk                             0x08001721   Thumb Code   128  os_task.o(i.OSTaskStkChk)
    OSTaskStkInit                            0x080017a9   Thumb Code   426  os_cpu_c.o(i.OSTaskStkInit)
    OSTaskSuspend                            0x08001959   Thumb Code   152  os_task.o(i.OSTaskSuspend)
    OSTaskSwHook                             0x08001a01   Thumb Code     2  os_cpu_c.o(i.OSTaskSwHook)
    OSTimeDly                                0x08001a05   Thumb Code   100  os_time.o(i.OSTimeDly)
    OSTimeDlyHMSM                            0x08001a7d   Thumb Code    86  os_time.o(i.OSTimeDlyHMSM)
    OSTimeGet                                0x08001add   Thumb Code    24  os_time.o(i.OSTimeGet)
    OSTimeTick                               0x08001af9   Thumb Code   210  os_core.o(i.OSTimeTick)
    OSTimeTickHook                           0x08001be5   Thumb Code     2  os_cpu_c.o(i.OSTimeTickHook)
    OS_Dummy                                 0x08001be7   Thumb Code     2  os_core.o(i.OS_Dummy)
    OS_EventTaskRemove                       0x08001be9   Thumb Code    46  os_core.o(i.OS_EventTaskRemove)
    OS_EventTaskRemoveMulti                  0x08001c17   Thumb Code    58  os_core.o(i.OS_EventTaskRemoveMulti)
    OS_FlagInit                              0x08001c51   Thumb Code    74  os_flag.o(i.OS_FlagInit)
    OS_FlagUnlink                            0x08001ca9   Thumb Code    36  os_flag.o(i.OS_FlagUnlink)
    OS_MemClr                                0x08001eed   Thumb Code    18  os_core.o(i.OS_MemClr)
    OS_QInit                                 0x08001f01   Thumb Code    72  os_q.o(i.OS_QInit)
    OS_Sched                                 0x08001f51   Thumb Code    88  os_core.o(i.OS_Sched)
    OS_TCBInit                               0x08001ff1   Thumb Code   292  os_core.o(i.OS_TCBInit)
    OS_TaskIdle                              0x08002131   Thumb Code    34  os_core.o(i.OS_TaskIdle)
    OS_TaskReturn                            0x08002159   Thumb Code    18  os_task.o(i.OS_TaskReturn)
    OS_TaskStat                              0x08002171   Thumb Code   140  os_core.o(i.OS_TaskStat)
    OS_TaskStatStkChk                        0x08002211   Thumb Code    54  os_core.o(i.OS_TaskStatStkChk)
    OS_TaskStkClr                            0x0800224d   Thumb Code    26  os_task.o(i.OS_TaskStkClr)
    PWM_Init                                 0x08002269   Thumb Code   272  pwm.o(i.PWM_Init)
    PWM_OUT                                  0x08002385   Thumb Code   162  pwm.o(i.PWM_OUT)
    RCC_AHB1PeriphClockCmd                   0x08002439   Thumb Code    26  stm32f4xx_rcc.o(i.RCC_AHB1PeriphClockCmd)
    RCC_APB1PeriphClockCmd                   0x08002459   Thumb Code    26  stm32f4xx_rcc.o(i.RCC_APB1PeriphClockCmd)
    RCC_APB1PeriphResetCmd                   0x08002479   Thumb Code    26  stm32f4xx_rcc.o(i.RCC_APB1PeriphResetCmd)
    RCC_APB2PeriphClockCmd                   0x08002499   Thumb Code    26  stm32f4xx_rcc.o(i.RCC_APB2PeriphClockCmd)
    RCC_APB2PeriphResetCmd                   0x080024b9   Thumb Code    26  stm32f4xx_rcc.o(i.RCC_APB2PeriphResetCmd)
    RCC_GetClocksFreq                        0x080024d9   Thumb Code   214  stm32f4xx_rcc.o(i.RCC_GetClocksFreq)
    SEGGER_RTT_AllocUpBuffer                 0x080025c1   Thumb Code   194  segger_rtt.o(i.SEGGER_RTT_AllocUpBuffer)
    SEGGER_RTT_ConfigDownBuffer              0x08002689   Thumb Code   114  segger_rtt.o(i.SEGGER_RTT_ConfigDownBuffer)
    SEGGER_RTT_ReadNoLock                    0x08002701   Thumb Code   166  segger_rtt.o(i.SEGGER_RTT_ReadNoLock)
    SEGGER_RTT_WriteSkipNoLock               0x080027ad   Thumb Code   154  segger_rtt.o(i.SEGGER_RTT_WriteSkipNoLock)
    SEGGER_SYSVIEW_Conf                      0x0800284d   Thumb Code    34  segger_sysview_config_ucosii.o(i.SEGGER_SYSVIEW_Conf)
    SEGGER_SYSVIEW_GetSysDesc                0x08002879   Thumb Code   180  segger_sysview.o(i.SEGGER_SYSVIEW_GetSysDesc)
    SEGGER_SYSVIEW_Init                      0x08002935   Thumb Code    78  segger_sysview.o(i.SEGGER_SYSVIEW_Init)
    SEGGER_SYSVIEW_NameResource              0x0800299d   Thumb Code   104  segger_sysview.o(i.SEGGER_SYSVIEW_NameResource)
    SEGGER_SYSVIEW_RecordEnterISR            0x08002a0d   Thumb Code    90  segger_sysview.o(i.SEGGER_SYSVIEW_RecordEnterISR)
    SEGGER_SYSVIEW_RecordExitISR             0x08002a71   Thumb Code    48  segger_sysview.o(i.SEGGER_SYSVIEW_RecordExitISR)
    SEGGER_SYSVIEW_RecordExitISRToScheduler  0x08002aa5   Thumb Code    48  segger_sysview.o(i.SEGGER_SYSVIEW_RecordExitISRToScheduler)
    SEGGER_SYSVIEW_RecordSystime             0x08002ad9   Thumb Code    52  segger_sysview.o(i.SEGGER_SYSVIEW_RecordSystime)
    SEGGER_SYSVIEW_RecordU32                 0x08002b15   Thumb Code    88  segger_sysview.o(i.SEGGER_SYSVIEW_RecordU32)
    SEGGER_SYSVIEW_RecordU32x2               0x08002b71   Thumb Code   118  segger_sysview.o(i.SEGGER_SYSVIEW_RecordU32x2)
    SEGGER_SYSVIEW_RecordVoid                0x08002bed   Thumb Code    50  segger_sysview.o(i.SEGGER_SYSVIEW_RecordVoid)
    SEGGER_SYSVIEW_SendModule                0x08002c25   Thumb Code   172  segger_sysview.o(i.SEGGER_SYSVIEW_SendModule)
    SEGGER_SYSVIEW_SendModuleDescription     0x08002cd9   Thumb Code    30  segger_sysview.o(i.SEGGER_SYSVIEW_SendModuleDescription)
    SEGGER_SYSVIEW_SendNumModules            0x08002cfd   Thumb Code    80  segger_sysview.o(i.SEGGER_SYSVIEW_SendNumModules)
    SEGGER_SYSVIEW_SendSysDesc               0x08002d55   Thumb Code    66  segger_sysview.o(i.SEGGER_SYSVIEW_SendSysDesc)
    SEGGER_SYSVIEW_SendTaskInfo              0x08002d9d   Thumb Code   260  segger_sysview.o(i.SEGGER_SYSVIEW_SendTaskInfo)
    SEGGER_SYSVIEW_SendTaskList              0x08002ea9   Thumb Code    26  segger_sysview.o(i.SEGGER_SYSVIEW_SendTaskList)
    SEGGER_SYSVIEW_SetRAMBase                0x08002ec9   Thumb Code     6  segger_sysview.o(i.SEGGER_SYSVIEW_SetRAMBase)
    SEGGER_SYSVIEW_Start                     0x08002ed5   Thumb Code   240  segger_sysview.o(i.SEGGER_SYSVIEW_Start)
    SEGGER_SYSVIEW_Stop                      0x08002fd1   Thumb Code    60  segger_sysview.o(i.SEGGER_SYSVIEW_Stop)
    SVC_Handler                              0x08003015   Thumb Code     2  stm32f4xx_it.o(i.SVC_Handler)
    SYSCLK_FreqGet                           0x08003017   Thumb Code    14  segger_sysview_config_ucosii.o(i.SYSCLK_FreqGet)
    SYSVIEW_SendResourceList                 0x08003025   Thumb Code    70  segger_sysview_ucosii.o(i.SYSVIEW_SendResourceList)
    SYSVIEW_SendTaskInfo                     0x08003075   Thumb Code    50  segger_sysview_ucosii.o(i.SYSVIEW_SendTaskInfo)
    Send_Senser                              0x080030a9   Thumb Code    96  serial.o(i.Send_Senser)
    Serial_Init                              0x08003175   Thumb Code   172  serial.o(i.Serial_Init)
    Serial_SendByte                          0x08003229   Thumb Code    28  serial.o(i.Serial_SendByte)
    SysTick_CLKSourceConfig                  0x08003331   Thumb Code    40  misc.o(i.SysTick_CLKSourceConfig)
    SysTick_Handler                          0x08003359   Thumb Code    16  os_cpu_c.o(i.SysTick_Handler)
    SysTick_Init                             0x08003369   Thumb Code    86  os_cpu_c.o(i.SysTick_Init)
    SystemInit                               0x080033c9   Thumb Code    88  system_stm32f4xx.o(i.SystemInit)
    TIM4_IRQHandler                          0x08003555   Thumb Code   694  ic.o(i.TIM4_IRQHandler)
    TIM_ARRPreloadConfig                     0x08003821   Thumb Code    24  stm32f4xx_tim.o(i.TIM_ARRPreloadConfig)
    TIM_ClearFlag                            0x08003839   Thumb Code     6  stm32f4xx_tim.o(i.TIM_ClearFlag)
    TIM_ClearITPendingBit                    0x0800383f   Thumb Code     6  stm32f4xx_tim.o(i.TIM_ClearITPendingBit)
    TIM_Cmd                                  0x08003845   Thumb Code    24  stm32f4xx_tim.o(i.TIM_Cmd)
    TIM_DeInit                               0x0800385d   Thumb Code   346  stm32f4xx_tim.o(i.TIM_DeInit)
    TIM_GetCapture1                          0x080039ed   Thumb Code     6  stm32f4xx_tim.o(i.TIM_GetCapture1)
    TIM_GetCapture2                          0x080039f3   Thumb Code     6  stm32f4xx_tim.o(i.TIM_GetCapture2)
    TIM_GetCapture3                          0x080039f9   Thumb Code     6  stm32f4xx_tim.o(i.TIM_GetCapture3)
    TIM_GetCapture4                          0x080039ff   Thumb Code     6  stm32f4xx_tim.o(i.TIM_GetCapture4)
    TIM_GetFlagStatus                        0x08003a05   Thumb Code    18  stm32f4xx_tim.o(i.TIM_GetFlagStatus)
    TIM_GetITStatus                          0x08003a17   Thumb Code    34  stm32f4xx_tim.o(i.TIM_GetITStatus)
    TIM_ICInit                               0x08003a39   Thumb Code   110  stm32f4xx_tim.o(i.TIM_ICInit)
    TIM_ITConfig                             0x08003aa7   Thumb Code    18  stm32f4xx_tim.o(i.TIM_ITConfig)
    TIM_InternalClockConfig                  0x08003ab9   Thumb Code    12  stm32f4xx_tim.o(i.TIM_InternalClockConfig)
    TIM_OC1Init                              0x08003ac5   Thumb Code   114  stm32f4xx_tim.o(i.TIM_OC1Init)
    TIM_OC1PolarityConfig                    0x08003b41   Thumb Code    18  stm32f4xx_tim.o(i.TIM_OC1PolarityConfig)
    TIM_OC2Init                              0x08003b55   Thumb Code   154  stm32f4xx_tim.o(i.TIM_OC2Init)
    TIM_OC2PolarityConfig                    0x08003bf9   Thumb Code    26  stm32f4xx_tim.o(i.TIM_OC2PolarityConfig)
    TIM_OC3Init                              0x08003c15   Thumb Code   150  stm32f4xx_tim.o(i.TIM_OC3Init)
    TIM_OC3PolarityConfig                    0x08003cb5   Thumb Code    26  stm32f4xx_tim.o(i.TIM_OC3PolarityConfig)
    TIM_OC4Init                              0x08003cd1   Thumb Code   112  stm32f4xx_tim.o(i.TIM_OC4Init)
    TIM_OC4PolarityConfig                    0x08003d49   Thumb Code    26  stm32f4xx_tim.o(i.TIM_OC4PolarityConfig)
    TIM_OCStructInit                         0x08003d63   Thumb Code    20  stm32f4xx_tim.o(i.TIM_OCStructInit)
    TIM_SetCompare1                          0x08003d77   Thumb Code     4  stm32f4xx_tim.o(i.TIM_SetCompare1)
    TIM_SetCompare2                          0x08003d7b   Thumb Code     4  stm32f4xx_tim.o(i.TIM_SetCompare2)
    TIM_SetCompare3                          0x08003d7f   Thumb Code     4  stm32f4xx_tim.o(i.TIM_SetCompare3)
    TIM_SetCompare4                          0x08003d83   Thumb Code     4  stm32f4xx_tim.o(i.TIM_SetCompare4)
    TIM_SetIC1Prescaler                      0x08003d87   Thumb Code    18  stm32f4xx_tim.o(i.TIM_SetIC1Prescaler)
    TIM_SetIC2Prescaler                      0x08003d99   Thumb Code    26  stm32f4xx_tim.o(i.TIM_SetIC2Prescaler)
    TIM_SetIC3Prescaler                      0x08003db3   Thumb Code    18  stm32f4xx_tim.o(i.TIM_SetIC3Prescaler)
    TIM_SetIC4Prescaler                      0x08003dc5   Thumb Code    26  stm32f4xx_tim.o(i.TIM_SetIC4Prescaler)
    TIM_TimeBaseInit                         0x08003de1   Thumb Code   104  stm32f4xx_tim.o(i.TIM_TimeBaseInit)
    Task_Angel                               0x08003e65   Thumb Code    18  main.o(i.Task_Angel)
    Task_Com                                 0x08003e79   Thumb Code    74  main.o(i.Task_Com)
    Task_LED                                 0x08003ecd   Thumb Code    36  main.o(i.Task_LED)
    Task_Motor                               0x08003ef1   Thumb Code    14  main.o(i.Task_Motor)
    Task_Startup                             0x08003f01   Thumb Code   158  main.o(i.Task_Startup)
    USART1_IRQHandler                        0x08003ff1   Thumb Code    42  serial.o(i.USART1_IRQHandler)
    USART_ClearITPendingBit                  0x08004029   Thumb Code    30  stm32f4xx_usart.o(i.USART_ClearITPendingBit)
    USART_Cmd                                0x08004047   Thumb Code    24  stm32f4xx_usart.o(i.USART_Cmd)
    USART_GetFlagStatus                      0x0800405f   Thumb Code    26  stm32f4xx_usart.o(i.USART_GetFlagStatus)
    USART_ITConfig                           0x08004079   Thumb Code    74  stm32f4xx_usart.o(i.USART_ITConfig)
    USART_Init                               0x080040c5   Thumb Code   204  stm32f4xx_usart.o(i.USART_Init)
    USART_ReceiveData                        0x08004199   Thumb Code    10  stm32f4xx_usart.o(i.USART_ReceiveData)
    USART_SendData                           0x080041a3   Thumb Code     8  stm32f4xx_usart.o(i.USART_SendData)
    UsageFault_Handler                       0x080041ab   Thumb Code     4  stm32f4xx_it.o(i.UsageFault_Handler)
    _is_digit                                0x08004621   Thumb Code    14  __printf_wp.o(i._is_digit)
    _sys_exit                                0x0800462f   Thumb Code     4  serial.o(i._sys_exit)
    fputc                                    0x08004633   Thumb Code    16  serial.o(i.fputc)
    main                                     0x08004645   Thumb Code    26  main.o(i.main)
    __aeabi_d2uiz                            0x08004669   Thumb Code     0  dfixu.o(x$fpl$dfixu)
    _dfixu                                   0x08004669   Thumb Code    90  dfixu.o(x$fpl$dfixu)
    __aeabi_ui2d                             0x080046c3   Thumb Code     0  dflt_clz.o(x$fpl$dfltu)
    _dfltu                                   0x080046c3   Thumb Code    38  dflt_clz.o(x$fpl$dfltu)
    __aeabi_dmul                             0x080046e9   Thumb Code     0  dmul.o(x$fpl$dmul)
    _dmul                                    0x080046e9   Thumb Code   332  dmul.o(x$fpl$dmul)
    __fpl_dnaninf                            0x0800483d   Thumb Code   156  dnaninf.o(x$fpl$dnaninf)
    __fpl_dretinf                            0x080048d9   Thumb Code    12  dretinf.o(x$fpl$dretinf)
    _fp_init                                 0x080048e5   Thumb Code    10  fpinit.o(x$fpl$fpinit)
    __fplib_config_fpu_vfp                   0x080048ed   Thumb Code     0  fpinit.o(x$fpl$fpinit)
    __fplib_config_pureend_doubles           0x080048ed   Thumb Code     0  fpinit.o(x$fpl$fpinit)
    __I$use$fp                               0x080048ee   Number         0  usenofp.o(x$fpl$usenofp)
    SYSVIEW_X_OS_TraceAPI                    0x0800492c   Data           8  segger_sysview_ucosii.o(.constdata)
    OSUnMapTbl                               0x08004934   Data         256  os_core.o(.constdata)
    OSDebugEn                                0x08004a34   Data           2  os_dbg.o(.constdata)
    OSEndiannessTest                         0x08004a38   Data           4  os_dbg.o(.constdata)
    OSEventEn                                0x08004a3c   Data           2  os_dbg.o(.constdata)
    OSEventMax                               0x08004a3e   Data           2  os_dbg.o(.constdata)
    OSEventNameEn                            0x08004a40   Data           2  os_dbg.o(.constdata)
    OSEventSize                              0x08004a42   Data           2  os_dbg.o(.constdata)
    OSEventTblSize                           0x08004a44   Data           2  os_dbg.o(.constdata)
    OSEventMultiEn                           0x08004a46   Data           2  os_dbg.o(.constdata)
    OSFlagEn                                 0x08004a48   Data           2  os_dbg.o(.constdata)
    OSFlagGrpSize                            0x08004a4a   Data           2  os_dbg.o(.constdata)
    OSFlagNodeSize                           0x08004a4c   Data           2  os_dbg.o(.constdata)
    OSFlagWidth                              0x08004a4e   Data           2  os_dbg.o(.constdata)
    OSFlagMax                                0x08004a50   Data           2  os_dbg.o(.constdata)
    OSFlagNameEn                             0x08004a52   Data           2  os_dbg.o(.constdata)
    OSLowestPrio                             0x08004a54   Data           2  os_dbg.o(.constdata)
    OSMboxEn                                 0x08004a56   Data           2  os_dbg.o(.constdata)
    OSMemEn                                  0x08004a58   Data           2  os_dbg.o(.constdata)
    OSMemMax                                 0x08004a5a   Data           2  os_dbg.o(.constdata)
    OSMemNameEn                              0x08004a5c   Data           2  os_dbg.o(.constdata)
    OSMemSize                                0x08004a5e   Data           2  os_dbg.o(.constdata)
    OSMemTblSize                             0x08004a60   Data           2  os_dbg.o(.constdata)
    OSMutexEn                                0x08004a62   Data           2  os_dbg.o(.constdata)
    OSPtrSize                                0x08004a64   Data           2  os_dbg.o(.constdata)
    OSQEn                                    0x08004a66   Data           2  os_dbg.o(.constdata)
    OSQMax                                   0x08004a68   Data           2  os_dbg.o(.constdata)
    OSQSize                                  0x08004a6a   Data           2  os_dbg.o(.constdata)
    OSRdyTblSize                             0x08004a6c   Data           2  os_dbg.o(.constdata)
    OSSemEn                                  0x08004a6e   Data           2  os_dbg.o(.constdata)
    OSStkWidth                               0x08004a70   Data           2  os_dbg.o(.constdata)
    OSTaskCreateEn                           0x08004a72   Data           2  os_dbg.o(.constdata)
    OSTaskCreateExtEn                        0x08004a74   Data           2  os_dbg.o(.constdata)
    OSTaskDelEn                              0x08004a76   Data           2  os_dbg.o(.constdata)
    OSTaskIdleStkSize                        0x08004a78   Data           2  os_dbg.o(.constdata)
    OSTaskProfileEn                          0x08004a7a   Data           2  os_dbg.o(.constdata)
    OSTaskMax                                0x08004a7c   Data           2  os_dbg.o(.constdata)
    OSTaskNameEn                             0x08004a7e   Data           2  os_dbg.o(.constdata)
    OSTaskStatEn                             0x08004a80   Data           2  os_dbg.o(.constdata)
    OSTaskStatStkSize                        0x08004a82   Data           2  os_dbg.o(.constdata)
    OSTaskStatStkChkEn                       0x08004a84   Data           2  os_dbg.o(.constdata)
    OSTaskSwHookEn                           0x08004a86   Data           2  os_dbg.o(.constdata)
    OSTaskRegTblSize                         0x08004a88   Data           2  os_dbg.o(.constdata)
    OSTCBPrioTblMax                          0x08004a8a   Data           2  os_dbg.o(.constdata)
    OSTCBSize                                0x08004a8c   Data           2  os_dbg.o(.constdata)
    OSTicksPerSec                            0x08004a8e   Data           2  os_dbg.o(.constdata)
    OSTimeTickHookEn                         0x08004a90   Data           2  os_dbg.o(.constdata)
    OSVersionNbr                             0x08004a92   Data           2  os_dbg.o(.constdata)
    OSTmrEn                                  0x08004a94   Data           2  os_dbg.o(.constdata)
    OSTmrCfgMax                              0x08004a96   Data           2  os_dbg.o(.constdata)
    OSTmrCfgNameEn                           0x08004a98   Data           2  os_dbg.o(.constdata)
    OSTmrCfgWheelSize                        0x08004a9a   Data           2  os_dbg.o(.constdata)
    OSTmrCfgTicksPerSec                      0x08004a9c   Data           2  os_dbg.o(.constdata)
    OSTmrSize                                0x08004a9e   Data           2  os_dbg.o(.constdata)
    OSTmrTblSize                             0x08004aa0   Data           2  os_dbg.o(.constdata)
    OSTmrWheelSize                           0x08004aa2   Data           2  os_dbg.o(.constdata)
    OSTmrWheelTblSize                        0x08004aa4   Data           2  os_dbg.o(.constdata)
    OSDataSize                               0x08004aa6   Data           2  os_dbg.o(.constdata)
    Region$$Table$$Base                      0x08004abc   Number         0  anon$$obj.o(Region$$Table)
    Region$$Table$$Limit                     0x08004adc   Number         0  anon$$obj.o(Region$$Table)
    SEGGER_SYSVIEW_TickCnt                   0x20000014   Data           4  segger_sysview.o(.data)
    SEGGER_SYSVIEW_InterruptId               0x20000018   Data           4  segger_sysview.o(.data)
    OSCtxSwCtr                               0x20000034   Data           4  os_core.o(.data)
    OSEventFreeList                          0x20000038   Data           4  os_core.o(.data)
    OSFlagFreeList                           0x2000003c   Data           4  os_core.o(.data)
    OSCPUUsage                               0x20000040   Data           1  os_core.o(.data)
    OSIdleCtrMax                             0x20000044   Data           4  os_core.o(.data)
    OSIdleCtrRun                             0x20000048   Data           4  os_core.o(.data)
    OSStatRdy                                0x2000004c   Data           1  os_core.o(.data)
    OSIntNesting                             0x2000004d   Data           1  os_core.o(.data)
    OSLockNesting                            0x2000004e   Data           1  os_core.o(.data)
    OSPrioCur                                0x2000004f   Data           1  os_core.o(.data)
    OSPrioHighRdy                            0x20000050   Data           1  os_core.o(.data)
    OSRdyGrp                                 0x20000051   Data           1  os_core.o(.data)
    OSRdyTbl                                 0x20000052   Data           8  os_core.o(.data)
    OSRunning                                0x2000005a   Data           1  os_core.o(.data)
    OSTaskCtr                                0x2000005b   Data           1  os_core.o(.data)
    OSIdleCtr                                0x2000005c   Data           4  os_core.o(.data)
    OSTCBCur                                 0x20000060   Data           4  os_core.o(.data)
    OSTCBFreeList                            0x20000064   Data           4  os_core.o(.data)
    OSTCBHighRdy                             0x20000068   Data           4  os_core.o(.data)
    OSTCBList                                0x2000006c   Data           4  os_core.o(.data)
    OSTickStepState                          0x20000070   Data           1  os_core.o(.data)
    OSQFreeList                              0x20000074   Data           4  os_core.o(.data)
    OSTaskRegNextAvailID                     0x20000078   Data           1  os_core.o(.data)
    OSTime                                   0x2000007c   Data           4  os_core.o(.data)
    OS_CPU_ExceptStkBase                     0x20000080   Data           4  os_cpu_c.o(.data)
    TIM4_CAPTURE_STA                         0x20000084   Data           4  ic.o(.data)
    TIM4_CAPTURE_OVF                         0x20000088   Data           8  ic.o(.data)
    Serial_RxData                            0x20000090   Data           2  serial.o(.data)
    Serial_RxFlag                            0x20000092   Data           1  serial.o(.data)
    __stdout                                 0x20000094   Data           4  serial.o(.data)
    Mag                                      0x20000098   Data           6  main.o(.data)
    _SEGGER_RTT                              0x200000a0   Data         168  segger_rtt.o(.bss)
    OSEventTbl                               0x200030e4   Data         480  os_core.o(.bss)
    OSFlagTbl                                0x200032c4   Data          80  os_core.o(.bss)
    OSTaskStatStk                            0x20003314   Data         512  os_core.o(.bss)
    OSTaskIdleStk                            0x20003514   Data         512  os_core.o(.bss)
    OSTCBPrioTbl                             0x20003714   Data         256  os_core.o(.bss)
    OSTCBTbl                                 0x20003814   Data        1936  os_core.o(.bss)
    OSQTbl                                   0x20003fa4   Data          96  os_core.o(.bss)
    OS_CPU_ExceptStk                         0x20004004   Data         512  os_cpu_c.o(.bss)
    TIM4_CAPTURE_VAL                         0x20004204   Data          16  ic.o(.bss)
    Acc_Gyro                                 0x20004214   Data          12  main.o(.bss)
    fGyro                                    0x20004220   Data          12  main.o(.bss)
    PWM_IN_CH                                0x2000422c   Data          16  main.o(.bss)
    sendBuf                                  0x2000423c   Data          20  main.o(.bss)
    TASK_STARTUP_STK                         0x20004250   Data         512  main.o(.bss)
    TASK_ANGEL_STK                           0x20004450   Data         512  main.o(.bss)
    TASK_MOTOR_STK                           0x20004650   Data         512  main.o(.bss)
    TASK_COM_STK                             0x20004850   Data         512  main.o(.bss)
    TASK_LED_STK                             0x20004a50   Data         256  main.o(.bss)
    __libspace_start                         0x20004b50   Data          96  libspace.o(.bss)
    __temporary_stack_top$libspace           0x20004bb0   Data           0  libspace.o(.bss)



==============================================================================

Memory Map of the image

  Image Entry point : 0x08000195

  Load Region LR_IROM1 (Base: 0x08000000, Size: 0x00004b7c, Max: 0x00080000, ABSOLUTE)

    Execution Region ER_IROM1 (Exec base: 0x08000000, Load base: 0x08000000, Size: 0x00004adc, Max: 0x00080000, ABSOLUTE)

    Exec Addr    Load Addr    Size         Type   Attr      Idx    E Section Name        Object

    0x08000000   0x08000000   0x00000194   Data   RO            3    RESET               startup_stm32f401xe.o
    0x08000194   0x08000194   0x00000008   Code   RO         7772  * !!!main             c_w.l(__main.o)
    0x0800019c   0x0800019c   0x00000034   Code   RO         8089    !!!scatter          c_w.l(__scatter.o)
    0x080001d0   0x080001d0   0x0000001a   Code   RO         8091    !!handler_copy      c_w.l(__scatter_copy.o)
    0x080001ea   0x080001ea   0x00000002   PAD
    0x080001ec   0x080001ec   0x0000001c   Code   RO         8093    !!handler_zi        c_w.l(__scatter_zi.o)
    0x08000208   0x08000208   0x00000000   Code   RO         7763    .ARM.Collect$$_printf_percent$$00000000  c_w.l(_printf_percent.o)
    0x08000208   0x08000208   0x00000006   Code   RO         7762    .ARM.Collect$$_printf_percent$$00000009  c_w.l(_printf_d.o)
    0x0800020e   0x0800020e   0x00000004   Code   RO         7849    .ARM.Collect$$_printf_percent$$00000017  c_w.l(_printf_percent_end.o)
    0x08000212   0x08000212   0x00000002   Code   RO         7954    .ARM.Collect$$libinit$$00000000  c_w.l(libinit.o)
    0x08000214   0x08000214   0x00000004   Code   RO         7969    .ARM.Collect$$libinit$$00000001  c_w.l(libinit2.o)
    0x08000218   0x08000218   0x00000000   Code   RO         7972    .ARM.Collect$$libinit$$00000004  c_w.l(libinit2.o)
    0x08000218   0x08000218   0x00000000   Code   RO         7975    .ARM.Collect$$libinit$$0000000A  c_w.l(libinit2.o)
    0x08000218   0x08000218   0x00000000   Code   RO         7977    .ARM.Collect$$libinit$$0000000C  c_w.l(libinit2.o)
    0x08000218   0x08000218   0x00000000   Code   RO         7979    .ARM.Collect$$libinit$$0000000E  c_w.l(libinit2.o)
    0x08000218   0x08000218   0x00000000   Code   RO         7982    .ARM.Collect$$libinit$$00000011  c_w.l(libinit2.o)
    0x08000218   0x08000218   0x00000000   Code   RO         7984    .ARM.Collect$$libinit$$00000013  c_w.l(libinit2.o)
    0x08000218   0x08000218   0x00000000   Code   RO         7986    .ARM.Collect$$libinit$$00000015  c_w.l(libinit2.o)
    0x08000218   0x08000218   0x00000000   Code   RO         7988    .ARM.Collect$$libinit$$00000017  c_w.l(libinit2.o)
    0x08000218   0x08000218   0x00000000   Code   RO         7990    .ARM.Collect$$libinit$$00000019  c_w.l(libinit2.o)
    0x08000218   0x08000218   0x00000000   Code   RO         7992    .ARM.Collect$$libinit$$0000001B  c_w.l(libinit2.o)
    0x08000218   0x08000218   0x00000000   Code   RO         7994    .ARM.Collect$$libinit$$0000001D  c_w.l(libinit2.o)
    0x08000218   0x08000218   0x00000000   Code   RO         7996    .ARM.Collect$$libinit$$0000001F  c_w.l(libinit2.o)
    0x08000218   0x08000218   0x00000000   Code   RO         7998    .ARM.Collect$$libinit$$00000021  c_w.l(libinit2.o)
    0x08000218   0x08000218   0x00000000   Code   RO         8000    .ARM.Collect$$libinit$$00000023  c_w.l(libinit2.o)
    0x08000218   0x08000218   0x00000000   Code   RO         8002    .ARM.Collect$$libinit$$00000025  c_w.l(libinit2.o)
    0x08000218   0x08000218   0x00000000   Code   RO         8006    .ARM.Collect$$libinit$$0000002C  c_w.l(libinit2.o)
    0x08000218   0x08000218   0x00000000   Code   RO         8008    .ARM.Collect$$libinit$$0000002E  c_w.l(libinit2.o)
    0x08000218   0x08000218   0x00000000   Code   RO         8010    .ARM.Collect$$libinit$$00000030  c_w.l(libinit2.o)
    0x08000218   0x08000218   0x00000000   Code   RO         8012    .ARM.Collect$$libinit$$00000032  c_w.l(libinit2.o)
    0x08000218   0x08000218   0x00000002   Code   RO         8013    .ARM.Collect$$libinit$$00000033  c_w.l(libinit2.o)
    0x0800021a   0x0800021a   0x00000002   Code   RO         8031    .ARM.Collect$$libshutdown$$00000000  c_w.l(libshutdown.o)
    0x0800021c   0x0800021c   0x00000000   Code   RO         8041    .ARM.Collect$$libshutdown$$00000002  c_w.l(libshutdown2.o)
    0x0800021c   0x0800021c   0x00000000   Code   RO         8043    .ARM.Collect$$libshutdown$$00000004  c_w.l(libshutdown2.o)
    0x0800021c   0x0800021c   0x00000000   Code   RO         8046    .ARM.Collect$$libshutdown$$00000007  c_w.l(libshutdown2.o)
    0x0800021c   0x0800021c   0x00000000   Code   RO         8049    .ARM.Collect$$libshutdown$$0000000A  c_w.l(libshutdown2.o)
    0x0800021c   0x0800021c   0x00000000   Code   RO         8051    .ARM.Collect$$libshutdown$$0000000C  c_w.l(libshutdown2.o)
    0x0800021c   0x0800021c   0x00000000   Code   RO         8054    .ARM.Collect$$libshutdown$$0000000F  c_w.l(libshutdown2.o)
    0x0800021c   0x0800021c   0x00000002   Code   RO         8055    .ARM.Collect$$libshutdown$$00000010  c_w.l(libshutdown2.o)
    0x0800021e   0x0800021e   0x00000000   Code   RO         7788    .ARM.Collect$$rtentry$$00000000  c_w.l(__rtentry.o)
    0x0800021e   0x0800021e   0x00000000   Code   RO         7875    .ARM.Collect$$rtentry$$00000002  c_w.l(__rtentry2.o)
    0x0800021e   0x0800021e   0x00000006   Code   RO         7887    .ARM.Collect$$rtentry$$00000004  c_w.l(__rtentry4.o)
    0x08000224   0x08000224   0x00000000   Code   RO         7877    .ARM.Collect$$rtentry$$00000009  c_w.l(__rtentry2.o)
    0x08000224   0x08000224   0x00000004   Code   RO         7878    .ARM.Collect$$rtentry$$0000000A  c_w.l(__rtentry2.o)
    0x08000228   0x08000228   0x00000000   Code   RO         7880    .ARM.Collect$$rtentry$$0000000C  c_w.l(__rtentry2.o)
    0x08000228   0x08000228   0x00000008   Code   RO         7881    .ARM.Collect$$rtentry$$0000000D  c_w.l(__rtentry2.o)
    0x08000230   0x08000230   0x00000002   Code   RO         7962    .ARM.Collect$$rtexit$$00000000  c_w.l(rtexit.o)
    0x08000232   0x08000232   0x00000000   Code   RO         8015    .ARM.Collect$$rtexit$$00000002  c_w.l(rtexit2.o)
    0x08000232   0x08000232   0x00000004   Code   RO         8016    .ARM.Collect$$rtexit$$00000003  c_w.l(rtexit2.o)
    0x08000236   0x08000236   0x00000006   Code   RO         8017    .ARM.Collect$$rtexit$$00000004  c_w.l(rtexit2.o)
    0x0800023c   0x0800023c   0x00000040   Code   RO            4    .text               startup_stm32f401xe.o
    0x0800027c   0x0800027c   0x000000c8   Code   RO         6885    .text               os_cpu_a.o
    0x08000344   0x08000344   0x00000002   Code   RO         7730    .text               c_w.l(use_no_semi_2.o)
    0x08000346   0x08000346   0x00000002   PAD
    0x08000348   0x08000348   0x00000018   Code   RO         7734    .text               c_w.l(__2printf.o)
    0x08000360   0x08000360   0x00000078   Code   RO         7740    .text               c_w.l(_printf_dec.o)
    0x080003d8   0x080003d8   0x00000188   Code   RO         7759    .text               c_w.l(__printf_flags_ss_wp.o)
    0x08000560   0x08000560   0x0000008a   Code   RO         7766    .text               c_w.l(rt_memcpy_v6.o)
    0x080005ea   0x080005ea   0x0000004e   Code   RO         7768    .text               c_w.l(rt_memclr_w.o)
    0x08000638   0x08000638   0x00000006   Code   RO         7770    .text               c_w.l(heapauxi.o)
    0x0800063e   0x0800063e   0x00000002   Code   RO         7786    .text               c_w.l(use_no_semi.o)
    0x08000640   0x08000640   0x000000b2   Code   RO         7795    .text               c_w.l(_printf_intcommon.o)
    0x080006f2   0x080006f2   0x00000002   PAD
    0x080006f4   0x080006f4   0x00000030   Code   RO         7799    .text               c_w.l(_printf_char_common.o)
    0x08000724   0x08000724   0x00000024   Code   RO         7803    .text               c_w.l(_printf_char_file.o)
    0x08000748   0x08000748   0x00000064   Code   RO         7859    .text               c_w.l(rt_memcpy_w.o)
    0x080007ac   0x080007ac   0x00000008   Code   RO         7902    .text               c_w.l(ferror.o)
    0x080007b4   0x080007b4   0x0000004a   Code   RO         7908    .text               c_w.l(sys_stackheap_outer.o)
    0x080007fe   0x080007fe   0x00000012   Code   RO         7947    .text               c_w.l(exit.o)
    0x08000810   0x08000810   0x00000008   Code   RO         7959    .text               c_w.l(libspace.o)
    0x08000818   0x08000818   0x00000004   Code   RO         7668    i.BusFault_Handler  stm32f4xx_it.o
    0x0800081c   0x0800081c   0x00000002   Code   RO         7669    i.DebugMon_Handler  stm32f4xx_it.o
    0x0800081e   0x0800081e   0x00000002   PAD
    0x08000820   0x08000820   0x00000054   Code   RO         5033    i.Delay_Init        delay.o
    0x08000874   0x08000874   0x00000050   Code   RO         5034    i.Delay_ms          delay.o
    0x080008c4   0x080008c4   0x00000058   Code   RO         5035    i.Delay_us          delay.o
    0x0800091c   0x0800091c   0x00000090   Code   RO         1930    i.GPIO_Init         stm32f4xx_gpio.o
    0x080009ac   0x080009ac   0x00000046   Code   RO         1931    i.GPIO_PinAFConfig  stm32f4xx_gpio.o
    0x080009f2   0x080009f2   0x00000012   Code   RO         1934    i.GPIO_ReadInputDataBit  stm32f4xx_gpio.o
    0x08000a04   0x08000a04   0x00000004   Code   RO         1937    i.GPIO_ResetBits    stm32f4xx_gpio.o
    0x08000a08   0x08000a08   0x00000004   Code   RO         1938    i.GPIO_SetBits      stm32f4xx_gpio.o
    0x08000a0c   0x08000a0c   0x0000000a   Code   RO         1942    i.GPIO_WriteBit     stm32f4xx_gpio.o
    0x08000a16   0x08000a16   0x00000002   PAD
    0x08000a18   0x08000a18   0x00000058   Code   RO         7029    i.HMC5883L_GetData  hmc5883l.o
    0x08000a70   0x08000a70   0x0000001c   Code   RO         7030    i.HMC5883L_Init     hmc5883l.o
    0x08000a8c   0x08000a8c   0x0000003e   Code   RO         7031    i.HMC5883L_ReadReg  hmc5883l.o
    0x08000aca   0x08000aca   0x0000002e   Code   RO         7032    i.HMC5883L_WriteReg  hmc5883l.o
    0x08000af8   0x08000af8   0x00000004   Code   RO         7670    i.HardFault_Handler  stm32f4xx_it.o
    0x08000afc   0x08000afc   0x00000170   Code   RO         7081    i.IC_Init           ic.o
    0x08000c6c   0x08000c6c   0x0000003c   Code   RO         7116    i.IIC_Init          iic.o
    0x08000ca8   0x08000ca8   0x0000001c   Code   RO         7117    i.IIC_R_SDA         iic.o
    0x08000cc4   0x08000cc4   0x0000001e   Code   RO         7118    i.IIC_ReceiveACK    iic.o
    0x08000ce2   0x08000ce2   0x00000032   Code   RO         7119    i.IIC_ReceiveByte   iic.o
    0x08000d14   0x08000d14   0x00000018   Code   RO         7120    i.IIC_SendACK       iic.o
    0x08000d2c   0x08000d2c   0x00000028   Code   RO         7121    i.IIC_SendByte      iic.o
    0x08000d54   0x08000d54   0x0000001c   Code   RO         7122    i.IIC_Start         iic.o
    0x08000d70   0x08000d70   0x00000016   Code   RO         7123    i.IIC_Stop          iic.o
    0x08000d86   0x08000d86   0x00000002   PAD
    0x08000d88   0x08000d88   0x0000001c   Code   RO         7124    i.IIC_W_SCL         iic.o
    0x08000da4   0x08000da4   0x0000001c   Code   RO         7125    i.IIC_W_SDA         iic.o
    0x08000dc0   0x08000dc0   0x00000034   Code   RO         7197    i.LED_Init          led.o
    0x08000df4   0x08000df4   0x00000010   Code   RO         7198    i.LED_OFF           led.o
    0x08000e04   0x08000e04   0x00000010   Code   RO         7199    i.LED_ON            led.o
    0x08000e14   0x08000e14   0x000000f4   Code   RO         7233    i.MPU6050_GetData   mpu6050.o
    0x08000f08   0x08000f08   0x0000003c   Code   RO         7235    i.MPU6050_Init      mpu6050.o
    0x08000f44   0x08000f44   0x0000003e   Code   RO         7236    i.MPU6050_ReadReg   mpu6050.o
    0x08000f82   0x08000f82   0x0000002e   Code   RO         7237    i.MPU6050_WriteReg  mpu6050.o
    0x08000fb0   0x08000fb0   0x00000004   Code   RO         7671    i.MemManage_Handler  stm32f4xx_it.o
    0x08000fb4   0x08000fb4   0x00000080   Code   RO         7421    i.Motor_Start       pwm.o
    0x08001034   0x08001034   0x00000002   Code   RO         7672    i.NMI_Handler       stm32f4xx_it.o
    0x08001036   0x08001036   0x00000002   PAD
    0x08001038   0x08001038   0x00000078   Code   RO          134    i.NVIC_Init         misc.o
    0x080010b0   0x080010b0   0x00000118   Code   RO         7002    i.OSDebugInit       os_dbg.o
    0x080011c8   0x080011c8   0x00000030   Code   RO         6101    i.OSInit            os_core.o
    0x080011f8   0x080011f8   0x00000030   Code   RO         6891    i.OSInitHookBegin   os_cpu_c.o
    0x08001228   0x08001228   0x00000002   Code   RO         6892    i.OSInitHookEnd     os_cpu_c.o
    0x0800122a   0x0800122a   0x00000002   PAD
    0x0800122c   0x0800122c   0x0000002c   Code   RO         6102    i.OSIntEnter        os_core.o
    0x08001258   0x08001258   0x000000a8   Code   RO         6103    i.OSIntExit         os_core.o
    0x08001300   0x08001300   0x00000040   Code   RO         6104    i.OSSchedLock       os_core.o
    0x08001340   0x08001340   0x00000060   Code   RO         6105    i.OSSchedUnlock     os_core.o
    0x080013a0   0x080013a0   0x00000048   Code   RO         6106    i.OSStart           os_core.o
    0x080013e8   0x080013e8   0x00000002   Code   RO         6893    i.OSTCBInitHook     os_cpu_c.o
    0x080013ea   0x080013ea   0x00000002   PAD
    0x080013ec   0x080013ec   0x000000a0   Code   RO         6709    i.OSTaskCreate      os_task.o
    0x0800148c   0x0800148c   0x000000b8   Code   RO         6710    i.OSTaskCreateExt   os_task.o
    0x08001544   0x08001544   0x00000002   Code   RO         6894    i.OSTaskCreateHook  os_cpu_c.o
    0x08001546   0x08001546   0x00000002   PAD
    0x08001548   0x08001548   0x00000160   Code   RO         6711    i.OSTaskDel         os_task.o
    0x080016a8   0x080016a8   0x00000002   Code   RO         6895    i.OSTaskDelHook     os_cpu_c.o
    0x080016aa   0x080016aa   0x00000002   Code   RO         6896    i.OSTaskIdleHook    os_cpu_c.o
    0x080016ac   0x080016ac   0x00000070   Code   RO         6714    i.OSTaskNameSet     os_task.o
    0x0800171c   0x0800171c   0x00000002   Code   RO         6897    i.OSTaskReturnHook  os_cpu_c.o
    0x0800171e   0x0800171e   0x00000002   Code   RO         6898    i.OSTaskStatHook    os_cpu_c.o
    0x08001720   0x08001720   0x00000088   Code   RO         6720    i.OSTaskStkChk      os_task.o
    0x080017a8   0x080017a8   0x000001b0   Code   RO         6899    i.OSTaskStkInit     os_cpu_c.o
    0x08001958   0x08001958   0x000000a8   Code   RO         6721    i.OSTaskSuspend     os_task.o
    0x08001a00   0x08001a00   0x00000002   Code   RO         6900    i.OSTaskSwHook      os_cpu_c.o
    0x08001a02   0x08001a02   0x00000002   PAD
    0x08001a04   0x08001a04   0x00000078   Code   RO         6822    i.OSTimeDly         os_time.o
    0x08001a7c   0x08001a7c   0x00000060   Code   RO         6823    i.OSTimeDlyHMSM     os_time.o
    0x08001adc   0x08001adc   0x0000001c   Code   RO         6825    i.OSTimeGet         os_time.o
    0x08001af8   0x08001af8   0x000000ec   Code   RO         6108    i.OSTimeTick        os_core.o
    0x08001be4   0x08001be4   0x00000002   Code   RO         6901    i.OSTimeTickHook    os_cpu_c.o
    0x08001be6   0x08001be6   0x00000002   Code   RO         6110    i.OS_Dummy          os_core.o
    0x08001be8   0x08001be8   0x0000002e   Code   RO         6112    i.OS_EventTaskRemove  os_core.o
    0x08001c16   0x08001c16   0x0000003a   Code   RO         6113    i.OS_EventTaskRemoveMulti  os_core.o
    0x08001c50   0x08001c50   0x00000058   Code   RO         6331    i.OS_FlagInit       os_flag.o
    0x08001ca8   0x08001ca8   0x00000024   Code   RO         6333    i.OS_FlagUnlink     os_flag.o
    0x08001ccc   0x08001ccc   0x00000060   Code   RO         6117    i.OS_InitEventList  os_core.o
    0x08001d2c   0x08001d2c   0x0000005c   Code   RO         6118    i.OS_InitMisc       os_core.o
    0x08001d88   0x08001d88   0x00000044   Code   RO         6119    i.OS_InitRdyList    os_core.o
    0x08001dcc   0x08001dcc   0x00000080   Code   RO         6120    i.OS_InitTCBList    os_core.o
    0x08001e4c   0x08001e4c   0x00000050   Code   RO         6121    i.OS_InitTaskIdle   os_core.o
    0x08001e9c   0x08001e9c   0x00000050   Code   RO         6122    i.OS_InitTaskStat   os_core.o
    0x08001eec   0x08001eec   0x00000012   Code   RO         6123    i.OS_MemClr         os_core.o
    0x08001efe   0x08001efe   0x00000002   PAD
    0x08001f00   0x08001f00   0x00000050   Code   RO         6568    i.OS_QInit          os_q.o
    0x08001f50   0x08001f50   0x00000074   Code   RO         6125    i.OS_Sched          os_core.o
    0x08001fc4   0x08001fc4   0x0000002c   Code   RO         6126    i.OS_SchedNew       os_core.o
    0x08001ff0   0x08001ff0   0x00000140   Code   RO         6128    i.OS_TCBInit        os_core.o
    0x08002130   0x08002130   0x00000028   Code   RO         6129    i.OS_TaskIdle       os_core.o
    0x08002158   0x08002158   0x00000018   Code   RO         6722    i.OS_TaskReturn     os_task.o
    0x08002170   0x08002170   0x000000a0   Code   RO         6130    i.OS_TaskStat       os_core.o
    0x08002210   0x08002210   0x0000003c   Code   RO         6131    i.OS_TaskStatStkChk  os_core.o
    0x0800224c   0x0800224c   0x0000001a   Code   RO         6723    i.OS_TaskStkClr     os_task.o
    0x08002266   0x08002266   0x00000002   PAD
    0x08002268   0x08002268   0x0000011c   Code   RO         7422    i.PWM_Init          pwm.o
    0x08002384   0x08002384   0x000000b4   Code   RO         7423    i.PWM_OUT           pwm.o
    0x08002438   0x08002438   0x00000020   Code   RO         2883    i.RCC_AHB1PeriphClockCmd  stm32f4xx_rcc.o
    0x08002458   0x08002458   0x00000020   Code   RO         2889    i.RCC_APB1PeriphClockCmd  stm32f4xx_rcc.o
    0x08002478   0x08002478   0x00000020   Code   RO         2891    i.RCC_APB1PeriphResetCmd  stm32f4xx_rcc.o
    0x08002498   0x08002498   0x00000020   Code   RO         2892    i.RCC_APB2PeriphClockCmd  stm32f4xx_rcc.o
    0x080024b8   0x080024b8   0x00000020   Code   RO         2894    i.RCC_APB2PeriphResetCmd  stm32f4xx_rcc.o
    0x080024d8   0x080024d8   0x000000e8   Code   RO         2901    i.RCC_GetClocksFreq  stm32f4xx_rcc.o
    0x080025c0   0x080025c0   0x000000c8   Code   RO         5114    i.SEGGER_RTT_AllocUpBuffer  segger_rtt.o
    0x08002688   0x08002688   0x00000078   Code   RO         5115    i.SEGGER_RTT_ConfigDownBuffer  segger_rtt.o
    0x08002700   0x08002700   0x000000ac   Code   RO         5128    i.SEGGER_RTT_ReadNoLock  segger_rtt.o
    0x080027ac   0x080027ac   0x000000a0   Code   RO         5142    i.SEGGER_RTT_WriteSkipNoLock  segger_rtt.o
    0x0800284c   0x0800284c   0x0000002c   Code   RO         5952    i.SEGGER_SYSVIEW_Conf  segger_sysview_config_ucosii.o
    0x08002878   0x08002878   0x000000bc   Code   RO         5401    i.SEGGER_SYSVIEW_GetSysDesc  segger_sysview.o
    0x08002934   0x08002934   0x00000068   Code   RO         5406    i.SEGGER_SYSVIEW_Init  segger_sysview.o
    0x0800299c   0x0800299c   0x00000070   Code   RO         5412    i.SEGGER_SYSVIEW_NameResource  segger_sysview.o
    0x08002a0c   0x08002a0c   0x00000064   Code   RO         5427    i.SEGGER_SYSVIEW_RecordEnterISR  segger_sysview.o
    0x08002a70   0x08002a70   0x00000034   Code   RO         5429    i.SEGGER_SYSVIEW_RecordExitISR  segger_sysview.o
    0x08002aa4   0x08002aa4   0x00000034   Code   RO         5430    i.SEGGER_SYSVIEW_RecordExitISRToScheduler  segger_sysview.o
    0x08002ad8   0x08002ad8   0x0000003c   Code   RO         5434    i.SEGGER_SYSVIEW_RecordSystime  segger_sysview.o
    0x08002b14   0x08002b14   0x0000005c   Code   RO         5435    i.SEGGER_SYSVIEW_RecordU32  segger_sysview.o
    0x08002b70   0x08002b70   0x0000007c   Code   RO         5437    i.SEGGER_SYSVIEW_RecordU32x2  segger_sysview.o
    0x08002bec   0x08002bec   0x00000038   Code   RO         5445    i.SEGGER_SYSVIEW_RecordVoid  segger_sysview.o
    0x08002c24   0x08002c24   0x000000b4   Code   RO         5447    i.SEGGER_SYSVIEW_SendModule  segger_sysview.o
    0x08002cd8   0x08002cd8   0x00000024   Code   RO         5448    i.SEGGER_SYSVIEW_SendModuleDescription  segger_sysview.o
    0x08002cfc   0x08002cfc   0x00000058   Code   RO         5449    i.SEGGER_SYSVIEW_SendNumModules  segger_sysview.o
    0x08002d54   0x08002d54   0x00000048   Code   RO         5451    i.SEGGER_SYSVIEW_SendSysDesc  segger_sysview.o
    0x08002d9c   0x08002d9c   0x0000010c   Code   RO         5452    i.SEGGER_SYSVIEW_SendTaskInfo  segger_sysview.o
    0x08002ea8   0x08002ea8   0x00000020   Code   RO         5453    i.SEGGER_SYSVIEW_SendTaskList  segger_sysview.o
    0x08002ec8   0x08002ec8   0x0000000c   Code   RO         5454    i.SEGGER_SYSVIEW_SetRAMBase  segger_sysview.o
    0x08002ed4   0x08002ed4   0x000000fc   Code   RO         5456    i.SEGGER_SYSVIEW_Start  segger_sysview.o
    0x08002fd0   0x08002fd0   0x00000044   Code   RO         5457    i.SEGGER_SYSVIEW_Stop  segger_sysview.o
    0x08003014   0x08003014   0x00000002   Code   RO         7673    i.SVC_Handler       stm32f4xx_it.o
    0x08003016   0x08003016   0x0000000e   Code   RO         5953    i.SYSCLK_FreqGet    segger_sysview_config_ucosii.o
    0x08003024   0x08003024   0x00000050   Code   RO         5999    i.SYSVIEW_SendResourceList  segger_sysview_ucosii.o
    0x08003074   0x08003074   0x00000032   Code   RO         6000    i.SYSVIEW_SendTaskInfo  segger_sysview_ucosii.o
    0x080030a6   0x080030a6   0x00000002   PAD
    0x080030a8   0x080030a8   0x000000cc   Code   RO         7468    i.Send_Senser       serial.o
    0x08003174   0x08003174   0x000000b4   Code   RO         7471    i.Serial_Init       serial.o
    0x08003228   0x08003228   0x00000020   Code   RO         7475    i.Serial_SendByte   serial.o
    0x08003248   0x08003248   0x000000e8   Code   RO           13    i.SetSysClock       system_stm32f4xx.o
    0x08003330   0x08003330   0x00000028   Code   RO          138    i.SysTick_CLKSourceConfig  misc.o
    0x08003358   0x08003358   0x00000010   Code   RO         6902    i.SysTick_Handler   os_cpu_c.o
    0x08003368   0x08003368   0x00000060   Code   RO         6903    i.SysTick_Init      os_cpu_c.o
    0x080033c8   0x080033c8   0x00000068   Code   RO           15    i.SystemInit        system_stm32f4xx.o
    0x08003430   0x08003430   0x0000003a   Code   RO         4200    i.TI1_Config        stm32f4xx_tim.o
    0x0800346a   0x0800346a   0x00000050   Code   RO         4201    i.TI2_Config        stm32f4xx_tim.o
    0x080034ba   0x080034ba   0x00000048   Code   RO         4202    i.TI3_Config        stm32f4xx_tim.o
    0x08003502   0x08003502   0x00000050   Code   RO         4203    i.TI4_Config        stm32f4xx_tim.o
    0x08003552   0x08003552   0x00000002   PAD
    0x08003554   0x08003554   0x000002cc   Code   RO         7082    i.TIM4_IRQHandler   ic.o
    0x08003820   0x08003820   0x00000018   Code   RO         4204    i.TIM_ARRPreloadConfig  stm32f4xx_tim.o
    0x08003838   0x08003838   0x00000006   Code   RO         4210    i.TIM_ClearFlag     stm32f4xx_tim.o
    0x0800383e   0x0800383e   0x00000006   Code   RO         4211    i.TIM_ClearITPendingBit  stm32f4xx_tim.o
    0x08003844   0x08003844   0x00000018   Code   RO         4216    i.TIM_Cmd           stm32f4xx_tim.o
    0x0800385c   0x0800385c   0x00000190   Code   RO         4221    i.TIM_DeInit        stm32f4xx_tim.o
    0x080039ec   0x080039ec   0x00000006   Code   RO         4231    i.TIM_GetCapture1   stm32f4xx_tim.o
    0x080039f2   0x080039f2   0x00000006   Code   RO         4232    i.TIM_GetCapture2   stm32f4xx_tim.o
    0x080039f8   0x080039f8   0x00000006   Code   RO         4233    i.TIM_GetCapture3   stm32f4xx_tim.o
    0x080039fe   0x080039fe   0x00000006   Code   RO         4234    i.TIM_GetCapture4   stm32f4xx_tim.o
    0x08003a04   0x08003a04   0x00000012   Code   RO         4236    i.TIM_GetFlagStatus  stm32f4xx_tim.o
    0x08003a16   0x08003a16   0x00000022   Code   RO         4237    i.TIM_GetITStatus   stm32f4xx_tim.o
    0x08003a38   0x08003a38   0x0000006e   Code   RO         4239    i.TIM_ICInit        stm32f4xx_tim.o
    0x08003aa6   0x08003aa6   0x00000012   Code   RO         4241    i.TIM_ITConfig      stm32f4xx_tim.o
    0x08003ab8   0x08003ab8   0x0000000c   Code   RO         4243    i.TIM_InternalClockConfig  stm32f4xx_tim.o
    0x08003ac4   0x08003ac4   0x0000007c   Code   RO         4245    i.TIM_OC1Init       stm32f4xx_tim.o
    0x08003b40   0x08003b40   0x00000012   Code   RO         4247    i.TIM_OC1PolarityConfig  stm32f4xx_tim.o
    0x08003b52   0x08003b52   0x00000002   PAD
    0x08003b54   0x08003b54   0x000000a4   Code   RO         4250    i.TIM_OC2Init       stm32f4xx_tim.o
    0x08003bf8   0x08003bf8   0x0000001a   Code   RO         4252    i.TIM_OC2PolarityConfig  stm32f4xx_tim.o
    0x08003c12   0x08003c12   0x00000002   PAD
    0x08003c14   0x08003c14   0x000000a0   Code   RO         4255    i.TIM_OC3Init       stm32f4xx_tim.o
    0x08003cb4   0x08003cb4   0x0000001a   Code   RO         4257    i.TIM_OC3PolarityConfig  stm32f4xx_tim.o
    0x08003cce   0x08003cce   0x00000002   PAD
    0x08003cd0   0x08003cd0   0x00000078   Code   RO         4260    i.TIM_OC4Init       stm32f4xx_tim.o
    0x08003d48   0x08003d48   0x0000001a   Code   RO         4261    i.TIM_OC4PolarityConfig  stm32f4xx_tim.o
    0x08003d62   0x08003d62   0x00000014   Code   RO         4263    i.TIM_OCStructInit  stm32f4xx_tim.o
    0x08003d76   0x08003d76   0x00000004   Code   RO         4278    i.TIM_SetCompare1   stm32f4xx_tim.o
    0x08003d7a   0x08003d7a   0x00000004   Code   RO         4279    i.TIM_SetCompare2   stm32f4xx_tim.o
    0x08003d7e   0x08003d7e   0x00000004   Code   RO         4280    i.TIM_SetCompare3   stm32f4xx_tim.o
    0x08003d82   0x08003d82   0x00000004   Code   RO         4281    i.TIM_SetCompare4   stm32f4xx_tim.o
    0x08003d86   0x08003d86   0x00000012   Code   RO         4283    i.TIM_SetIC1Prescaler  stm32f4xx_tim.o
    0x08003d98   0x08003d98   0x0000001a   Code   RO         4284    i.TIM_SetIC2Prescaler  stm32f4xx_tim.o
    0x08003db2   0x08003db2   0x00000012   Code   RO         4285    i.TIM_SetIC3Prescaler  stm32f4xx_tim.o
    0x08003dc4   0x08003dc4   0x0000001a   Code   RO         4286    i.TIM_SetIC4Prescaler  stm32f4xx_tim.o
    0x08003dde   0x08003dde   0x00000002   PAD
    0x08003de0   0x08003de0   0x00000084   Code   RO         4288    i.TIM_TimeBaseInit  stm32f4xx_tim.o
    0x08003e64   0x08003e64   0x00000012   Code   RO         7572    i.Task_Angel        main.o
    0x08003e76   0x08003e76   0x00000002   PAD
    0x08003e78   0x08003e78   0x00000054   Code   RO         7573    i.Task_Com          main.o
    0x08003ecc   0x08003ecc   0x00000024   Code   RO         7574    i.Task_LED          main.o
    0x08003ef0   0x08003ef0   0x0000000e   Code   RO         7575    i.Task_Motor        main.o
    0x08003efe   0x08003efe   0x00000002   PAD
    0x08003f00   0x08003f00   0x000000f0   Code   RO         7576    i.Task_Startup      main.o
    0x08003ff0   0x08003ff0   0x00000038   Code   RO         7478    i.USART1_IRQHandler  serial.o
    0x08004028   0x08004028   0x0000001e   Code   RO         4770    i.USART_ClearITPendingBit  stm32f4xx_usart.o
    0x08004046   0x08004046   0x00000018   Code   RO         4773    i.USART_Cmd         stm32f4xx_usart.o
    0x0800405e   0x0800405e   0x0000001a   Code   RO         4776    i.USART_GetFlagStatus  stm32f4xx_usart.o
    0x08004078   0x08004078   0x0000004a   Code   RO         4779    i.USART_ITConfig    stm32f4xx_usart.o
    0x080040c2   0x080040c2   0x00000002   PAD
    0x080040c4   0x080040c4   0x000000d4   Code   RO         4780    i.USART_Init        stm32f4xx_usart.o
    0x08004198   0x08004198   0x0000000a   Code   RO         4787    i.USART_ReceiveData  stm32f4xx_usart.o
    0x080041a2   0x080041a2   0x00000008   Code   RO         4790    i.USART_SendData    stm32f4xx_usart.o
    0x080041aa   0x080041aa   0x00000004   Code   RO         7674    i.UsageFault_Handler  stm32f4xx_it.o
    0x080041ae   0x080041ae   0x00000002   PAD
    0x080041b0   0x080041b0   0x00000070   Code   RO         5145    i._DoInit           segger_rtt.o
    0x08004220   0x08004220   0x0000002c   Code   RO         5470    i._EncodeStr        segger_sysview.o
    0x0800424c   0x0800424c   0x000000a8   Code   RO         5471    i._HandleIncomingPacket  segger_sysview.o
    0x080042f4   0x080042f4   0x00000006   Code   RO         5472    i._PreparePacket    segger_sysview.o
    0x080042fa   0x080042fa   0x00000002   PAD
    0x080042fc   0x080042fc   0x000001e0   Code   RO         5475    i._SendPacket       segger_sysview.o
    0x080044dc   0x080044dc   0x00000088   Code   RO         5477    i._TrySendOverflowPacket  segger_sysview.o
    0x08004564   0x08004564   0x00000014   Code   RO         6006    i._cbGetTime        segger_sysview_ucosii.o
    0x08004578   0x08004578   0x00000054   Code   RO         5954    i._cbSendSystemDesc  segger_sysview_config_ucosii.o
    0x080045cc   0x080045cc   0x00000054   Code   RO         6007    i._cbSendTaskList   segger_sysview_ucosii.o
    0x08004620   0x08004620   0x0000000e   Code   RO         7752    i._is_digit         c_w.l(__printf_wp.o)
    0x0800462e   0x0800462e   0x00000004   Code   RO         7479    i._sys_exit         serial.o
    0x08004632   0x08004632   0x00000010   Code   RO         7480    i.fputc             serial.o
    0x08004642   0x08004642   0x00000002   PAD
    0x08004644   0x08004644   0x00000024   Code   RO         7577    i.main              main.o
    0x08004668   0x08004668   0x0000005a   Code   RO         7774    x$fpl$dfixu         fz_wm.l(dfixu.o)
    0x080046c2   0x080046c2   0x00000026   Code   RO         7778    x$fpl$dfltu         fz_wm.l(dflt_clz.o)
    0x080046e8   0x080046e8   0x00000154   Code   RO         7784    x$fpl$dmul          fz_wm.l(dmul.o)
    0x0800483c   0x0800483c   0x0000009c   Code   RO         7861    x$fpl$dnaninf       fz_wm.l(dnaninf.o)
    0x080048d8   0x080048d8   0x0000000c   Code   RO         7863    x$fpl$dretinf       fz_wm.l(dretinf.o)
    0x080048e4   0x080048e4   0x0000000a   Code   RO         8023    x$fpl$fpinit        fz_wm.l(fpinit.o)
    0x080048ee   0x080048ee   0x00000000   Code   RO         7873    x$fpl$usenofp       fz_wm.l(usenofp.o)
    0x080048ee   0x080048ee   0x00000021   Data   RO         5151    .constdata          segger_rtt.o
    0x0800490f   0x0800490f   0x0000001a   Data   RO         5481    .constdata          segger_sysview.o
    0x08004929   0x08004929   0x00000003   PAD
    0x0800492c   0x0800492c   0x00000008   Data   RO         6009    .constdata          segger_sysview_ucosii.o
    0x08004934   0x08004934   0x00000100   Data   RO         6133    .constdata          os_core.o
    0x08004a34   0x08004a34   0x00000074   Data   RO         7003    .constdata          os_dbg.o
    0x08004aa8   0x08004aa8   0x00000011   Data   RO         7760    .constdata          c_w.l(__printf_flags_ss_wp.o)
    0x08004ab9   0x08004ab9   0x00000003   PAD
    0x08004abc   0x08004abc   0x00000020   Data   RO         8087    Region$$Table       anon$$obj.o


    Execution Region RW_IRAM1 (Exec base: 0x20000000, Load base: 0x08004adc, Size: 0x000051b0, Max: 0x00018000, ABSOLUTE)

    Exec Addr    Load Addr    Size         Type   Attr      Idx    E Section Name        Object

    0x20000000   0x08004adc   0x00000010   Data   RW         2931    .data               stm32f4xx_rcc.o
    0x20000010   0x08004aec   0x00000004   Data   RW         5036    .data               delay.o
    0x20000014   0x08004af0   0x00000015   Data   RW         5482    .data               segger_sysview.o
    0x20000029   0x08004b05   0x00000003   PAD
    0x2000002c   0x08004b08   0x00000008   Data   RW         6011    .data               segger_sysview_ucosii.o
    0x20000034   0x08004b10   0x0000004c   Data   RW         6134    .data               os_core.o
    0x20000080   0x08004b5c   0x00000004   Data   RW         6905    .data               os_cpu_c.o
    0x20000084   0x08004b60   0x0000000c   Data   RW         7084    .data               ic.o
    0x20000090   0x08004b6c   0x00000008   Data   RW         7481    .data               serial.o
    0x20000098   0x08004b74   0x00000006   Data   RW         7579    .data               main.o
    0x2000009e   0x08004b7a   0x00000002   PAD
    0x200000a0        -       0x000010b8   Zero   RW         5150    .bss                segger_rtt.o
    0x20001158        -       0x0000110b   Zero   RW         5480    .bss                segger_sysview.o
    0x20002263   0x08004b7a   0x00000001   PAD
    0x20002264        -       0x00000e80   Zero   RW         6008    .bss                segger_sysview_ucosii.o
    0x200030e4        -       0x00000f20   Zero   RW         6132    .bss                os_core.o
    0x20004004        -       0x00000200   Zero   RW         6904    .bss                os_cpu_c.o
    0x20004204        -       0x00000010   Zero   RW         7083    .bss                ic.o
    0x20004214        -       0x0000093c   Zero   RW         7578    .bss                main.o
    0x20004b50        -       0x00000060   Zero   RW         7960    .bss                c_w.l(libspace.o)
    0x20004bb0        -       0x00000200   Zero   RW            2    HEAP                startup_stm32f401xe.o
    0x20004db0        -       0x00000400   Zero   RW            1    STACK               startup_stm32f401xe.o


==============================================================================

Image component sizes


      Code (inc. data)   RO Data    RW Data    ZI Data      Debug   Object Name

       252         24          0          4          0      16048   delay.o
       224          6          0          0          0       2206   hmc5883l.o
      1084         32          0         12         16       2361   ic.o
       338         24          0          0          0       5030   iic.o
        84         12          0          0          0       1374   led.o
       428        102          0          6       2364       4886   main.o
       160         14          0          0          0     209562   misc.o
       412         12          0          0          0       2262   mpu6050.o
      2136        390        256         76       3872      21278   os_core.o
       200         32          0          0          0        288   os_cpu_a.o
       610         30          0          4        512      41563   os_cpu_c.o
       280        184        116          0          0       3322   os_dbg.o
       124         14          0          0          0       1202   os_flag.o
        80          8          0          0          0        563   os_q.o
      1162        116          0          0          0       6744   os_task.o
       244         34          0          0          0       1924   os_time.o
       592         36          0          0          0       1731   pwm.o
       764         54         33          0       4280       9628   segger_rtt.o
      2782        180         26         21       4363      28113   segger_sysview.o
       142         74          0          0          0       1591   segger_sysview_config_ucosii.o
       234         18          8          8       3712       3578   segger_sysview_ucosii.o
       492        134          0          8          0       5530   serial.o
        64         26        404          0       1536        848   startup_stm32f401xe.o
         0          0          0          0          0       1624   stm32f4xx_adc.o
         0          0          0          0          0      15176   stm32f4xx_dfsdm.o
       250          0          0          0          0      10691   stm32f4xx_gpio.o
        22          0          0          0          0       3095   stm32f4xx_it.o
       392         48          0         16          0       5605   stm32f4xx_rcc.o
      1886        120          0          0          0      41616   stm32f4xx_tim.o
       384          8          0          0          0      11087   stm32f4xx_usart.o
       336         32          0          0          0      53605   system_stm32f4xx.o

    ----------------------------------------------------------------------
     16202       1764        878        160      20656     514131   Object Totals
         0          0         32          0          0          0   (incl. Generated)
        44          0          3          5          1          0   (incl. Padding)

    ----------------------------------------------------------------------

      Code (inc. data)   RO Data    RW Data    ZI Data      Debug   Library Member Name

        24          4          0          0          0         84   __2printf.o
         8          0          0          0          0         68   __main.o
       392          4         17          0          0         92   __printf_flags_ss_wp.o
        14          0          0          0          0         68   __printf_wp.o
         0          0          0          0          0          0   __rtentry.o
        12          0          0          0          0          0   __rtentry2.o
         6          0          0          0          0          0   __rtentry4.o
        52          8          0          0          0          0   __scatter.o
        26          0          0          0          0          0   __scatter_copy.o
        28          0          0          0          0          0   __scatter_zi.o
        48          6          0          0          0         96   _printf_char_common.o
        36          4          0          0          0         80   _printf_char_file.o
         6          0          0          0          0          0   _printf_d.o
       120         16          0          0          0         92   _printf_dec.o
       178          0          0          0          0         88   _printf_intcommon.o
         0          0          0          0          0          0   _printf_percent.o
         4          0          0          0          0          0   _printf_percent_end.o
        18          0          0          0          0         80   exit.o
         8          0          0          0          0         68   ferror.o
         6          0          0          0          0        152   heapauxi.o
         2          0          0          0          0          0   libinit.o
         6          0          0          0          0          0   libinit2.o
         2          0          0          0          0          0   libshutdown.o
         2          0          0          0          0          0   libshutdown2.o
         8          4          0          0         96         68   libspace.o
        78          0          0          0          0         80   rt_memclr_w.o
       138          0          0          0          0         68   rt_memcpy_v6.o
       100          0          0          0          0         80   rt_memcpy_w.o
         2          0          0          0          0          0   rtexit.o
        10          0          0          0          0          0   rtexit2.o
        74          0          0          0          0         80   sys_stackheap_outer.o
         2          0          0          0          0         68   use_no_semi.o
         2          0          0          0          0         68   use_no_semi_2.o
        90          4          0          0          0        140   dfixu.o
        38          0          0          0          0        116   dflt_clz.o
       340         12          0          0          0        152   dmul.o
       156          4          0          0          0        140   dnaninf.o
        12          0          0          0          0        116   dretinf.o
        10          0          0          0          0        116   fpinit.o
         0          0          0          0          0          0   usenofp.o

    ----------------------------------------------------------------------
      2064         66         20          0         96       2260   Library Totals
         6          0          3          0          0          0   (incl. Padding)

    ----------------------------------------------------------------------

      Code (inc. data)   RO Data    RW Data    ZI Data      Debug   Library Name

      1412         46         17          0         96       1480   c_w.l
       646         20          0          0          0        780   fz_wm.l

    ----------------------------------------------------------------------
      2064         66         20          0         96       2260   Library Totals

    ----------------------------------------------------------------------

==============================================================================


      Code (inc. data)   RO Data    RW Data    ZI Data      Debug   

     18266       1830        898        160      20752     496363   Grand Totals
     18266       1830        898        160      20752     496363   ELF Image Totals
     18266       1830        898        160          0          0   ROM Totals

==============================================================================

    Total RO  Size (Code + RO Data)                19164 (  18.71kB)
    Total RW  Size (RW Data + ZI Data)             20912 (  20.42kB)
    Total ROM Size (Code + RO Data + RW Data)      19324 (  18.87kB)

==============================================================================

