Component: ARM Compiler 5.06 update 5 (build 528) Tool: armlink [4d35e2]

==============================================================================

Section Cross References

    os_core.o(i.OSEventNameGet) refers to os_cpu_a.o(.text) for OS_CPU_SR_Save
    os_core.o(i.OSEventNameGet) refers to os_core.o(i.OS_StrLen) for OS_StrLen
    os_core.o(i.OSEventNameGet) refers to os_core.o(.data) for OSIntNesting
    os_core.o(i.OSEventNameSet) refers to os_cpu_a.o(.text) for OS_CPU_SR_Save
    os_core.o(i.OSEventNameSet) refers to os_core.o(.data) for OSIntNesting
    os_core.o(i.OSEventPendMulti) refers to os_cpu_a.o(.text) for OS_CPU_SR_Save
    os_core.o(i.OSEventPendMulti) refers to os_core.o(i.OS_EventTaskWaitMulti) for OS_EventTaskWaitMulti
    os_core.o(i.OSEventPendMulti) refers to os_core.o(i.OS_Sched) for OS_Sched
    os_core.o(i.OSEventPendMulti) refers to os_core.o(i.OS_EventTaskRemoveMulti) for OS_EventTaskRemoveMulti
    os_core.o(i.OSEventPendMulti) refers to os_core.o(.data) for OSIntNesting
    os_core.o(i.OSInit) refers to os_cpu_c.o(i.OSInitHookBegin) for OSInitHookBegin
    os_core.o(i.OSInit) refers to os_core.o(i.OS_InitMisc) for OS_InitMisc
    os_core.o(i.OSInit) refers to os_core.o(i.OS_InitRdyList) for OS_InitRdyList
    os_core.o(i.OSInit) refers to os_core.o(i.OS_InitTCBList) for OS_InitTCBList
    os_core.o(i.OSInit) refers to os_core.o(i.OS_InitEventList) for OS_InitEventList
    os_core.o(i.OSInit) refers to os_flag.o(i.OS_FlagInit) for OS_FlagInit
    os_core.o(i.OSInit) refers to os_mem.o(i.OS_MemInit) for OS_MemInit
    os_core.o(i.OSInit) refers to os_q.o(i.OS_QInit) for OS_QInit
    os_core.o(i.OSInit) refers to os_core.o(i.OS_InitTaskIdle) for OS_InitTaskIdle
    os_core.o(i.OSInit) refers to os_core.o(i.OS_InitTaskStat) for OS_InitTaskStat
    os_core.o(i.OSInit) refers to os_tmr.o(i.OSTmr_Init) for OSTmr_Init
    os_core.o(i.OSInit) refers to os_cpu_c.o(i.OSInitHookEnd) for OSInitHookEnd
    os_core.o(i.OSIntEnter) refers to os_core.o(.data) for OSRunning
    os_core.o(i.OSIntExit) refers to os_cpu_a.o(.text) for OS_CPU_SR_Save
    os_core.o(i.OSIntExit) refers to os_core.o(i.OS_SchedNew) for OS_SchedNew
    os_core.o(i.OSIntExit) refers to os_core.o(.data) for OSRunning
    os_core.o(i.OSIntExit) refers to os_core.o(.bss) for OSTCBPrioTbl
    os_core.o(i.OSSchedLock) refers to os_cpu_a.o(.text) for OS_CPU_SR_Save
    os_core.o(i.OSSchedLock) refers to os_core.o(.data) for OSRunning
    os_core.o(i.OSSchedUnlock) refers to os_cpu_a.o(.text) for OS_CPU_SR_Save
    os_core.o(i.OSSchedUnlock) refers to os_core.o(i.OS_Sched) for OS_Sched
    os_core.o(i.OSSchedUnlock) refers to os_core.o(.data) for OSRunning
    os_core.o(i.OSStart) refers to os_core.o(i.OS_SchedNew) for OS_SchedNew
    os_core.o(i.OSStart) refers to os_cpu_a.o(.text) for OSStartHighRdy
    os_core.o(i.OSStart) refers to os_core.o(.data) for OSRunning
    os_core.o(i.OSStart) refers to os_core.o(.bss) for OSTCBPrioTbl
    os_core.o(i.OSStatInit) refers to os_time.o(i.OSTimeDly) for OSTimeDly
    os_core.o(i.OSStatInit) refers to os_cpu_a.o(.text) for OS_CPU_SR_Save
    os_core.o(i.OSStatInit) refers to os_core.o(.data) for OSIdleCtr
    os_core.o(i.OSTimeTick) refers to os_cpu_c.o(i.OSTimeTickHook) for OSTimeTickHook
    os_core.o(i.OSTimeTick) refers to os_cpu_a.o(.text) for OS_CPU_SR_Save
    os_core.o(i.OSTimeTick) refers to os_core.o(.data) for OSTime
    os_core.o(i.OS_EventTaskRdy) refers to os_core.o(i.OS_EventTaskRemove) for OS_EventTaskRemove
    os_core.o(i.OS_EventTaskRdy) refers to os_core.o(i.OS_EventTaskRemoveMulti) for OS_EventTaskRemoveMulti
    os_core.o(i.OS_EventTaskRdy) refers to os_core.o(.constdata) for OSUnMapTbl
    os_core.o(i.OS_EventTaskRdy) refers to os_core.o(.bss) for OSTCBPrioTbl
    os_core.o(i.OS_EventTaskRdy) refers to os_core.o(.data) for OSRdyGrp
    os_core.o(i.OS_EventTaskWait) refers to os_core.o(.data) for OSTCBCur
    os_core.o(i.OS_EventTaskWaitMulti) refers to os_core.o(.data) for OSTCBCur
    os_core.o(i.OS_InitEventList) refers to os_core.o(i.OS_MemClr) for OS_MemClr
    os_core.o(i.OS_InitEventList) refers to os_core.o(.bss) for OSEventTbl
    os_core.o(i.OS_InitEventList) refers to os_core.o(.data) for OSEventFreeList
    os_core.o(i.OS_InitMisc) refers to os_core.o(.data) for OSTime
    os_core.o(i.OS_InitRdyList) refers to os_core.o(.data) for OSRdyGrp
    os_core.o(i.OS_InitTCBList) refers to os_core.o(i.OS_MemClr) for OS_MemClr
    os_core.o(i.OS_InitTCBList) refers to os_core.o(.bss) for OSTCBTbl
    os_core.o(i.OS_InitTCBList) refers to os_core.o(.data) for OSTCBList
    os_core.o(i.OS_InitTaskIdle) refers to os_task.o(i.OSTaskCreateExt) for OSTaskCreateExt
    os_core.o(i.OS_InitTaskIdle) refers to os_task.o(i.OSTaskNameSet) for OSTaskNameSet
    os_core.o(i.OS_InitTaskIdle) refers to os_core.o(.bss) for OSTaskIdleStk
    os_core.o(i.OS_InitTaskIdle) refers to os_core.o(i.OS_TaskIdle) for OS_TaskIdle
[...]
    startup_stm32f401xe.o(RESET) refers to stm32f4xx_it.o(i.NMI_Handler) for NMI_Handler
    startup_stm32f401xe.o(RESET) refers to stm32f4xx_it.o(i.HardFault_Handler) for HardFault_Handler
    startup_stm32f401xe.o(RESET) refers to stm32f4xx_it.o(i.MemManage_Handler) for MemManage_Handler
    startup_stm32f401xe.o(RESET) refers to stm32f4xx_it.o(i.BusFault_Handler) for BusFault_Handler
    startup_stm32f401xe.o(RESET) refers to stm32f4xx_it.o(i.UsageFault_Handler) for UsageFault_Handler
    startup_stm32f401xe.o(RESET) refers to stm32f4xx_it.o(i.SVC_Handler) for SVC_Handler
    startup_stm32f401xe.o(RESET) refers to stm32f4xx_it.o(i.DebugMon_Handler) for DebugMon_Handler
    startup_stm32f401xe.o(RESET) refers to os_cpu_a.o(.text) for OS_CPU_PendSVHandler
    startup_stm32f401xe.o(RESET) refers to os_cpu_c.o(i.OS_CPU_SysTickHandler) for OS_CPU_SysTickHandler
    startup_stm32f401xe.o(.text) refers (Special) to heapauxi.o(.text) for __use_two_region_memory
    startup_stm32f401xe.o(.text) refers to system_stm32f4xx.o(i.SystemInit) for SystemInit
    startup_stm32f401xe.o(.text) refers to __main.o(!!!main) for __main
    startup_stm32f401xe.o(.text) refers to startup_stm32f401xe.o(HEAP) for Heap_Mem
    startup_stm32f401xe.o(.text) refers to startup_stm32f401xe.o(STACK) for Stack_Mem
    system_stm32f4xx.o(i.SystemCoreClockUpdate) refers to system_stm32f4xx.o(.data) for SystemCoreClock
    system_stm32f4xx.o(i.SystemCoreClockUpdate) refers to system_stm32f4xx.o(.constdata) for AHBPrescTable
    __main.o(!!!main) refers to __rtentry.o(.ARM.Collect$$rtentry$$00000000) for __rt_entry
    __rtentry.o(.ARM.Collect$$rtentry$$00000000) refers (Special) to __rtentry2.o(.ARM.Collect$$rtentry$$0000000A) for __rt_entry_li
    __rtentry.o(.ARM.Collect$$rtentry$$00000000) refers (Special) to __rtentry2.o(.ARM.Collect$$rtentry$$0000000D) for __rt_entry_main
    __rtentry.o(.ARM.Collect$$rtentry$$00000000) refers (Special) to __rtentry2.o(.ARM.Collect$$rtentry$$0000000C) for __rt_entry_postli_1
    __rtentry.o(.ARM.Collect$$rtentry$$00000000) refers (Special) to __rtentry2.o(.ARM.Collect$$rtentry$$00000009) for __rt_entry_postsh_1
    __rtentry.o(.ARM.Collect$$rtentry$$00000000) refers (Special) to __rtentry2.o(.ARM.Collect$$rtentry$$00000002) for __rt_entry_presh_1
    __rtentry.o(.ARM.Collect$$rtentry$$00000000) refers (Special) to __rtentry4.o(.ARM.Collect$$rtentry$$00000004) for __rt_entry_sh
    __rtentry2.o(.ARM.Collect$$rtentry$$00000008) refers to boardinit2.o(.text) for _platform_post_stackheap_init
    __rtentry2.o(.ARM.Collect$$rtentry$$0000000A) refers to libinit.o(.ARM.Collect$$libinit$$00000000) for __rt_lib_init
    __rtentry2.o(.ARM.Collect$$rtentry$$0000000B) refers to boardinit3.o(.text) for _platform_post_lib_init
    __rtentry2.o(.ARM.Collect$$rtentry$$0000000D) refers to main.o(i.main) for main
    __rtentry2.o(.ARM.Collect$$rtentry$$0000000D) refers to exit.o(.text) for exit
    __rtentry2.o(.ARM.exidx) refers to __rtentry2.o(.ARM.Collect$$rtentry$$00000001) for .ARM.Collect$$rtentry$$00000001
    __rtentry2.o(.ARM.exidx) refers to __rtentry2.o(.ARM.Collect$$rtentry$$00000008) for .ARM.Collect$$rtentry$$00000008
    __rtentry2.o(.ARM.exidx) refers to __rtentry2.o(.ARM.Collect$$rtentry$$0000000A) for .ARM.Collect$$rtentry$$0000000A
    __rtentry2.o(.ARM.exidx) refers to __rtentry2.o(.ARM.Collect$$rtentry$$0000000B) for .ARM.Collect$$rtentry$$0000000B
    __rtentry2.o(.ARM.exidx) refers to __rtentry2.o(.ARM.Collect$$rtentry$$0000000D) for .ARM.Collect$$rtentry$$0000000D
    __rtentry4.o(.ARM.Collect$$rtentry$$00000004) refers to sys_stackheap_outer.o(.text) for __user_setup_stackheap
    __rtentry4.o(.ARM.exidx) refers to __rtentry4.o(.ARM.Collect$$rtentry$$00000004) for .ARM.Collect$$rtentry$$00000004
    sys_stackheap_outer.o(.text) refers to libspace.o(.text) for __user_perproc_libspace
    sys_stackheap_outer.o(.text) refers to startup_stm32f401xe.o(.text) for __user_initial_stackheap
    exit.o(.text) refers to rtexit.o(.ARM.Collect$$rtexit$$00000000) for __rt_exit
    libinit.o(.ARM.Collect$$libinit$$00000000) refers (Special) to libinit2.o(.ARM.Collect$$libinit$$0000002E) for __rt_lib_init_alloca_1
    libinit.o(.ARM.Collect$$libinit$$00000000) refers (Special) to libinit2.o(.ARM.Collect$$libinit$$0000002C) for __rt_lib_init_argv_1
    libinit.o(.ARM.Collect$$libinit$$00000000) refers (Special) to libinit2.o(.ARM.Collect$$libinit$$0000001B) for __rt_lib_init_atexit_1
    libinit.o(.ARM.Collect$$libinit$$00000000) refers (Special) to libinit2.o(.ARM.Collect$$libinit$$00000021) for __rt_lib_init_clock_1
    libinit.o(.ARM.Collect$$libinit$$00000000) refers (Special) to libinit2.o(.ARM.Collect$$libinit$$00000032) for __rt_lib_init_cpp_1
    libinit.o(.ARM.Collect$$libinit$$00000000) refers (Special) to libinit2.o(.ARM.Collect$$libinit$$00000030) for __rt_lib_init_exceptions_1
    libinit.o(.ARM.Collect$$libinit$$00000000) refers (Special) to libinit2.o(.ARM.Collect$$libinit$$00000001) for __rt_lib_init_fp_1
    libinit.o(.ARM.Collect$$libinit$$00000000) refers (Special) to libinit2.o(.ARM.Collect$$libinit$$0000001F) for __rt_lib_init_fp_trap_1
    libinit.o(.ARM.Collect$$libinit$$00000000) refers (Special) to libinit2.o(.ARM.Collect$$libinit$$00000023) for __rt_lib_init_getenv_1
    libinit.o(.ARM.Collect$$libinit$$00000000) refers (Special) to libinit2.o(.ARM.Collect$$libinit$$0000000A) for __rt_lib_init_heap_1
    libinit.o(.ARM.Collect$$libinit$$00000000) refers (Special) to libinit2.o(.ARM.Collect$$libinit$$00000011) for __rt_lib_init_lc_collate_1
    libinit.o(.ARM.Collect$$libinit$$00000000) refers (Special) to libinit2.o(.ARM.Collect$$libinit$$00000013) for __rt_lib_init_lc_ctype_1
    libinit.o(.ARM.Collect$$libinit$$00000000) refers (Special) to libinit2.o(.ARM.Collect$$libinit$$00000015) for __rt_lib_init_lc_monetary_1
    libinit.o(.ARM.Collect$$libinit$$00000000) refers (Special) to libinit2.o(.ARM.Collect$$libinit$$00000017) for __rt_lib_init_lc_numeric_1
    libinit.o(.ARM.Collect$$libinit$$00000000) refers (Special) to libinit2.o(.ARM.Collect$$libinit$$00000019) for __rt_lib_init_lc_time_1
    libinit.o(.ARM.Collect$$libinit$$00000000) refers (Special) to libinit2.o(.ARM.Collect$$libinit$$00000004) for __rt_lib_init_preinit_1
    libinit.o(.ARM.Collect$$libinit$$00000000) refers (Special) to libinit2.o(.ARM.Collect$$libinit$$0000000E) for __rt_lib_init_rand_1
    libinit.o(.ARM.Collect$$libinit$$00000000) refers (Special) to libinit2.o(.ARM.Collect$$libinit$$00000033) for __rt_lib_init_return
    libinit.o(.ARM.Collect$$libinit$$00000000) refers (Special) to libinit2.o(.ARM.Collect$$libinit$$0000001D) for __rt_lib_init_signal_1
    libinit.o(.ARM.Collect$$libinit$$00000000) refers (Special) to libinit2.o(.ARM.Collect$$libinit$$00000025) for __rt_lib_init_stdio_1
    libinit.o(.ARM.Collect$$libinit$$00000000) refers (Special) to libinit2.o(.ARM.Collect$$libinit$$0000000C) for __rt_lib_init_user_alloc_1
    libspace.o(.text) refers to libspace.o(.bss) for __libspace_start
    rtexit.o(.ARM.Collect$$rtexit$$00000000) refers (Special) to rtexit2.o(.ARM.Collect$$rtexit$$00000004) for __rt_exit_exit
    rtexit.o(.ARM.Collect$$rtexit$$00000000) refers (Special) to rtexit2.o(.ARM.Collect$$rtexit$$00000003) for __rt_exit_ls
    rtexit.o(.ARM.Collect$$rtexit$$00000000) refers (Special) to rtexit2.o(.ARM.Collect$$rtexit$$00000002) for __rt_exit_prels_1
    rtexit.o(.ARM.exidx) refers (Special) to rtexit2.o(.ARM.Collect$$rtexit$$00000004) for __rt_exit_exit
    rtexit.o(.ARM.exidx) refers (Special) to rtexit2.o(.ARM.Collect$$rtexit$$00000003) for __rt_exit_ls
    rtexit.o(.ARM.exidx) refers (Special) to rtexit2.o(.ARM.Collect$$rtexit$$00000002) for __rt_exit_prels_1
    rtexit.o(.ARM.exidx) refers to rtexit.o(.ARM.Collect$$rtexit$$00000000) for .ARM.Collect$$rtexit$$00000000
    libinit2.o(.ARM.Collect$$libinit$$00000001) refers to fpinit.o(x$fpl$fpinit) for _fp_init
    libinit2.o(.ARM.Collect$$libinit$$00000010) refers to libinit2.o(.ARM.Collect$$libinit$$0000000F) for .ARM.Collect$$libinit$$0000000F
    libinit2.o(.ARM.Collect$$libinit$$00000012) refers to libinit2.o(.ARM.Collect$$libinit$$0000000F) for .ARM.Collect$$libinit$$0000000F
    libinit2.o(.ARM.Collect$$libinit$$00000014) refers to libinit2.o(.ARM.Collect$$libinit$$0000000F) for .ARM.Collect$$libinit$$0000000F
    libinit2.o(.ARM.Collect$$libinit$$00000016) refers to libinit2.o(.ARM.Collect$$libinit$$0000000F) for .ARM.Collect$$libinit$$0000000F
    libinit2.o(.ARM.Collect$$libinit$$00000018) refers to libinit2.o(.ARM.Collect$$libinit$$0000000F) for .ARM.Collect$$libinit$$0000000F
    libinit2.o(.ARM.Collect$$libinit$$00000026) refers to argv_veneer.o(.emb_text) for __ARM_argv_veneer
    libinit2.o(.ARM.Collect$$libinit$$00000027) refers to argv_veneer.o(.emb_text) for __ARM_argv_veneer
    rtexit2.o(.ARM.Collect$$rtexit$$00000003) refers to libshutdown.o(.ARM.Collect$$libshutdown$$00000000) for __rt_lib_shutdown
    rtexit2.o(.ARM.Collect$$rtexit$$00000004) refers to sys_exit.o(.text) for _sys_exit
    rtexit2.o(.ARM.exidx) refers to rtexit2.o(.ARM.Collect$$rtexit$$00000001) for .ARM.Collect$$rtexit$$00000001
    rtexit2.o(.ARM.exidx) refers to rtexit2.o(.ARM.Collect$$rtexit$$00000003) for .ARM.Collect$$rtexit$$00000003
    rtexit2.o(.ARM.exidx) refers to rtexit2.o(.ARM.Collect$$rtexit$$00000004) for .ARM.Collect$$rtexit$$00000004
    argv_veneer.o(.emb_text) refers to no_argv.o(.text) for __ARM_get_argv
    sys_exit.o(.text) refers (Special) to use_no_semi.o(.text) for __I$use$semihosting
    sys_exit.o(.text) refers (Special) to indicate_semi.o(.text) for __semihosting_library_function
    _get_argv_nomalloc.o(.text) refers (Special) to hrguard.o(.text) for __heap_region$guard
    _get_argv_nomalloc.o(.text) refers to defsig_rtmem_outer.o(.text) for __rt_SIGRTMEM
    _get_argv_nomalloc.o(.text) refers to sys_command.o(.text) for _sys_command_string
    libshutdown.o(.ARM.Collect$$libshutdown$$00000000) refers (Special) to libshutdown2.o(.ARM.Collect$$libshutdown$$00000002) for __rt_lib_shutdown_cpp_1
    libshutdown.o(.ARM.Collect$$libshutdown$$00000000) refers (Special) to libshutdown2.o(.ARM.Collect$$libshutdown$$00000007) for __rt_lib_shutdown_fp_trap_1
    libshutdown.o(.ARM.Collect$$libshutdown$$00000000) refers (Special) to libshutdown2.o(.ARM.Collect$$libshutdown$$0000000F) for __rt_lib_shutdown_heap_1
    libshutdown.o(.ARM.Collect$$libshutdown$$00000000) refers (Special) to libshutdown2.o(.ARM.Collect$$libshutdown$$00000010) for __rt_lib_shutdown_return
    libshutdown.o(.ARM.Collect$$libshutdown$$00000000) refers (Special) to libshutdown2.o(.ARM.Collect$$libshutdown$$0000000A) for __rt_lib_shutdown_signal_1
    libshutdown.o(.ARM.Collect$$libshutdown$$00000000) refers (Special) to libshutdown2.o(.ARM.Collect$$libshutdown$$00000004) for __rt_lib_shutdown_stdio_1
    libshutdown.o(.ARM.Collect$$libshutdown$$00000000) refers (Special) to libshutdown2.o(.ARM.Collect$$libshutdown$$0000000C) for __rt_lib_shutdown_user_alloc_1
    sys_command.o(.text) refers (Special) to use_no_semi.o(.text) for __I$use$semihosting
    sys_command.o(.text) refers (Special) to indicate_semi.o(.text) for __semihosting_library_function
    defsig_rtmem_outer.o(.text) refers to defsig_rtmem_inner.o(.text) for __rt_SIGRTMEM_inner
    defsig_rtmem_outer.o(.text) refers to defsig_exit.o(.text) for __sig_exit
    defsig_rtmem_formal.o(.text) refers to rt_raise.o(.text) for __rt_raise
    rt_raise.o(.text) refers to __raise.o(.text) for __raise
    rt_raise.o(.text) refers to sys_exit.o(.text) for _sys_exit
    defsig_exit.o(.text) refers to sys_exit.o(.text) for _sys_exit
    defsig_rtmem_inner.o(.text) refers to defsig_general.o(.text) for __default_signal_display
    __raise.o(.text) refers to defsig.o(CL$$defsig) for __default_signal_handler
    defsig_general.o(.text) refers to sys_wrch.o(.text) for _ttywrch
    sys_wrch.o(.text) refers (Special) to use_no_semi.o(.text) for __I$use$semihosting
    sys_wrch.o(.text) refers (Special) to indicate_semi.o(.text) for __semihosting_library_function
    defsig.o(CL$$defsig) refers to defsig_rtmem_inner.o(.text) for __rt_SIGRTMEM_inner
    defsig_abrt_inner.o(.text) refers to defsig_general.o(.text) for __default_signal_display
    defsig_fpe_inner.o(.text) refers to defsig_general.o(.text) for __default_signal_display
    defsig_rtred_inner.o(.text) refers to defsig_general.o(.text) for __default_signal_display
    defsig_stak_inner.o(.text) refers to defsig_general.o(.text) for __default_signal_display
    defsig_pvfn_inner.o(.text) refers to defsig_general.o(.text) for __default_signal_display
    defsig_cppl_inner.o(.text) refers to defsig_general.o(.text) for __default_signal_display
    defsig_segv_inner.o(.text) refers to defsig_general.o(.text) for __default_signal_display
    defsig_other.o(.text) refers to defsig_general.o(.text) for __default_signal_display


==============================================================================

Removing Unused input sections from the image.

    Removing os_core.o(i.OSEventNameGet), (132 bytes).
    Removing os_core.o(i.OSEventPendMulti), (744 bytes).
    Removing os_core.o(i.OSStatInit), (96 bytes).
    Removing os_core.o(i.OSVersion), (6 bytes).
    Removing os_core.o(i.OS_EventTaskWaitMulti), (148 bytes).
    Removing os_core.o(i.OS_MemCopy), (20 bytes).
    Removing os_core.o(i.OS_StrLen), (28 bytes).
    Removing os_flag.o(i.OSFlagAccept), (288 bytes).
    Removing os_flag.o(i.OSFlagCreate), (112 bytes).
    Removing os_flag.o(i.OSFlagDel), (260 bytes).
    Removing os_flag.o(i.OSFlagNameGet), (120 bytes).
    Removing os_flag.o(i.OSFlagNameSet), (100 bytes).
    Removing os_flag.o(i.OSFlagPend), (668 bytes).
    Removing os_flag.o(i.OSFlagPendGetFlagsRdy), (40 bytes).
    Removing os_flag.o(i.OSFlagPost), (358 bytes).
    Removing os_flag.o(i.OSFlagQuery), (68 bytes).
    Removing os_flag.o(i.OS_FlagBlock), (164 bytes).
    Removing os_flag.o(i.OS_FlagTaskRdy), (96 bytes).
    Removing os_mbox.o(i.OSMboxAccept), (54 bytes).
    Removing os_mbox.o(i.OSMboxCreate), (96 bytes).
    Removing os_mbox.o(i.OSMboxDel), (256 bytes).
    Removing os_mbox.o(i.OSMboxPend), (304 bytes).
    Removing os_mbox.o(i.OSMboxPendAbort), (152 bytes).
    Removing os_mbox.o(i.OSMboxPost), (110 bytes).
    Removing os_mbox.o(i.OSMboxPostOpt), (150 bytes).
    Removing os_mbox.o(i.OSMboxQuery), (98 bytes).
    Removing os_mem.o(i.OSMemCreate), (180 bytes).
    Removing os_mem.o(i.OSMemGet), (86 bytes).
    Removing os_mem.o(i.OSMemNameGet), (96 bytes).
    Removing os_mem.o(i.OSMemNameSet), (80 bytes).
    Removing os_mem.o(i.OSMemPut), (80 bytes).
    Removing os_mem.o(i.OSMemQuery), (74 bytes).
    Removing os_mutex.o(i.OSMutexAccept), (176 bytes).
    Removing os_mutex.o(i.OSMutexCreate), (200 bytes).
    Removing os_mutex.o(i.OSMutexDel), (340 bytes).
    Removing os_mutex.o(i.OSMutexPend), (632 bytes).
    Removing os_mutex.o(i.OSMutexPost), (236 bytes).
    Removing os_mutex.o(i.OSMutexQuery), (132 bytes).
    Removing os_mutex.o(i.OSMutex_RdyAtPrio), (132 bytes).
    Removing os_q.o(i.OSQAccept), (108 bytes).
    Removing os_q.o(i.OSQCreate), (188 bytes).
    Removing os_q.o(i.OSQDel), (292 bytes).
    Removing os_q.o(i.OSQFlush), (62 bytes).
    Removing os_q.o(i.OSQPend), (332 bytes).
    Removing os_q.o(i.OSQPendAbort), (152 bytes).
    Removing os_q.o(i.OSQPost), (138 bytes).
    Removing os_q.o(i.OSQPostFront), (140 bytes).
    Removing os_q.o(i.OSQPostOpt), (206 bytes).
    Removing os_q.o(i.OSQQuery), (120 bytes).
    Removing os_sem.o(i.OSSemAccept), (58 bytes).
    Removing os_sem.o(i.OSSemDel), (256 bytes).
    Removing os_sem.o(i.OSSemPendAbort), (152 bytes).
    Removing os_sem.o(i.OSSemQuery), (98 bytes).
    Removing os_sem.o(i.OSSemSet), (84 bytes).
    Removing os_task.o(i.OSTaskChangePrio), (460 bytes).
    Removing os_task.o(i.OSTaskDelReq), (148 bytes).
    Removing os_task.o(i.OSTaskNameGet), (172 bytes).
    Removing os_task.o(i.OSTaskQuery), (128 bytes).
    Removing os_task.o(i.OSTaskRegGet), (104 bytes).
    Removing os_task.o(i.OSTaskRegGetID), (76 bytes).
    Removing os_task.o(i.OSTaskRegSet), (104 bytes).
    Removing os_task.o(i.OSTaskResume), (212 bytes).
    Removing os_time.o(i.OSTimeDlyHMSM), (132 bytes).
    Removing os_time.o(i.OSTimeDlyResume), (208 bytes).
    Removing os_time.o(i.OSTimeGet), (40 bytes).
    Removing os_time.o(i.OSTimeSet), (40 bytes).
    Removing os_tmr.o(i.OSTmrCreate), (164 bytes).
    Removing os_tmr.o(i.OSTmrDel), (140 bytes).
    Removing os_tmr.o(i.OSTmrNameGet), (140 bytes).
    Removing os_tmr.o(i.OSTmrRemainGet), (180 bytes).
    Removing os_tmr.o(i.OSTmrStart), (144 bytes).
    Removing os_tmr.o(i.OSTmrStateGet), (100 bytes).
    Removing os_tmr.o(i.OSTmrStop), (196 bytes).
    Removing os_tmr.o(i.OSTmr_Alloc), (64 bytes).
    Removing os_tmr.o(i.OSTmr_Free), (76 bytes).
    Removing main.o(.rev16_text), (4 bytes).
    Removing main.o(.revsh_text), (4 bytes).
    Removing main.o(.rrx_text), (6 bytes).
    Removing stm32f4xx_it.o(.rev16_text), (4 bytes).
    Removing stm32f4xx_it.o(.revsh_text), (4 bytes).
    Removing stm32f4xx_it.o(.rrx_text), (6 bytes).
    Removing delay.o(.rev16_text), (4 bytes).
    Removing delay.o(.revsh_text), (4 bytes).
    Removing delay.o(.rrx_text), (6 bytes).
    Removing delay.o(i.Delay_ms), (24 bytes).
    Removing delay.o(i.Delay_s), (24 bytes).
    Removing delay.o(i.Delay_us), (44 bytes).
    Removing delay.o(i.TimingDelay_Decrement), (24 bytes).
    Removing delay.o(.data), (4 bytes).
    Removing os_cpu_c.o(i.OS_CPU_SysTickInit), (56 bytes).
    Removing os_cpu_c.o(i.OS_CPU_SysTickInitFreq), (18 bytes).
    Removing led.o(.rev16_text), (4 bytes).
    Removing led.o(.revsh_text), (4 bytes).
    Removing led.o(.rrx_text), (6 bytes).
    Removing led.o(i.LED_OFF), (20 bytes).
    Removing led.o(i.LED_ON), (20 bytes).
    Removing system_stm32f4xx.o(.rev16_text), (4 bytes).
    Removing system_stm32f4xx.o(.revsh_text), (4 bytes).
    Removing system_stm32f4xx.o(.rrx_text), (6 bytes).
    Removing system_stm32f4xx.o(i.SystemCoreClockUpdate), (192 bytes).
    Removing system_stm32f4xx.o(.constdata), (24 bytes).

101 unused section(s) (total 13046 bytes) removed from the image.

==============================================================================

Image Symbol Table

    Local Symbols

    Symbol Name                              Value     Ov Type        Size  Object(Section)

    ../clib/angel/boardlib.s                 0x00000000   Number         0  boardinit1.o ABSOLUTE
    ../clib/angel/boardlib.s                 0x00000000   Number         0  boardinit2.o ABSOLUTE
    ../clib/angel/boardlib.s                 0x00000000   Number         0  boardinit3.o ABSOLUTE
    ../clib/angel/boardlib.s                 0x00000000   Number         0  boardshut.o ABSOLUTE
    ../clib/angel/handlers.s                 0x00000000   Number         0  __scatter_copy.o ABSOLUTE
    ../clib/angel/handlers.s                 0x00000000   Number         0  __scatter_zi.o ABSOLUTE
    ../clib/angel/kernel.s                   0x00000000   Number         0  __rtentry.o ABSOLUTE
    ../clib/angel/kernel.s                   0x00000000   Number         0  __rtentry2.o ABSOLUTE
    ../clib/angel/kernel.s                   0x00000000   Number         0  __rtentry4.o ABSOLUTE
    ../clib/angel/kernel.s                   0x00000000   Number         0  rtexit2.o ABSOLUTE
    ../clib/angel/kernel.s                   0x00000000   Number         0  rtexit.o ABSOLUTE
    ../clib/angel/rt.s                       0x00000000   Number         0  rt_raise.o ABSOLUTE
    ../clib/angel/scatter.s                  0x00000000   Number         0  __scatter.o ABSOLUTE
    ../clib/angel/startup.s                  0x00000000   Number         0  __main.o ABSOLUTE
    ../clib/angel/sys.s                      0x00000000   Number         0  libspace.o ABSOLUTE
    ../clib/angel/sys.s                      0x00000000   Number         0  sys_stackheap_outer.o ABSOLUTE
    ../clib/angel/sys.s                      0x00000000   Number         0  indicate_semi.o ABSOLUTE
    ../clib/angel/sys.s                      0x00000000   Number         0  use_no_semi.o ABSOLUTE
    ../clib/angel/sysapp.c                   0x00000000   Number         0  sys_wrch.o ABSOLUTE
    ../clib/angel/sysapp.c                   0x00000000   Number         0  sys_exit.o ABSOLUTE
    ../clib/angel/sysapp.c                   0x00000000   Number         0  sys_command.o ABSOLUTE
    ../clib/armsys.c                         0x00000000   Number         0  argv_veneer.o ABSOLUTE
    ../clib/armsys.c                         0x00000000   Number         0  no_argv.o ABSOLUTE
    ../clib/armsys.c                         0x00000000   Number         0  _get_argv_nomalloc.o ABSOLUTE
    ../clib/armsys.c                         0x00000000   Number         0  argv_veneer.o ABSOLUTE
    ../clib/heapalloc.c                      0x00000000   Number         0  hrguard.o ABSOLUTE
    ../clib/heapaux.c                        0x00000000   Number         0  heapauxi.o ABSOLUTE
    ../clib/libinit.s                        0x00000000   Number         0  libinit.o ABSOLUTE
    ../clib/libinit.s                        0x00000000   Number         0  libshutdown2.o ABSOLUTE
    ../clib/libinit.s                        0x00000000   Number         0  libinit2.o ABSOLUTE
    ../clib/libinit.s                        0x00000000   Number         0  libshutdown.o ABSOLUTE
    ../clib/signal.c                         0x00000000   Number         0  defsig_rtmem_formal.o ABSOLUTE
    ../clib/signal.c                         0x00000000   Number         0  defsig_rtmem_outer.o ABSOLUTE
    ../clib/signal.c                         0x00000000   Number         0  defsig_exit.o ABSOLUTE
    ../clib/signal.c                         0x00000000   Number         0  defsig_rtmem_inner.o ABSOLUTE
    ../clib/signal.c                         0x00000000   Number         0  __raise.o ABSOLUTE
    ../clib/signal.c                         0x00000000   Number         0  defsig_general.o ABSOLUTE
    ../clib/signal.c                         0x00000000   Number         0  defsig_other.o ABSOLUTE
    ../clib/signal.c                         0x00000000   Number         0  defsig_abrt_inner.o ABSOLUTE
    ../clib/signal.c                         0x00000000   Number         0  defsig_fpe_inner.o ABSOLUTE
    ../clib/signal.c                         0x00000000   Number         0  defsig_rtred_inner.o ABSOLUTE
    ../clib/signal.c                         0x00000000   Number         0  defsig_stak_inner.o ABSOLUTE
    ../clib/signal.c                         0x00000000   Number         0  defsig_pvfn_inner.o ABSOLUTE
    ../clib/signal.c                         0x00000000   Number         0  defsig_cppl_inner.o ABSOLUTE
    ../clib/signal.c                         0x00000000   Number         0  defsig_segv_inner.o ABSOLUTE
    ../clib/signal.s                         0x00000000   Number         0  defsig.o ABSOLUTE
    ../clib/stdlib.c                         0x00000000   Number         0  exit.o ABSOLUTE
    ../fplib/fpinit.s                        0x00000000   Number         0  fpinit.o ABSOLUTE
    APP\app_hooks.c                          0x00000000   Number         0  app_hooks.o ABSOLUTE
    Hardware\LED.c                           0x00000000   Number         0  led.o ABSOLUTE
    Hardware\\LED.c                          0x00000000   Number         0  led.o ABSOLUTE
    Ports\os_cpu_a.asm                       0x00000000   Number         0  os_cpu_a.o ABSOLUTE
    Ports\os_cpu_c.c                         0x00000000   Number         0  os_cpu_c.o ABSOLUTE
    RTE\Device\STM32F401RETx\startup_stm32f401xe.s 0x00000000   Number         0  startup_stm32f401xe.o ABSOLUTE
    RTE\Device\STM32F401RETx\system_stm32f4xx.c 0x00000000   Number         0  system_stm32f4xx.o ABSOLUTE
    RTE\\Device\\STM32F401RETx\\system_stm32f4xx.c 0x00000000   Number         0  system_stm32f4xx.o ABSOLUTE
    Source\os_core.c                         0x00000000   Number         0  os_core.o ABSOLUTE
    Source\os_flag.c                         0x00000000   Number         0  os_flag.o ABSOLUTE
    Source\os_mbox.c                         0x00000000   Number         0  os_mbox.o ABSOLUTE
    Source\os_mem.c                          0x00000000   Number         0  os_mem.o ABSOLUTE
    Source\os_mutex.c                        0x00000000   Number         0  os_mutex.o ABSOLUTE
    Source\os_q.c                            0x00000000   Number         0  os_q.o ABSOLUTE
    Source\os_sem.c                          0x00000000   Number         0  os_sem.o ABSOLUTE
    Source\os_task.c                         0x00000000   Number         0  os_task.o ABSOLUTE
    Source\os_time.c                         0x00000000   Number         0  os_time.o ABSOLUTE
    Source\os_tmr.c                          0x00000000   Number         0  os_tmr.o ABSOLUTE
    User\Delay.c                             0x00000000   Number         0  delay.o ABSOLUTE
    User\\Delay.c                            0x00000000   Number         0  delay.o ABSOLUTE
    User\\main.c                             0x00000000   Number         0  main.o ABSOLUTE
    User\\stm32f4xx_it.c                     0x00000000   Number         0  stm32f4xx_it.o ABSOLUTE
    User\main.c                              0x00000000   Number         0  main.o ABSOLUTE
    User\stm32f4xx_it.c                      0x00000000   Number         0  stm32f4xx_it.o ABSOLUTE
    dc.s                                     0x00000000   Number         0  dc.o ABSOLUTE
    RESET                                    0x08000000   Section      404  startup_stm32f401xe.o(RESET)
    !!!main                                  0x08000194   Section        8  __main.o(!!!main)
    !!!scatter                               0x0800019c   Section       52  __scatter.o(!!!scatter)
    !!handler_copy                           0x080001d0   Section       26  __scatter_copy.o(!!handler_copy)
    !!handler_zi                             0x080001ec   Section       28  __scatter_zi.o(!!handler_zi)
    .ARM.Collect$$libinit$$00000000          0x08000208   Section        2  libinit.o(.ARM.Collect$$libinit$$00000000)
    .ARM.Collect$$libinit$$00000001          0x0800020a   Section        4  libinit2.o(.ARM.Collect$$libinit$$00000001)
    .ARM.Collect$$libinit$$00000004          0x0800020e   Section        0  libinit2.o(.ARM.Collect$$libinit$$00000004)
    .ARM.Collect$$libinit$$0000000A          0x0800020e   Section        0  libinit2.o(.ARM.Collect$$libinit$$0000000A)
    .ARM.Collect$$libinit$$0000000C          0x0800020e   Section        0  libinit2.o(.ARM.Collect$$libinit$$0000000C)
    .ARM.Collect$$libinit$$0000000E          0x0800020e   Section        0  libinit2.o(.ARM.Collect$$libinit$$0000000E)
    .ARM.Collect$$libinit$$00000011          0x0800020e   Section        0  libinit2.o(.ARM.Collect$$libinit$$00000011)
    .ARM.Collect$$libinit$$00000013          0x0800020e   Section        0  libinit2.o(.ARM.Collect$$libinit$$00000013)
    .ARM.Collect$$libinit$$00000015          0x0800020e   Section        0  libinit2.o(.ARM.Collect$$libinit$$00000015)
    .ARM.Collect$$libinit$$00000017          0x0800020e   Section        0  libinit2.o(.ARM.Collect$$libinit$$00000017)
    .ARM.Collect$$libinit$$00000019          0x0800020e   Section        0  libinit2.o(.ARM.Collect$$libinit$$00000019)
    .ARM.Collect$$libinit$$0000001B          0x0800020e   Section        0  libinit2.o(.ARM.Collect$$libinit$$0000001B)
    .ARM.Collect$$libinit$$0000001D          0x0800020e   Section        0  libinit2.o(.ARM.Collect$$libinit$$0000001D)
    .ARM.Collect$$libinit$$0000001F          0x0800020e   Section        0  libinit2.o(.ARM.Collect$$libinit$$0000001F)
    .ARM.Collect$$libinit$$00000021          0x0800020e   Section        0  libinit2.o(.ARM.Collect$$libinit$$00000021)
    .ARM.Collect$$libinit$$00000023          0x0800020e   Section        0  libinit2.o(.ARM.Collect$$libinit$$00000023)
    .ARM.Collect$$libinit$$00000025          0x0800020e   Section        0  libinit2.o(.ARM.Collect$$libinit$$00000025)
    .ARM.Collect$$libinit$$0000002C          0x0800020e   Section        0  libinit2.o(.ARM.Collect$$libinit$$0000002C)
    .ARM.Collect$$libinit$$0000002E          0x0800020e   Section        0  libinit2.o(.ARM.Collect$$libinit$$0000002E)
    .ARM.Collect$$libinit$$00000030          0x0800020e   Section        0  libinit2.o(.ARM.Collect$$libinit$$00000030)
    .ARM.Collect$$libinit$$00000032          0x0800020e   Section        0  libinit2.o(.ARM.Collect$$libinit$$00000032)
    .ARM.Collect$$libinit$$00000033          0x0800020e   Section        2  libinit2.o(.ARM.Collect$$libinit$$00000033)
    .ARM.Collect$$libshutdown$$00000000      0x08000210   Section        2  libshutdown.o(.ARM.Collect$$libshutdown$$00000000)
    .ARM.Collect$$libshutdown$$00000002      0x08000212   Section        0  libshutdown2.o(.ARM.Collect$$libshutdown$$00000002)
    .ARM.Collect$$libshutdown$$00000004      0x08000212   Section        0  libshutdown2.o(.ARM.Collect$$libshutdown$$00000004)
    .ARM.Collect$$libshutdown$$00000007      0x08000212   Section        0  libshutdown2.o(.ARM.Collect$$libshutdown$$00000007)
    .ARM.Collect$$libshutdown$$0000000A      0x08000212   Section        0  libshutdown2.o(.ARM.Collect$$libshutdown$$0000000A)
    .ARM.Collect$$libshutdown$$0000000C      0x08000212   Section        0  libshutdown2.o(.ARM.Collect$$libshutdown$$0000000C)
    .ARM.Collect$$libshutdown$$0000000F      0x08000212   Section        0  libshutdown2.o(.ARM.Collect$$libshutdown$$0000000F)
    .ARM.Collect$$libshutdown$$00000010      0x08000212   Section        2  libshutdown2.o(.ARM.Collect$$libshutdown$$00000010)
    .ARM.Collect$$rtentry$$00000000          0x08000214   Section        0  __rtentry.o(.ARM.Collect$$rtentry$$00000000)
    .ARM.Collect$$rtentry$$00000002          0x08000214   Section        0  __rtentry2.o(.ARM.Collect$$rtentry$$00000002)
    .ARM.Collect$$rtentry$$00000004          0x08000214   Section        6  __rtentry4.o(.ARM.Collect$$rtentry$$00000004)
    .ARM.Collect$$rtentry$$00000009          0x0800021a   Section        0  __rtentry2.o(.ARM.Collect$$rtentry$$00000009)
    .ARM.Collect$$rtentry$$0000000A          0x0800021a   Section        4  __rtentry2.o(.ARM.Collect$$rtentry$$0000000A)
    .ARM.Collect$$rtentry$$0000000C          0x0800021e   Section        0  __rtentry2.o(.ARM.Collect$$rtentry$$0000000C)
    .ARM.Collect$$rtentry$$0000000D          0x0800021e   Section        8  __rtentry2.o(.ARM.Collect$$rtentry$$0000000D)
    .ARM.Collect$$rtexit$$00000000           0x08000226   Section        2  rtexit.o(.ARM.Collect$$rtexit$$00000000)
    .ARM.Collect$$rtexit$$00000002           0x08000228   Section        0  rtexit2.o(.ARM.Collect$$rtexit$$00000002)
    .ARM.Collect$$rtexit$$00000003           0x08000228   Section        4  rtexit2.o(.ARM.Collect$$rtexit$$00000003)
    .ARM.Collect$$rtexit$$00000004           0x0800022c   Section        6  rtexit2.o(.ARM.Collect$$rtexit$$00000004)
    .text                                    0x08000234   Section      308  os_cpu_a.o(.text)
    $v0                                      0x08000234   Number         0  os_cpu_a.o(.text)
    .text                                    0x08000368   Section       64  startup_stm32f401xe.o(.text)
    $v0                                      0x08000368   Number         0  startup_stm32f401xe.o(.text)
    .text                                    0x080003a8   Section        0  heapauxi.o(.text)
    .text                                    0x080003ae   Section       74  sys_stackheap_outer.o(.text)
    .text                                    0x080003f8   Section        0  exit.o(.text)
    .text                                    0x0800040c   Section        8  libspace.o(.text)
    .text                                    0x08000414   Section        0  sys_exit.o(.text)
    .text                                    0x08000420   Section        2  use_no_semi.o(.text)
    .text                                    0x08000422   Section        0  indicate_semi.o(.text)
    i.App_TCBInitHook                        0x08000422   Section        0  app_hooks.o(i.App_TCBInitHook)
    i.App_TaskCreateHook                     0x08000424   Section        0  app_hooks.o(i.App_TaskCreateHook)
    i.App_TaskDelHook                        0x08000426   Section        0  app_hooks.o(i.App_TaskDelHook)
    i.App_TaskIdleHook                       0x08000428   Section        0  app_hooks.o(i.App_TaskIdleHook)
    i.App_TaskReturnHook                     0x0800042a   Section        0  app_hooks.o(i.App_TaskReturnHook)
    i.App_TaskStatHook                       0x0800042c   Section        0  app_hooks.o(i.App_TaskStatHook)
    i.App_TaskSwHook                         0x0800042e   Section        0  app_hooks.o(i.App_TaskSwHook)
    i.App_TimeTickHook                       0x08000430   Section        0  app_hooks.o(i.App_TimeTickHook)
    i.BusFault_Handler                       0x08000432   Section        0  stm32f4xx_it.o(i.BusFault_Handler)
    i.DebugMon_Handler                       0x08000436   Section        0  stm32f4xx_it.o(i.DebugMon_Handler)
    i.GPIO_LED2int                           0x08000438   Section        0  led.o(i.GPIO_LED2int)
    i.HardFault_Handler                      0x080004dc   Section        0  stm32f4xx_it.o(i.HardFault_Handler)
    i.Main_Init                              0x080004e0   Section        0  main.o(i.Main_Init)
    i.MemManage_Handler                      0x08000540   Section        0  stm32f4xx_it.o(i.MemManage_Handler)
    i.NMI_Handler                            0x08000544   Section        0  stm32f4xx_it.o(i.NMI_Handler)
    i.OSEventNameSet                         0x08000548   Section        0  os_core.o(i.OSEventNameSet)
    i.OSInit                                 0x080005bc   Section        0  os_core.o(i.OSInit)
    i.OSInitHookBegin                        0x080005f0   Section        0  os_cpu_c.o(i.OSInitHookBegin)
    i.OSInitHookEnd                          0x0800064c   Section        0  os_cpu_c.o(i.OSInitHookEnd)
    i.OSIntEnter                             0x08000650   Section        0  os_core.o(i.OSIntEnter)
    i.OSIntExit                              0x08000674   Section        0  os_core.o(i.OSIntExit)
    i.OSSchedLock                            0x08000710   Section        0  os_core.o(i.OSSchedLock)
    i.OSSchedUnlock                          0x08000758   Section        0  os_core.o(i.OSSchedUnlock)
    i.OSSemCreate                            0x080007c8   Section        0  os_sem.o(i.OSSemCreate)
    i.OSSemPend                              0x08000828   Section        0  os_sem.o(i.OSSemPend)
    i.OSSemPost                              0x08000940   Section        0  os_sem.o(i.OSSemPost)
    i.OSStart                                0x080009b0   Section        0  os_core.o(i.OSStart)
    i.OSTCBInitHook                          0x080009f8   Section        0  os_cpu_c.o(i.OSTCBInitHook)
    i.OSTaskCreate                           0x08000a04   Section        0  os_task.o(i.OSTaskCreate)
    i.OSTaskCreateExt                        0x08000acc   Section        0  os_task.o(i.OSTaskCreateExt)
    i.OSTaskCreateHook                       0x08000ba8   Section        0  os_cpu_c.o(i.OSTaskCreateHook)
    i.OSTaskDel                              0x08000bb4   Section        0  os_task.o(i.OSTaskDel)
    i.OSTaskDelHook                          0x08000d3c   Section        0  os_cpu_c.o(i.OSTaskDelHook)
    i.OSTaskIdleHook                         0x08000d48   Section        0  os_cpu_c.o(i.OSTaskIdleHook)
    i.OSTaskNameSet                          0x08000d50   Section        0  os_task.o(i.OSTaskNameSet)
    i.OSTaskReturnHook                       0x08000de8   Section        0  os_cpu_c.o(i.OSTaskReturnHook)
    i.OSTaskStatHook                         0x08000df4   Section        0  os_cpu_c.o(i.OSTaskStatHook)
    i.OSTaskStkChk                           0x08000dfc   Section        0  os_task.o(i.OSTaskStkChk)
    i.OSTaskStkInit                          0x08000eac   Section        0  os_cpu_c.o(i.OSTaskStkInit)
    i.OSTaskSuspend                          0x080010d8   Section        0  os_task.o(i.OSTaskSuspend)
    i.OSTaskSwHook                           0x080011a8   Section        0  os_cpu_c.o(i.OSTaskSwHook)
    i.OSTimeDly                              0x080011cc   Section        0  os_time.o(i.OSTimeDly)
    i.OSTimeTick                             0x08001250   Section        0  os_core.o(i.OSTimeTick)
    i.OSTimeTickHook                         0x08001350   Section        0  os_cpu_c.o(i.OSTimeTickHook)
    i.OSTmrSignal                            0x08001378   Section        0  os_tmr.o(i.OSTmrSignal)
    i.OSTmr_Init                             0x0800138c   Section        0  os_tmr.o(i.OSTmr_Init)
    i.OSTmr_InitTask                         0x08001480   Section        0  os_tmr.o(i.OSTmr_InitTask)
    OSTmr_InitTask                           0x08001481   Thumb Code    50  os_tmr.o(i.OSTmr_InitTask)
    i.OSTmr_Link                             0x080014d0   Section        0  os_tmr.o(i.OSTmr_Link)
    OSTmr_Link                               0x080014d1   Thumb Code   106  os_tmr.o(i.OSTmr_Link)
    i.OSTmr_Task                             0x08001544   Section        0  os_tmr.o(i.OSTmr_Task)
    OSTmr_Task                               0x08001545   Thumb Code   120  os_tmr.o(i.OSTmr_Task)
    i.OSTmr_Unlink                           0x080015c8   Section        0  os_tmr.o(i.OSTmr_Unlink)
    OSTmr_Unlink                             0x080015c9   Thumb Code    68  os_tmr.o(i.OSTmr_Unlink)
    i.OS_CPU_SysTickHandler                  0x08001610   Section        0  os_cpu_c.o(i.OS_CPU_SysTickHandler)
    i.OS_Dummy                               0x08001636   Section        0  os_core.o(i.OS_Dummy)
    i.OS_EventTaskRdy                        0x08001638   Section        0  os_core.o(i.OS_EventTaskRdy)
    i.OS_EventTaskRemove                     0x080016cc   Section        0  os_core.o(i.OS_EventTaskRemove)
    i.OS_EventTaskRemoveMulti                0x080016fa   Section        0  os_core.o(i.OS_EventTaskRemoveMulti)
    i.OS_EventTaskWait                       0x08001734   Section        0  os_core.o(i.OS_EventTaskWait)
    i.OS_EventWaitListInit                   0x080017b0   Section        0  os_core.o(i.OS_EventWaitListInit)
    i.OS_FlagInit                            0x080017cc   Section        0  os_flag.o(i.OS_FlagInit)
    i.OS_FlagUnlink                          0x08001824   Section        0  os_flag.o(i.OS_FlagUnlink)
    i.OS_InitEventList                       0x08001848   Section        0  os_core.o(i.OS_InitEventList)
    OS_InitEventList                         0x08001849   Thumb Code    82  os_core.o(i.OS_InitEventList)
    i.OS_InitMisc                            0x080018a8   Section        0  os_core.o(i.OS_InitMisc)
    OS_InitMisc                              0x080018a9   Thumb Code    48  os_core.o(i.OS_InitMisc)
    i.OS_InitRdyList                         0x08001904   Section        0  os_core.o(i.OS_InitRdyList)
    OS_InitRdyList                           0x08001905   Thumb Code    44  os_core.o(i.OS_InitRdyList)
    i.OS_InitTCBList                         0x08001948   Section        0  os_core.o(i.OS_InitTCBList)
    OS_InitTCBList                           0x08001949   Thumb Code   106  os_core.o(i.OS_InitTCBList)
    i.OS_InitTaskIdle                        0x080019c8   Section        0  os_core.o(i.OS_InitTaskIdle)
    OS_InitTaskIdle                          0x080019c9   Thumb Code    50  os_core.o(i.OS_InitTaskIdle)
    i.OS_InitTaskStat                        0x08001a18   Section        0  os_core.o(i.OS_InitTaskStat)
    OS_InitTaskStat                          0x08001a19   Thumb Code    50  os_core.o(i.OS_InitTaskStat)
    i.OS_MemClr                              0x08001a68   Section        0  os_core.o(i.OS_MemClr)
    i.OS_MemInit                             0x08001a7c   Section        0  os_mem.o(i.OS_MemInit)
    i.OS_QInit                               0x08001ad4   Section        0  os_q.o(i.OS_QInit)
    i.OS_Sched                               0x08001b24   Section        0  os_core.o(i.OS_Sched)
    i.OS_SchedNew                            0x08001ba4   Section        0  os_core.o(i.OS_SchedNew)
    OS_SchedNew                              0x08001ba5   Thumb Code    26  os_core.o(i.OS_SchedNew)
    i.OS_TCBInit                             0x08001bd0   Section        0  os_core.o(i.OS_TCBInit)
    i.OS_TaskIdle                            0x08001d38   Section        0  os_core.o(i.OS_TaskIdle)
    i.OS_TaskReturn                          0x08001d68   Section        0  os_task.o(i.OS_TaskReturn)
    i.OS_TaskStat                            0x08001d80   Section        0  os_core.o(i.OS_TaskStat)
    i.OS_TaskStatStkChk                      0x08001e70   Section        0  os_core.o(i.OS_TaskStatStkChk)
    i.OS_TaskStkClr                          0x08001eac   Section        0  os_task.o(i.OS_TaskStkClr)
    i.SVC_Handler                            0x08001ec6   Section        0  stm32f4xx_it.o(i.SVC_Handler)
    i.SystemInit                             0x08001ec8   Section        0  system_stm32f4xx.o(i.SystemInit)
    i.Task_LED0                              0x08001edc   Section        0  main.o(i.Task_LED0)
    i.Task_LED1                              0x08001f08   Section        0  main.o(i.Task_LED1)
    i.UsageFault_Handler                     0x08001f34   Section        0  stm32f4xx_it.o(i.UsageFault_Handler)
    i.ce                                     0x08001f38   Section        0  main.o(i.ce)
    i.main                                   0x08001f40   Section        0  main.o(i.main)
    x$fpl$fpinit                             0x08001f8c   Section       10  fpinit.o(x$fpl$fpinit)
    $v0                                      0x08001f8c   Number         0  fpinit.o(x$fpl$fpinit)
    .constdata                               0x08001f96   Section      256  os_core.o(.constdata)
    .data                                    0x20000000   Section      100  os_core.o(.data)
    .data                                    0x20000064   Section       12  os_cpu_c.o(.data)
    OSTmrCtr                                 0x20000068   Data           2  os_cpu_c.o(.data)
    .data                                    0x20000070   Section        4  system_stm32f4xx.o(.data)
    .bss                                     0x20000074   Section     5048  os_core.o(.bss)
    .bss                                     0x2000142c   Section     2048  main.o(.bss)
    .bss                                     0x20001c2c   Section     1024  os_cpu_c.o(.bss)
    .bss                                     0x2000202c   Section       96  libspace.o(.bss)
    HEAP                                     0x20002090   Section      512  startup_stm32f401xe.o(HEAP)
    Heap_Mem                                 0x20002090   Data         512  startup_stm32f401xe.o(HEAP)
    STACK                                    0x20002290   Section     1024  startup_stm32f401xe.o(STACK)
    Stack_Mem                                0x20002290   Data        1024  startup_stm32f401xe.o(STACK)
    __initial_sp                             0x20002690   Data           0  startup_stm32f401xe.o(STACK)

    Global Symbols

    Symbol Name                              Value     Ov Type        Size  Object(Section)

    BuildAttributes$$THM_ISAv4$E$P$D$K$B$S$7EM$VFPi3$EXTD16$VFPS$VFMA$PE$A:L22UL41UL21$X:L11$S22US41US21$IEEE1$IW$USESV6$~STKCKD$USESV7$~SHL$OSPACE$ROPI$EBA8$UX$STANDARDLIB$REQ8$PRES8$EABIv2 0x00000000   Number         0  anon$$obj.o ABSOLUTE
    __ARM_use_no_argv                        0x00000000   Number         0  main.o ABSOLUTE
    __ARM_exceptions_init                     - Undefined Weak Reference
    __alloca_initialize                       - Undefined Weak Reference
    __arm_preinit_                            - Undefined Weak Reference
    __cpp_initialize__aeabi_                  - Undefined Weak Reference
    __cxa_finalize                            - Undefined Weak Reference
    __rt_locale                               - Undefined Weak Reference
    __sigvec_lookup                           - Undefined Weak Reference
    _atexit_init                              - Undefined Weak Reference
    _call_atexit_fns                          - Undefined Weak Reference
    _clock_init                               - Undefined Weak Reference
    _fp_trap_init                             - Undefined Weak Reference
    _fp_trap_shutdown                         - Undefined Weak Reference
    _get_lc_collate                           - Undefined Weak Reference
    _get_lc_ctype                             - Undefined Weak Reference
    _get_lc_monetary                          - Undefined Weak Reference
    _get_lc_numeric                           - Undefined Weak Reference
    _get_lc_time                              - Undefined Weak Reference
    _getenv_init                              - Undefined Weak Reference
    _handle_redirection                       - Undefined Weak Reference
    _init_alloc                               - Undefined Weak Reference
    _init_user_alloc                          - Undefined Weak Reference
    _initio                                   - Undefined Weak Reference
    _rand_init                                - Undefined Weak Reference
    _signal_finish                            - Undefined Weak Reference
    _signal_init                              - Undefined Weak Reference
    _terminate_alloc                          - Undefined Weak Reference
    _terminate_user_alloc                     - Undefined Weak Reference
    _terminateio                              - Undefined Weak Reference
    __Vectors_Size                           0x00000194   Number         0  startup_stm32f401xe.o ABSOLUTE
    __Vectors                                0x08000000   Data           4  startup_stm32f401xe.o(RESET)
    __Vectors_End                            0x08000194   Data           0  startup_stm32f401xe.o(RESET)
    __main                                   0x08000195   Thumb Code     8  __main.o(!!!main)
    __scatterload                            0x0800019d   Thumb Code     0  __scatter.o(!!!scatter)
    __scatterload_rt2                        0x0800019d   Thumb Code    44  __scatter.o(!!!scatter)
    __scatterload_rt2_thumb_only             0x0800019d   Thumb Code     0  __scatter.o(!!!scatter)
    __scatterload_null                       0x080001ab   Thumb Code     0  __scatter.o(!!!scatter)
    __scatterload_copy                       0x080001d1   Thumb Code    26  __scatter_copy.o(!!handler_copy)
    __scatterload_zeroinit                   0x080001ed   Thumb Code    28  __scatter_zi.o(!!handler_zi)
    __rt_lib_init                            0x08000209   Thumb Code     0  libinit.o(.ARM.Collect$$libinit$$00000000)
    __rt_lib_init_fp_1                       0x0800020b   Thumb Code     0  libinit2.o(.ARM.Collect$$libinit$$00000001)
    __rt_lib_init_alloca_1                   0x0800020f   Thumb Code     0  libinit2.o(.ARM.Collect$$libinit$$0000002E)
    __rt_lib_init_argv_1                     0x0800020f   Thumb Code     0  libinit2.o(.ARM.Collect$$libinit$$0000002C)
    __rt_lib_init_atexit_1                   0x0800020f   Thumb Code     0  libinit2.o(.ARM.Collect$$libinit$$0000001B)
    __rt_lib_init_clock_1                    0x0800020f   Thumb Code     0  libinit2.o(.ARM.Collect$$libinit$$00000021)
    __rt_lib_init_cpp_1                      0x0800020f   Thumb Code     0  libinit2.o(.ARM.Collect$$libinit$$00000032)
    __rt_lib_init_exceptions_1               0x0800020f   Thumb Code     0  libinit2.o(.ARM.Collect$$libinit$$00000030)
    __rt_lib_init_fp_trap_1                  0x0800020f   Thumb Code     0  libinit2.o(.ARM.Collect$$libinit$$0000001F)
    __rt_lib_init_getenv_1                   0x0800020f   Thumb Code     0  libinit2.o(.ARM.Collect$$libinit$$00000023)
    __rt_lib_init_heap_1                     0x0800020f   Thumb Code     0  libinit2.o(.ARM.Collect$$libinit$$0000000A)
    __rt_lib_init_lc_collate_1               0x0800020f   Thumb Code     0  libinit2.o(.ARM.Collect$$libinit$$00000011)
    __rt_lib_init_lc_ctype_1                 0x0800020f   Thumb Code     0  libinit2.o(.ARM.Collect$$libinit$$00000013)
    __rt_lib_init_lc_monetary_1              0x0800020f   Thumb Code     0  libinit2.o(.ARM.Collect$$libinit$$00000015)
    __rt_lib_init_lc_numeric_1               0x0800020f   Thumb Code     0  libinit2.o(.ARM.Collect$$libinit$$00000017)
    __rt_lib_init_lc_time_1                  0x0800020f   Thumb Code     0  libinit2.o(.ARM.Collect$$libinit$$00000019)
    __rt_lib_init_preinit_1                  0x0800020f   Thumb Code     0  libinit2.o(.ARM.Collect$$libinit$$00000004)
    __rt_lib_init_rand_1                     0x0800020f   Thumb Code     0  libinit2.o(.ARM.Collect$$libinit$$0000000E)
    __rt_lib_init_return                     0x0800020f   Thumb Code     0  libinit2.o(.ARM.Collect$$libinit$$00000033)
    __rt_lib_init_signal_1                   0x0800020f   Thumb Code     0  libinit2.o(.ARM.Collect$$libinit$$0000001D)
    __rt_lib_init_stdio_1                    0x0800020f   Thumb Code     0  libinit2.o(.ARM.Collect$$libinit$$00000025)
    __rt_lib_init_user_alloc_1               0x0800020f   Thumb Code     0  libinit2.o(.ARM.Collect$$libinit$$0000000C)
    __rt_lib_shutdown                        0x08000211   Thumb Code     0  libshutdown.o(.ARM.Collect$$libshutdown$$00000000)
    __rt_lib_shutdown_cpp_1                  0x08000213   Thumb Code     0  libshutdown2.o(.ARM.Collect$$libshutdown$$00000002)
    __rt_lib_shutdown_fp_trap_1              0x08000213   Thumb Code     0  libshutdown2.o(.ARM.Collect$$libshutdown$$00000007)
    __rt_lib_shutdown_heap_1                 0x08000213   Thumb Code     0  libshutdown2.o(.ARM.Collect$$libshutdown$$0000000F)
    __rt_lib_shutdown_return                 0x08000213   Thumb Code     0  libshutdown2.o(.ARM.Collect$$libshutdown$$00000010)
    __rt_lib_shutdown_signal_1               0x08000213   Thumb Code     0  libshutdown2.o(.ARM.Collect$$libshutdown$$0000000A)
    __rt_lib_shutdown_stdio_1                0x08000213   Thumb Code     0  libshutdown2.o(.ARM.Collect$$libshutdown$$00000004)
    __rt_lib_shutdown_user_alloc_1           0x08000213   Thumb Code     0  libshutdown2.o(.ARM.Collect$$libshutdown$$0000000C)
    __rt_entry                               0x08000215   Thumb Code     0  __rtentry.o(.ARM.Collect$$rtentry$$00000000)
    __rt_entry_presh_1                       0x08000215   Thumb Code     0  __rtentry2.o(.ARM.Collect$$rtentry$$00000002)
    __rt_entry_sh                            0x08000215   Thumb Code     0  __rtentry4.o(.ARM.Collect$$rtentry$$00000004)
    __rt_entry_li                            0x0800021b   Thumb Code     0  __rtentry2.o(.ARM.Collect$$rtentry$$0000000A)
    __rt_entry_postsh_1                      0x0800021b   Thumb Code     0  __rtentry2.o(.ARM.Collect$$rtentry$$00000009)
    __rt_entry_main                          0x0800021f   Thumb Code     0  __rtentry2.o(.ARM.Collect$$rtentry$$0000000D)
    __rt_entry_postli_1                      0x0800021f   Thumb Code     0  __rtentry2.o(.ARM.Collect$$rtentry$$0000000C)
    __rt_exit                                0x08000227   Thumb Code     0  rtexit.o(.ARM.Collect$$rtexit$$00000000)
    __rt_exit_ls                             0x08000229   Thumb Code     0  rtexit2.o(.ARM.Collect$$rtexit$$00000003)
    __rt_exit_prels_1                        0x08000229   Thumb Code     0  rtexit2.o(.ARM.Collect$$rtexit$$00000002)
    __rt_exit_exit                           0x0800022d   Thumb Code     0  rtexit2.o(.ARM.Collect$$rtexit$$00000004)
    OS_CPU_FP_Reg_Push                       0x08000235   Thumb Code     0  os_cpu_a.o(.text)
    OS_CPU_FP_Reg_Pop                        0x08000247   Thumb Code     0  os_cpu_a.o(.text)
    OS_CPU_SR_Save                           0x08000253   Thumb Code     0  os_cpu_a.o(.text)
    OS_CPU_SR_Restore                        0x0800026f   Thumb Code     0  os_cpu_a.o(.text)
    OSStartHighRdy                           0x08000281   Thumb Code     0  os_cpu_a.o(.text)
    OSCtxSw                                  0x080002d9   Thumb Code     0  os_cpu_a.o(.text)
    OSIntCtxSw                               0x080002d9   Thumb Code     0  os_cpu_a.o(.text)
    OS_CPU_PendSVHandler                     0x080002e3   Thumb Code     0  os_cpu_a.o(.text)
    Reset_Handler                            0x08000369   Thumb Code     8  startup_stm32f401xe.o(.text)
    ADC_IRQHandler                           0x08000383   Thumb Code     0  startup_stm32f401xe.o(.text)
    DMA1_Stream0_IRQHandler                  0x08000383   Thumb Code     0  startup_stm32f401xe.o(.text)
    DMA1_Stream1_IRQHandler                  0x08000383   Thumb Code     0  startup_stm32f401xe.o(.text)
    DMA1_Stream2_IRQHandler                  0x08000383   Thumb Code     0  startup_stm32f401xe.o(.text)
    DMA1_Stream3_IRQHandler                  0x08000383   Thumb Code     0  startup_stm32f401xe.o(.text)
    DMA1_Stream4_IRQHandler                  0x08000383   Thumb Code     0  startup_stm32f401xe.o(.text)
    DMA1_Stream5_IRQHandler                  0x08000383   Thumb Code     0  startup_stm32f401xe.o(.text)
    DMA1_Stream6_IRQHandler                  0x08000383   Thumb Code     0  startup_stm32f401xe.o(.text)
    DMA1_Stream7_IRQHandler                  0x08000383   Thumb Code     0  startup_stm32f401xe.o(.text)
    DMA2_Stream0_IRQHandler                  0x08000383   Thumb Code     0  startup_stm32f401xe.o(.text)
    DMA2_Stream1_IRQHandler                  0x08000383   Thumb Code     0  startup_stm32f401xe.o(.text)
    DMA2_Stream2_IRQHandler                  0x08000383   Thumb Code     0  startup_stm32f401xe.o(.text)
    DMA2_Stream3_IRQHandler                  0x08000383   Thumb Code     0  startup_stm32f401xe.o(.text)
    DMA2_Stream4_IRQHandler                  0x08000383   Thumb Code     0  startup_stm32f401xe.o(.text)
    DMA2_Stream5_IRQHandler                  0x08000383   Thumb Code     0  startup_stm32f401xe.o(.text)
    DMA2_Stream6_IRQHandler                  0x08000383   Thumb Code     0  startup_stm32f401xe.o(.text)
    DMA2_Stream7_IRQHandler                  0x08000383   Thumb Code     0  startup_stm32f401xe.o(.text)
    EXTI0_IRQHandler                         0x08000383   Thumb Code     0  startup_stm32f401xe.o(.text)
    EXTI15_10_IRQHandler                     0x08000383   Thumb Code     0  startup_stm32f401xe.o(.text)
    EXTI1_IRQHandler                         0x08000383   Thumb Code     0  startup_stm32f401xe.o(.text)
    EXTI2_IRQHandler                         0x08000383   Thumb Code     0  startup_stm32f401xe.o(.text)
    EXTI3_IRQHandler                         0x08000383   Thumb Code     0  startup_stm32f401xe.o(.text)
    EXTI4_IRQHandler                         0x08000383   Thumb Code     0  startup_stm32f401xe.o(.text)
    EXTI9_5_IRQHandler                       0x08000383   Thumb Code     0  startup_stm32f401xe.o(.text)
    FLASH_IRQHandler                         0x08000383   Thumb Code     0  startup_stm32f401xe.o(.text)
    FPU_IRQHandler                           0x08000383   Thumb Code     0  startup_stm32f401xe.o(.text)
    I2C1_ER_IRQHandler                       0x08000383   Thumb Code     0  startup_stm32f401xe.o(.text)
    I2C1_EV_IRQHandler                       0x08000383   Thumb Code     0  startup_stm32f401xe.o(.text)
    I2C2_ER_IRQHandler                       0x08000383   Thumb Code     0  startup_stm32f401xe.o(.text)
    I2C2_EV_IRQHandler                       0x08000383   Thumb Code     0  startup_stm32f401xe.o(.text)
    I2C3_ER_IRQHandler                       0x08000383   Thumb Code     0  startup_stm32f401xe.o(.text)
    I2C3_EV_IRQHandler                       0x08000383   Thumb Code     0  startup_stm32f401xe.o(.text)
    OTG_FS_IRQHandler                        0x08000383   Thumb Code     0  startup_stm32f401xe.o(.text)
    OTG_FS_WKUP_IRQHandler                   0x08000383   Thumb Code     0  startup_stm32f401xe.o(.text)
    PVD_IRQHandler                           0x08000383   Thumb Code     0  startup_stm32f401xe.o(.text)
    RCC_IRQHandler                           0x08000383   Thumb Code     0  startup_stm32f401xe.o(.text)
    RTC_Alarm_IRQHandler                     0x08000383   Thumb Code     0  startup_stm32f401xe.o(.text)
    RTC_WKUP_IRQHandler                      0x08000383   Thumb Code     0  startup_stm32f401xe.o(.text)
    SDIO_IRQHandler                          0x08000383   Thumb Code     0  startup_stm32f401xe.o(.text)
    SPI1_IRQHandler                          0x08000383   Thumb Code     0  startup_stm32f401xe.o(.text)
    SPI2_IRQHandler                          0x08000383   Thumb Code     0  startup_stm32f401xe.o(.text)
    SPI3_IRQHandler                          0x08000383   Thumb Code     0  startup_stm32f401xe.o(.text)
    SPI4_IRQHandler                          0x08000383   Thumb Code     0  startup_stm32f401xe.o(.text)
    TAMP_STAMP_IRQHandler                    0x08000383   Thumb Code     0  startup_stm32f401xe.o(.text)
    TIM1_BRK_TIM9_IRQHandler                 0x08000383   Thumb Code     0  startup_stm32f401xe.o(.text)
    TIM1_CC_IRQHandler                       0x08000383   Thumb Code     0  startup_stm32f401xe.o(.text)
    TIM1_TRG_COM_TIM11_IRQHandler            0x08000383   Thumb Code     0  startup_stm32f401xe.o(.text)
    TIM1_UP_TIM10_IRQHandler                 0x08000383   Thumb Code     0  startup_stm32f401xe.o(.text)
    TIM2_IRQHandler                          0x08000383   Thumb Code     0  startup_stm32f401xe.o(.text)
    TIM3_IRQHandler                          0x08000383   Thumb Code     0  startup_stm32f401xe.o(.text)
    TIM4_IRQHandler                          0x08000383   Thumb Code     0  startup_stm32f401xe.o(.text)
    TIM5_IRQHandler                          0x08000383   Thumb Code     0  startup_stm32f401xe.o(.text)
    USART1_IRQHandler                        0x08000383   Thumb Code     0  startup_stm32f401xe.o(.text)
    USART2_IRQHandler                        0x08000383   Thumb Code     0  startup_stm32f401xe.o(.text)
    USART6_IRQHandler                        0x08000383   Thumb Code     0  startup_stm32f401xe.o(.text)
    WWDG_IRQHandler                          0x08000383   Thumb Code     0  startup_stm32f401xe.o(.text)
    __user_initial_stackheap                 0x08000385   Thumb Code     0  startup_stm32f401xe.o(.text)
    __use_two_region_memory                  0x080003a9   Thumb Code     2  heapauxi.o(.text)
    __rt_heap_escrow$2region                 0x080003ab   Thumb Code     2  heapauxi.o(.text)
    __rt_heap_expand$2region                 0x080003ad   Thumb Code     2  heapauxi.o(.text)
    __user_setup_stackheap                   0x080003af   Thumb Code    74  sys_stackheap_outer.o(.text)
    exit                                     0x080003f9   Thumb Code    18  exit.o(.text)
    __user_libspace                          0x0800040d   Thumb Code     8  libspace.o(.text)
    __user_perproc_libspace                  0x0800040d   Thumb Code     0  libspace.o(.text)
    __user_perthread_libspace                0x0800040d   Thumb Code     0  libspace.o(.text)
    _sys_exit                                0x08000415   Thumb Code     8  sys_exit.o(.text)
    __I$use$semihosting                      0x08000421   Thumb Code     0  use_no_semi.o(.text)
    __use_no_semihosting_swi                 0x08000421   Thumb Code     2  use_no_semi.o(.text)
    App_TCBInitHook                          0x08000423   Thumb Code     2  app_hooks.o(i.App_TCBInitHook)
    __semihosting_library_function           0x08000423   Thumb Code     0  indicate_semi.o(.text)
    App_TaskCreateHook                       0x08000425   Thumb Code     2  app_hooks.o(i.App_TaskCreateHook)
    App_TaskDelHook                          0x08000427   Thumb Code     2  app_hooks.o(i.App_TaskDelHook)
    App_TaskIdleHook                         0x08000429   Thumb Code     2  app_hooks.o(i.App_TaskIdleHook)
    App_TaskReturnHook                       0x0800042b   Thumb Code     2  app_hooks.o(i.App_TaskReturnHook)
    App_TaskStatHook                         0x0800042d   Thumb Code     2  app_hooks.o(i.App_TaskStatHook)
    App_TaskSwHook                           0x0800042f   Thumb Code     2  app_hooks.o(i.App_TaskSwHook)
    App_TimeTickHook                         0x08000431   Thumb Code     2  app_hooks.o(i.App_TimeTickHook)
    BusFault_Handler                         0x08000433   Thumb Code     4  stm32f4xx_it.o(i.BusFault_Handler)
    DebugMon_Handler                         0x08000437   Thumb Code     2  stm32f4xx_it.o(i.DebugMon_Handler)
    GPIO_LED2int                             0x08000439   Thumb Code   154  led.o(i.GPIO_LED2int)
    HardFault_Handler                        0x080004dd   Thumb Code     4  stm32f4xx_it.o(i.HardFault_Handler)
    Main_Init                                0x080004e1   Thumb Code    84  main.o(i.Main_Init)
    MemManage_Handler                        0x08000541   Thumb Code     4  stm32f4xx_it.o(i.MemManage_Handler)
    NMI_Handler                              0x08000545   Thumb Code     2  stm32f4xx_it.o(i.NMI_Handler)
    OSEventNameSet                           0x08000549   Thumb Code   110  os_core.o(i.OSEventNameSet)
    OSInit                                   0x080005bd   Thumb Code    52  os_core.o(i.OSInit)
    OSInitHookBegin                          0x080005f1   Thumb Code    68  os_cpu_c.o(i.OSInitHookBegin)
    OSInitHookEnd                            0x0800064d   Thumb Code     2  os_cpu_c.o(i.OSInitHookEnd)
    OSIntEnter                               0x08000651   Thumb Code    28  os_core.o(i.OSIntEnter)
    OSIntExit                                0x08000675   Thumb Code   122  os_core.o(i.OSIntExit)
    OSSchedLock                              0x08000711   Thumb Code    60  os_core.o(i.OSSchedLock)
    OSSchedUnlock                            0x08000759   Thumb Code   100  os_core.o(i.OSSchedUnlock)
    OSSemCreate                              0x080007c9   Thumb Code    82  os_sem.o(i.OSSemCreate)
    OSSemPend                                0x08000829   Thumb Code   266  os_sem.o(i.OSSemPend)
    OSSemPost                                0x08000941   Thumb Code   112  os_sem.o(i.OSSemPost)
    OSStart                                  0x080009b1   Thumb Code    48  os_core.o(i.OSStart)
    OSTCBInitHook                            0x080009f9   Thumb Code    12  os_cpu_c.o(i.OSTCBInitHook)
    OSTaskCreate                             0x08000a05   Thumb Code   186  os_task.o(i.OSTaskCreate)
    OSTaskCreateExt                          0x08000acd   Thumb Code   206  os_task.o(i.OSTaskCreateExt)
    OSTaskCreateHook                         0x08000ba9   Thumb Code    12  os_cpu_c.o(i.OSTaskCreateHook)
    OSTaskDel                                0x08000bb5   Thumb Code   346  os_task.o(i.OSTaskDel)
    OSTaskDelHook                            0x08000d3d   Thumb Code    12  os_cpu_c.o(i.OSTaskDelHook)
    OSTaskIdleHook                           0x08000d49   Thumb Code     8  os_cpu_c.o(i.OSTaskIdleHook)
    OSTaskNameSet                            0x08000d51   Thumb Code   138  os_task.o(i.OSTaskNameSet)
    OSTaskReturnHook                         0x08000de9   Thumb Code    12  os_cpu_c.o(i.OSTaskReturnHook)
    OSTaskStatHook                           0x08000df5   Thumb Code     8  os_cpu_c.o(i.OSTaskStatHook)
    OSTaskStkChk                             0x08000dfd   Thumb Code   168  os_task.o(i.OSTaskStkChk)
    OSTaskStkInit                            0x08000ead   Thumb Code   446  os_cpu_c.o(i.OSTaskStkInit)
    OSTaskSuspend                            0x080010d9   Thumb Code   190  os_task.o(i.OSTaskSuspend)
    OSTaskSwHook                             0x080011a9   Thumb Code    28  os_cpu_c.o(i.OSTaskSwHook)
    OSTimeDly                                0x080011cd   Thumb Code   110  os_time.o(i.OSTimeDly)
    OSTimeTick                               0x08001251   Thumb Code   230  os_core.o(i.OSTimeTick)
    OSTimeTickHook                           0x08001351   Thumb Code    34  os_cpu_c.o(i.OSTimeTickHook)
    OSTmrSignal                              0x08001379   Thumb Code    16  os_tmr.o(i.OSTmrSignal)
    OSTmr_Init                               0x0800138d   Thumb Code   168  os_tmr.o(i.OSTmr_Init)
    OS_CPU_SysTickHandler                    0x08001611   Thumb Code    38  os_cpu_c.o(i.OS_CPU_SysTickHandler)
    OS_Dummy                                 0x08001637   Thumb Code     2  os_core.o(i.OS_Dummy)
    OS_EventTaskRdy                          0x08001639   Thumb Code   132  os_core.o(i.OS_EventTaskRdy)
    OS_EventTaskRemove                       0x080016cd   Thumb Code    46  os_core.o(i.OS_EventTaskRemove)
    OS_EventTaskRemoveMulti                  0x080016fb   Thumb Code    58  os_core.o(i.OS_EventTaskRemoveMulti)
    OS_EventTaskWait                         0x08001735   Thumb Code   112  os_core.o(i.OS_EventTaskWait)
    OS_EventWaitListInit                     0x080017b1   Thumb Code    28  os_core.o(i.OS_EventWaitListInit)
    OS_FlagInit                              0x080017cd   Thumb Code    74  os_flag.o(i.OS_FlagInit)
    OS_FlagUnlink                            0x08001825   Thumb Code    36  os_flag.o(i.OS_FlagUnlink)
    OS_MemClr                                0x08001a69   Thumb Code    18  os_core.o(i.OS_MemClr)
    OS_MemInit                               0x08001a7d   Thumb Code    74  os_mem.o(i.OS_MemInit)
    OS_QInit                                 0x08001ad5   Thumb Code    72  os_q.o(i.OS_QInit)
    OS_Sched                                 0x08001b25   Thumb Code    98  os_core.o(i.OS_Sched)
    OS_TCBInit                               0x08001bd1   Thumb Code   330  os_core.o(i.OS_TCBInit)
    OS_TaskIdle                              0x08001d39   Thumb Code    42  os_core.o(i.OS_TaskIdle)
    OS_TaskReturn                            0x08001d69   Thumb Code    18  os_task.o(i.OS_TaskReturn)
    OS_TaskStat                              0x08001d81   Thumb Code   218  os_core.o(i.OS_TaskStat)
    OS_TaskStatStkChk                        0x08001e71   Thumb Code    54  os_core.o(i.OS_TaskStatStkChk)
    OS_TaskStkClr                            0x08001ead   Thumb Code    26  os_task.o(i.OS_TaskStkClr)
    SVC_Handler                              0x08001ec7   Thumb Code     2  stm32f4xx_it.o(i.SVC_Handler)
    SystemInit                               0x08001ec9   Thumb Code    14  system_stm32f4xx.o(i.SystemInit)
    Task_LED0                                0x08001edd   Thumb Code    40  main.o(i.Task_LED0)
    Task_LED1                                0x08001f09   Thumb Code    40  main.o(i.Task_LED1)
    UsageFault_Handler                       0x08001f35   Thumb Code     4  stm32f4xx_it.o(i.UsageFault_Handler)
    ce                                       0x08001f39   Thumb Code     8  main.o(i.ce)
    main                                     0x08001f41   Thumb Code    58  main.o(i.main)
    _fp_init                                 0x08001f8d   Thumb Code    10  fpinit.o(x$fpl$fpinit)
    __fplib_config_fpu_vfp                   0x08001f95   Thumb Code     0  fpinit.o(x$fpl$fpinit)
    __fplib_config_pureend_doubles           0x08001f95   Thumb Code     0  fpinit.o(x$fpl$fpinit)
    OSUnMapTbl                               0x08001f96   Data         256  os_core.o(.constdata)
    Region$$Table$$Base                      0x08002098   Number         0  anon$$obj.o(Region$$Table)
    Region$$Table$$Limit                     0x080020b8   Number         0  anon$$obj.o(Region$$Table)
    OSCtxSwCtr                               0x20000000   Data           4  os_core.o(.data)
    OSEventFreeList                          0x20000004   Data           4  os_core.o(.data)
    OSFlagFreeList                           0x20000008   Data           4  os_core.o(.data)
    OSCPUUsage                               0x2000000c   Data           1  os_core.o(.data)
    OSIdleCtrMax                             0x20000010   Data           4  os_core.o(.data)
    OSIdleCtrRun                             0x20000014   Data           4  os_core.o(.data)
    OSStatRdy                                0x20000018   Data           1  os_core.o(.data)
    OSIntNesting                             0x20000019   Data           1  os_core.o(.data)
    OSLockNesting                            0x2000001a   Data           1  os_core.o(.data)
    OSPrioCur                                0x2000001b   Data           1  os_core.o(.data)
    OSPrioHighRdy                            0x2000001c   Data           1  os_core.o(.data)
    OSRdyGrp                                 0x2000001d   Data           1  os_core.o(.data)
    OSRdyTbl                                 0x2000001e   Data           8  os_core.o(.data)
    OSRunning                                0x20000026   Data           1  os_core.o(.data)
    OSTaskCtr                                0x20000027   Data           1  os_core.o(.data)
    OSIdleCtr                                0x20000028   Data           4  os_core.o(.data)
    OSTCBCur                                 0x2000002c   Data           4  os_core.o(.data)
    OSTCBFreeList                            0x20000030   Data           4  os_core.o(.data)
    OSTCBHighRdy                             0x20000034   Data           4  os_core.o(.data)
    OSTCBList                                0x20000038   Data           4  os_core.o(.data)
    OSTickStepState                          0x2000003c   Data           1  os_core.o(.data)
    OSMemFreeList                            0x20000040   Data           4  os_core.o(.data)
    OSQFreeList                              0x20000044   Data           4  os_core.o(.data)
    OSTaskRegNextAvailID                     0x20000048   Data           1  os_core.o(.data)
    OSTime                                   0x2000004c   Data           4  os_core.o(.data)
    OSTmrFree                                0x20000050   Data           2  os_core.o(.data)
    OSTmrUsed                                0x20000052   Data           2  os_core.o(.data)
    OSTmrTime                                0x20000054   Data           4  os_core.o(.data)
    OSTmrSem                                 0x20000058   Data           4  os_core.o(.data)
    OSTmrSemSignal                           0x2000005c   Data           4  os_core.o(.data)
    OSTmrFreeList                            0x20000060   Data           4  os_core.o(.data)
    OS_CPU_ExceptStkBase                     0x20000064   Data           4  os_cpu_c.o(.data)
    OS_KA_BASEPRI_Boundary                   0x2000006c   Data           4  os_cpu_c.o(.data)
    SystemCoreClock                          0x20000070   Data           4  system_stm32f4xx.o(.data)
    OSEventTbl                               0x20000074   Data         240  os_core.o(.bss)
    OSFlagTbl                                0x20000164   Data          80  os_core.o(.bss)
    OSTaskStatStk                            0x200001b4   Data         512  os_core.o(.bss)
    OSTaskIdleStk                            0x200003b4   Data         512  os_core.o(.bss)
    OSTCBPrioTbl                             0x200005b4   Data         256  os_core.o(.bss)
    OSTCBTbl                                 0x200006b4   Data        2024  os_core.o(.bss)
    OSMemTbl                                 0x20000e9c   Data         120  os_core.o(.bss)
    OSQTbl                                   0x20000f14   Data          96  os_core.o(.bss)
    OSTmrTbl                                 0x20000f74   Data         640  os_core.o(.bss)
    OSTmrTaskStk                             0x200011f4   Data         512  os_core.o(.bss)
    OSTmrWheelTbl                            0x200013f4   Data          56  os_core.o(.bss)
    LED0_TASK_STK                            0x2000142c   Data        1024  main.o(.bss)
    LED1_TASK_STK                            0x2000182c   Data        1024  main.o(.bss)
    OS_CPU_ExceptStk                         0x20001c2c   Data        1024  os_cpu_c.o(.bss)
    __libspace_start                         0x2000202c   Data          96  libspace.o(.bss)
    __temporary_stack_top$libspace           0x2000208c   Data           0  libspace.o(.bss)



==============================================================================

Memory Map of the image

  Image Entry point : 0x08000195

  Load Region LR_IROM1 (Base: 0x08000000, Size: 0x0000212c, Max: 0x00080000, ABSOLUTE)

    Execution Region ER_IROM1 (Exec base: 0x08000000, Load base: 0x08000000, Size: 0x000020b8, Max: 0x00080000, ABSOLUTE)

    Exec Addr    Load Addr    Size         Type   Attr      Idx    E Section Name        Object

    0x08000000   0x08000000   0x00000194   Data   RO         1211    RESET               startup_stm32f401xe.o
    0x08000194   0x08000194   0x00000008   Code   RO         1257  * !!!main             c_w.l(__main.o)
    0x0800019c   0x0800019c   0x00000034   Code   RO         1414    !!!scatter          c_w.l(__scatter.o)
    0x080001d0   0x080001d0   0x0000001a   Code   RO         1416    !!handler_copy      c_w.l(__scatter_copy.o)
    0x080001ea   0x080001ea   0x00000002   PAD
    0x080001ec   0x080001ec   0x0000001c   Code   RO         1418    !!handler_zi        c_w.l(__scatter_zi.o)
    0x08000208   0x08000208   0x00000002   Code   RO         1284    .ARM.Collect$$libinit$$00000000  c_w.l(libinit.o)
    0x0800020a   0x0800020a   0x00000004   Code   RO         1290    .ARM.Collect$$libinit$$00000001  c_w.l(libinit2.o)
    0x0800020e   0x0800020e   0x00000000   Code   RO         1293    .ARM.Collect$$libinit$$00000004  c_w.l(libinit2.o)
    0x0800020e   0x0800020e   0x00000000   Code   RO         1296    .ARM.Collect$$libinit$$0000000A  c_w.l(libinit2.o)
    0x0800020e   0x0800020e   0x00000000   Code   RO         1298    .ARM.Collect$$libinit$$0000000C  c_w.l(libinit2.o)
    0x0800020e   0x0800020e   0x00000000   Code   RO         1300    .ARM.Collect$$libinit$$0000000E  c_w.l(libinit2.o)
    0x0800020e   0x0800020e   0x00000000   Code   RO         1303    .ARM.Collect$$libinit$$00000011  c_w.l(libinit2.o)
    0x0800020e   0x0800020e   0x00000000   Code   RO         1305    .ARM.Collect$$libinit$$00000013  c_w.l(libinit2.o)
    0x0800020e   0x0800020e   0x00000000   Code   RO         1307    .ARM.Collect$$libinit$$00000015  c_w.l(libinit2.o)
    0x0800020e   0x0800020e   0x00000000   Code   RO         1309    .ARM.Collect$$libinit$$00000017  c_w.l(libinit2.o)
    0x0800020e   0x0800020e   0x00000000   Code   RO         1311    .ARM.Collect$$libinit$$00000019  c_w.l(libinit2.o)
    0x0800020e   0x0800020e   0x00000000   Code   RO         1313    .ARM.Collect$$libinit$$0000001B  c_w.l(libinit2.o)
    0x0800020e   0x0800020e   0x00000000   Code   RO         1315    .ARM.Collect$$libinit$$0000001D  c_w.l(libinit2.o)
    0x0800020e   0x0800020e   0x00000000   Code   RO         1317    .ARM.Collect$$libinit$$0000001F  c_w.l(libinit2.o)
    0x0800020e   0x0800020e   0x00000000   Code   RO         1319    .ARM.Collect$$libinit$$00000021  c_w.l(libinit2.o)
    0x0800020e   0x0800020e   0x00000000   Code   RO         1321    .ARM.Collect$$libinit$$00000023  c_w.l(libinit2.o)
    0x0800020e   0x0800020e   0x00000000   Code   RO         1323    .ARM.Collect$$libinit$$00000025  c_w.l(libinit2.o)
    0x0800020e   0x0800020e   0x00000000   Code   RO         1327    .ARM.Collect$$libinit$$0000002C  c_w.l(libinit2.o)
    0x0800020e   0x0800020e   0x00000000   Code   RO         1329    .ARM.Collect$$libinit$$0000002E  c_w.l(libinit2.o)
    0x0800020e   0x0800020e   0x00000000   Code   RO         1331    .ARM.Collect$$libinit$$00000030  c_w.l(libinit2.o)
    0x0800020e   0x0800020e   0x00000000   Code   RO         1333    .ARM.Collect$$libinit$$00000032  c_w.l(libinit2.o)
    0x0800020e   0x0800020e   0x00000002   Code   RO         1334    .ARM.Collect$$libinit$$00000033  c_w.l(libinit2.o)
    0x08000210   0x08000210   0x00000002   Code   RO         1354    .ARM.Collect$$libshutdown$$00000000  c_w.l(libshutdown.o)
    0x08000212   0x08000212   0x00000000   Code   RO         1367    .ARM.Collect$$libshutdown$$00000002  c_w.l(libshutdown2.o)
    0x08000212   0x08000212   0x00000000   Code   RO         1369    .ARM.Collect$$libshutdown$$00000004  c_w.l(libshutdown2.o)
    0x08000212   0x08000212   0x00000000   Code   RO         1372    .ARM.Collect$$libshutdown$$00000007  c_w.l(libshutdown2.o)
    0x08000212   0x08000212   0x00000000   Code   RO         1375    .ARM.Collect$$libshutdown$$0000000A  c_w.l(libshutdown2.o)
    0x08000212   0x08000212   0x00000000   Code   RO         1377    .ARM.Collect$$libshutdown$$0000000C  c_w.l(libshutdown2.o)
    0x08000212   0x08000212   0x00000000   Code   RO         1380    .ARM.Collect$$libshutdown$$0000000F  c_w.l(libshutdown2.o)
    0x08000212   0x08000212   0x00000002   Code   RO         1381    .ARM.Collect$$libshutdown$$00000010  c_w.l(libshutdown2.o)
    0x08000214   0x08000214   0x00000000   Code   RO         1259    .ARM.Collect$$rtentry$$00000000  c_w.l(__rtentry.o)
    0x08000214   0x08000214   0x00000000   Code   RO         1261    .ARM.Collect$$rtentry$$00000002  c_w.l(__rtentry2.o)
    0x08000214   0x08000214   0x00000006   Code   RO         1273    .ARM.Collect$$rtentry$$00000004  c_w.l(__rtentry4.o)
    0x0800021a   0x0800021a   0x00000000   Code   RO         1263    .ARM.Collect$$rtentry$$00000009  c_w.l(__rtentry2.o)
    0x0800021a   0x0800021a   0x00000004   Code   RO         1264    .ARM.Collect$$rtentry$$0000000A  c_w.l(__rtentry2.o)
    0x0800021e   0x0800021e   0x00000000   Code   RO         1266    .ARM.Collect$$rtentry$$0000000C  c_w.l(__rtentry2.o)
    0x0800021e   0x0800021e   0x00000008   Code   RO         1267    .ARM.Collect$$rtentry$$0000000D  c_w.l(__rtentry2.o)
    0x08000226   0x08000226   0x00000002   Code   RO         1288    .ARM.Collect$$rtexit$$00000000  c_w.l(rtexit.o)
    0x08000228   0x08000228   0x00000000   Code   RO         1336    .ARM.Collect$$rtexit$$00000002  c_w.l(rtexit2.o)
    0x08000228   0x08000228   0x00000004   Code   RO         1337    .ARM.Collect$$rtexit$$00000003  c_w.l(rtexit2.o)
    0x0800022c   0x0800022c   0x00000006   Code   RO         1338    .ARM.Collect$$rtexit$$00000004  c_w.l(rtexit2.o)
    0x08000232   0x08000232   0x00000002   PAD
    0x08000234   0x08000234   0x00000134   Code   RO         1012    .text               os_cpu_a.o
    0x08000368   0x08000368   0x00000040   Code   RO         1212    .text               startup_stm32f401xe.o
    0x080003a8   0x080003a8   0x00000006   Code   RO         1255    .text               c_w.l(heapauxi.o)
    0x080003ae   0x080003ae   0x0000004a   Code   RO         1275    .text               c_w.l(sys_stackheap_outer.o)
    0x080003f8   0x080003f8   0x00000012   Code   RO         1277    .text               c_w.l(exit.o)
    0x0800040a   0x0800040a   0x00000002   PAD
    0x0800040c   0x0800040c   0x00000008   Code   RO         1285    .text               c_w.l(libspace.o)
    0x08000414   0x08000414   0x0000000c   Code   RO         1346    .text               c_w.l(sys_exit.o)
    0x08000420   0x08000420   0x00000002   Code   RO         1357    .text               c_w.l(use_no_semi.o)
    0x08000422   0x08000422   0x00000000   Code   RO         1359    .text               c_w.l(indicate_semi.o)
    0x08000422   0x08000422   0x00000002   Code   RO         1116    i.App_TCBInitHook   app_hooks.o
    0x08000424   0x08000424   0x00000002   Code   RO         1117    i.App_TaskCreateHook  app_hooks.o
    0x08000426   0x08000426   0x00000002   Code   RO         1118    i.App_TaskDelHook   app_hooks.o
    0x08000428   0x08000428   0x00000002   Code   RO         1119    i.App_TaskIdleHook  app_hooks.o
    0x0800042a   0x0800042a   0x00000002   Code   RO         1120    i.App_TaskReturnHook  app_hooks.o
    0x0800042c   0x0800042c   0x00000002   Code   RO         1121    i.App_TaskStatHook  app_hooks.o
    0x0800042e   0x0800042e   0x00000002   Code   RO         1122    i.App_TaskSwHook    app_hooks.o
    0x08000430   0x08000430   0x00000002   Code   RO         1123    i.App_TimeTickHook  app_hooks.o
    0x08000432   0x08000432   0x00000004   Code   RO          904    i.BusFault_Handler  stm32f4xx_it.o
    0x08000436   0x08000436   0x00000002   Code   RO          905    i.DebugMon_Handler  stm32f4xx_it.o
    0x08000438   0x08000438   0x000000a4   Code   RO         1176    i.GPIO_LED2int      led.o
    0x080004dc   0x080004dc   0x00000004   Code   RO          906    i.HardFault_Handler  stm32f4xx_it.o
    0x080004e0   0x080004e0   0x00000060   Code   RO          826    i.Main_Init         main.o
    0x08000540   0x08000540   0x00000004   Code   RO          907    i.MemManage_Handler  stm32f4xx_it.o
    0x08000544   0x08000544   0x00000002   Code   RO          908    i.NMI_Handler       stm32f4xx_it.o
    0x08000546   0x08000546   0x00000002   PAD
    0x08000548   0x08000548   0x00000074   Code   RO            2    i.OSEventNameSet    os_core.o
    0x080005bc   0x080005bc   0x00000034   Code   RO            4    i.OSInit            os_core.o
    0x080005f0   0x080005f0   0x0000005c   Code   RO         1015    i.OSInitHookBegin   os_cpu_c.o
    0x0800064c   0x0800064c   0x00000002   Code   RO         1016    i.OSInitHookEnd     os_cpu_c.o
    0x0800064e   0x0800064e   0x00000002   PAD
    0x08000650   0x08000650   0x00000024   Code   RO            5    i.OSIntEnter        os_core.o
    0x08000674   0x08000674   0x0000009c   Code   RO            6    i.OSIntExit         os_core.o
    0x08000710   0x08000710   0x00000048   Code   RO            7    i.OSSchedLock       os_core.o
    0x08000758   0x08000758   0x00000070   Code   RO            8    i.OSSchedUnlock     os_core.o
    0x080007c8   0x080007c8   0x00000060   Code   RO          542    i.OSSemCreate       os_sem.o
    0x08000828   0x08000828   0x00000118   Code   RO          544    i.OSSemPend         os_sem.o
    0x08000940   0x08000940   0x00000070   Code   RO          546    i.OSSemPost         os_sem.o
    0x080009b0   0x080009b0   0x00000048   Code   RO            9    i.OSStart           os_core.o
    0x080009f8   0x080009f8   0x0000000c   Code   RO         1017    i.OSTCBInitHook     os_cpu_c.o
    0x08000a04   0x08000a04   0x000000c8   Code   RO          596    i.OSTaskCreate      os_task.o
    0x08000acc   0x08000acc   0x000000dc   Code   RO          597    i.OSTaskCreateExt   os_task.o
    0x08000ba8   0x08000ba8   0x0000000c   Code   RO         1018    i.OSTaskCreateHook  os_cpu_c.o
    0x08000bb4   0x08000bb4   0x00000188   Code   RO          598    i.OSTaskDel         os_task.o
    0x08000d3c   0x08000d3c   0x0000000c   Code   RO         1019    i.OSTaskDelHook     os_cpu_c.o
    0x08000d48   0x08000d48   0x00000008   Code   RO         1020    i.OSTaskIdleHook    os_cpu_c.o
    0x08000d50   0x08000d50   0x00000098   Code   RO          601    i.OSTaskNameSet     os_task.o
    0x08000de8   0x08000de8   0x0000000c   Code   RO         1021    i.OSTaskReturnHook  os_cpu_c.o
    0x08000df4   0x08000df4   0x00000008   Code   RO         1022    i.OSTaskStatHook    os_cpu_c.o
    0x08000dfc   0x08000dfc   0x000000b0   Code   RO          607    i.OSTaskStkChk      os_task.o
    0x08000eac   0x08000eac   0x0000022c   Code   RO         1023    i.OSTaskStkInit     os_cpu_c.o
    0x080010d8   0x080010d8   0x000000d0   Code   RO          608    i.OSTaskSuspend     os_task.o
    0x080011a8   0x080011a8   0x00000024   Code   RO         1024    i.OSTaskSwHook      os_cpu_c.o
    0x080011cc   0x080011cc   0x00000084   Code   RO          697    i.OSTimeDly         os_time.o
    0x08001250   0x08001250   0x00000100   Code   RO           11    i.OSTimeTick        os_core.o
    0x08001350   0x08001350   0x00000028   Code   RO         1025    i.OSTimeTickHook    os_cpu_c.o
    0x08001378   0x08001378   0x00000014   Code   RO          737    i.OSTmrSignal       os_tmr.o
    0x0800138c   0x0800138c   0x000000f4   Code   RO          743    i.OSTmr_Init        os_tmr.o
    0x08001480   0x08001480   0x00000050   Code   RO          744    i.OSTmr_InitTask    os_tmr.o
    0x080014d0   0x080014d0   0x00000074   Code   RO          745    i.OSTmr_Link        os_tmr.o
    0x08001544   0x08001544   0x00000084   Code   RO          746    i.OSTmr_Task        os_tmr.o
    0x080015c8   0x080015c8   0x00000048   Code   RO          747    i.OSTmr_Unlink      os_tmr.o
    0x08001610   0x08001610   0x00000026   Code   RO         1026    i.OS_CPU_SysTickHandler  os_cpu_c.o
    0x08001636   0x08001636   0x00000002   Code   RO           13    i.OS_Dummy          os_core.o
    0x08001638   0x08001638   0x00000094   Code   RO           14    i.OS_EventTaskRdy   os_core.o
    0x080016cc   0x080016cc   0x0000002e   Code   RO           15    i.OS_EventTaskRemove  os_core.o
    0x080016fa   0x080016fa   0x0000003a   Code   RO           16    i.OS_EventTaskRemoveMulti  os_core.o
    0x08001734   0x08001734   0x0000007c   Code   RO           17    i.OS_EventTaskWait  os_core.o
    0x080017b0   0x080017b0   0x0000001c   Code   RO           19    i.OS_EventWaitListInit  os_core.o
    0x080017cc   0x080017cc   0x00000058   Code   RO          244    i.OS_FlagInit       os_flag.o
    0x08001824   0x08001824   0x00000024   Code   RO          246    i.OS_FlagUnlink     os_flag.o
    0x08001848   0x08001848   0x00000060   Code   RO           20    i.OS_InitEventList  os_core.o
    0x080018a8   0x080018a8   0x0000005c   Code   RO           21    i.OS_InitMisc       os_core.o
    0x08001904   0x08001904   0x00000044   Code   RO           22    i.OS_InitRdyList    os_core.o
    0x08001948   0x08001948   0x00000080   Code   RO           23    i.OS_InitTCBList    os_core.o
    0x080019c8   0x080019c8   0x00000050   Code   RO           24    i.OS_InitTaskIdle   os_core.o
    0x08001a18   0x08001a18   0x00000050   Code   RO           25    i.OS_InitTaskStat   os_core.o
    0x08001a68   0x08001a68   0x00000012   Code   RO           26    i.OS_MemClr         os_core.o
    0x08001a7a   0x08001a7a   0x00000002   PAD
    0x08001a7c   0x08001a7c   0x00000058   Code   RO          380    i.OS_MemInit        os_mem.o
    0x08001ad4   0x08001ad4   0x00000050   Code   RO          479    i.OS_QInit          os_q.o
    0x08001b24   0x08001b24   0x00000080   Code   RO           28    i.OS_Sched          os_core.o
    0x08001ba4   0x08001ba4   0x0000002c   Code   RO           29    i.OS_SchedNew       os_core.o
    0x08001bd0   0x08001bd0   0x00000168   Code   RO           31    i.OS_TCBInit        os_core.o
    0x08001d38   0x08001d38   0x00000030   Code   RO           32    i.OS_TaskIdle       os_core.o
    0x08001d68   0x08001d68   0x00000018   Code   RO          609    i.OS_TaskReturn     os_task.o
    0x08001d80   0x08001d80   0x000000f0   Code   RO           33    i.OS_TaskStat       os_core.o
    0x08001e70   0x08001e70   0x0000003c   Code   RO           34    i.OS_TaskStatStkChk  os_core.o
    0x08001eac   0x08001eac   0x0000001a   Code   RO          610    i.OS_TaskStkClr     os_task.o
    0x08001ec6   0x08001ec6   0x00000002   Code   RO          909    i.SVC_Handler       stm32f4xx_it.o
    0x08001ec8   0x08001ec8   0x00000014   Code   RO         1220    i.SystemInit        system_stm32f4xx.o
    0x08001edc   0x08001edc   0x0000002c   Code   RO          827    i.Task_LED0         main.o
    0x08001f08   0x08001f08   0x0000002c   Code   RO          828    i.Task_LED1         main.o
    0x08001f34   0x08001f34   0x00000004   Code   RO          910    i.UsageFault_Handler  stm32f4xx_it.o
    0x08001f38   0x08001f38   0x00000008   Code   RO          829    i.ce                main.o
    0x08001f40   0x08001f40   0x0000004c   Code   RO          830    i.main              main.o
    0x08001f8c   0x08001f8c   0x0000000a   Code   RO         1344    x$fpl$fpinit        fz_wm.l(fpinit.o)
    0x08001f96   0x08001f96   0x00000100   Data   RO           36    .constdata          os_core.o
    0x08002096   0x08002096   0x00000002   PAD
    0x08002098   0x08002098   0x00000020   Data   RO         1412    Region$$Table       anon$$obj.o


    Execution Region RW_IRAM1 (Exec base: 0x20000000, Load base: 0x080020b8, Size: 0x00002690, Max: 0x00018000, ABSOLUTE)

    Exec Addr    Load Addr    Size         Type   Attr      Idx    E Section Name        Object

    0x20000000   0x080020b8   0x00000064   Data   RW           37    .data               os_core.o
    0x20000064   0x0800211c   0x0000000c   Data   RW         1030    .data               os_cpu_c.o
    0x20000070   0x08002128   0x00000004   Data   RW         1222    .data               system_stm32f4xx.o
    0x20000074        -       0x000013b8   Zero   RW           35    .bss                os_core.o
    0x2000142c        -       0x00000800   Zero   RW          831    .bss                main.o
    0x20001c2c        -       0x00000400   Zero   RW         1029    .bss                os_cpu_c.o
    0x2000202c        -       0x00000060   Zero   RW         1286    .bss                c_w.l(libspace.o)
    0x2000208c   0x0800212c   0x00000004   PAD
    0x20002090        -       0x00000200   Zero   RW         1210    HEAP                startup_stm32f401xe.o
    0x20002290        -       0x00000400   Zero   RW         1209    STACK               startup_stm32f401xe.o


==============================================================================

Image component sizes


      Code (inc. data)   RO Data    RW Data    ZI Data      Debug   Object Name

        16          0          0          0          0       3684   app_hooks.o
       164         10          0          0          0        495   led.o
       268         38          0          0       2048     341837   main.o
      2720        426        256        100       5048      27746   os_core.o
       308         34          0          0          0        336   os_cpu_a.o
       828        148          0         12       1024      16533   os_cpu_c.o
       124         14          0          0          0      10142   os_flag.o
        88         14          0          0          0        545   os_mem.o
        80          8          0          0          0        571   os_q.o
       488         28          0          0          0       2486   os_sem.o
      1398        120          0          0          0       6996   os_task.o
       132         22          0          0          0        640   os_time.o
       664        136          0          0          0       3919   os_tmr.o
        64         26        404          0       1536        876   startup_stm32f401xe.o
        22          0          0          0          0       3159   stm32f4xx_it.o
        20          6          0          4          0       1307   system_stm32f4xx.o

    ----------------------------------------------------------------------
      7390       1030        694        116       9656     421272   Object Totals
         0          0         32          0          0          0   (incl. Generated)
         6          0          2          0          0          0   (incl. Padding)

    ----------------------------------------------------------------------

      Code (inc. data)   RO Data    RW Data    ZI Data      Debug   Library Member Name

         8          0          0          0          0         68   __main.o
         0          0          0          0          0          0   __rtentry.o
        12          0          0          0          0          0   __rtentry2.o
         6          0          0          0          0          0   __rtentry4.o
        52          8          0          0          0          0   __scatter.o
        26          0          0          0          0          0   __scatter_copy.o
        28          0          0          0          0          0   __scatter_zi.o
        18          0          0          0          0         80   exit.o
         6          0          0          0          0        152   heapauxi.o
         0          0          0          0          0          0   indicate_semi.o
         2          0          0          0          0          0   libinit.o
         6          0          0          0          0          0   libinit2.o
         2          0          0          0          0          0   libshutdown.o
         2          0          0          0          0          0   libshutdown2.o
         8          4          0          0         96         68   libspace.o
         2          0          0          0          0          0   rtexit.o
        10          0          0          0          0          0   rtexit2.o
        12          4          0          0          0         68   sys_exit.o
        74          0          0          0          0         80   sys_stackheap_outer.o
         2          0          0          0          0         68   use_no_semi.o
        10          0          0          0          0        116   fpinit.o

    ----------------------------------------------------------------------
       292         16          0          0        100        700   Library Totals
         6          0          0          0          4          0   (incl. Padding)

    ----------------------------------------------------------------------

      Code (inc. data)   RO Data    RW Data    ZI Data      Debug   Library Name

       276         16          0          0         96        584   c_w.l
        10          0          0          0          0        116   fz_wm.l

    ----------------------------------------------------------------------
       292         16          0          0        100        700   Library Totals

    ----------------------------------------------------------------------

==============================================================================


      Code (inc. data)   RO Data    RW Data    ZI Data      Debug   

      7682       1046        694        116       9756     414116   Grand Totals
      7682       1046        694        116       9756     414116   ELF Image Totals
      7682       1046        694        116          0          0   ROM Totals

==============================================================================

    Total RO  Size (Code + RO Data)                 8376 (   8.18kB)
    Total RW  Size (RW Data + ZI Data)              9872 (   9.64kB)
    Total ROM Size (Code + RO Data + RW Data)       8492 (   8.29kB)

==============================================================================

